Component: ARM Compiler 6.16 Tool: armlink [5dfeaa00]

==============================================================================

Section Cross References

    adc.o(.ARM.exidx.text.adc_init) refers to adc.o(.text.adc_init) for [Anonymous Symbol]
    lcd_config.o(.text.LCD_command) refers to lcd_config.o(.text.delayUs) for delayUs
    lcd_config.o(.text.LCD_command) refers to lcd_config.o(.text.delayMs) for delayMs
    lcd_config.o(.ARM.exidx.text.LCD_command) refers to lcd_config.o(.text.LCD_command) for [Anonymous Symbol]
    lcd_config.o(.ARM.exidx.text.delayUs) refers to lcd_config.o(.text.delayUs) for [Anonymous Symbol]
    lcd_config.o(.ARM.exidx.text.delayMs) refers to lcd_config.o(.text.delayMs) for [Anonymous Symbol]
    lcd_config.o(.text.LCD_start) refers to lcd_config.o(.text.delayMs) for delayMs
    lcd_config.o(.text.LCD_start) refers to lcd_config.o(.text.LCD_command) for LCD_command
    lcd_config.o(.text.LCD_start) refers to lcd_config.o(.text.delayUs) for delayUs
    lcd_config.o(.ARM.exidx.text.LCD_start) refers to lcd_config.o(.text.LCD_start) for [Anonymous Symbol]
    lcd_config.o(.text.LCD_data) refers to lcd_config.o(.text.delayUs) for delayUs
    lcd_config.o(.text.LCD_data) refers to lcd_config.o(.text.delayMs) for delayMs
    lcd_config.o(.ARM.exidx.text.LCD_data) refers to lcd_config.o(.text.LCD_data) for [Anonymous Symbol]
    lcd_config.o(.text.LCD_clear) refers to lcd_config.o(.text.LCD_command) for LCD_command
    lcd_config.o(.ARM.exidx.text.LCD_clear) refers to lcd_config.o(.text.LCD_clear) for [Anonymous Symbol]
    lcd_config.o(.text.LCD_line) refers to lcd_config.o(.text.LCD_command) for LCD_command
    lcd_config.o(.ARM.exidx.text.LCD_line) refers to lcd_config.o(.text.LCD_line) for [Anonymous Symbol]
    lcd_config.o(.text.LCD_display) refers to lcd_config.o(.text.LCD_data) for LCD_data
    lcd_config.o(.text.LCD_display) refers to strlen.o(.text) for strlen
    lcd_config.o(.ARM.exidx.text.LCD_display) refers to lcd_config.o(.text.LCD_display) for [Anonymous Symbol]
    lcd_config.o(.text.toString) refers to aeabi_memset.o(.text) for __aeabi_memset
    lcd_config.o(.ARM.exidx.text.toString) refers to lcd_config.o(.text.toString) for [Anonymous Symbol]
    lcd_config.o(.ARM.exidx.text.printchar) refers to lcd_config.o(.text.printchar) for [Anonymous Symbol]
    lcd_config.o(.text.print) refers to lcd_config.o(.text.printchar) for printchar
    lcd_config.o(.ARM.exidx.text.print) refers to lcd_config.o(.text.print) for [Anonymous Symbol]
    main.o(.text.main_task) refers to adc.o(.text.adc_init) for adc_init
    main.o(.text.main_task) refers to main.o(.bss.xAlarmQueue) for xAlarmQueue
    main.o(.text.main_task) refers to main.o(.bss.xUARTQueue) for xUARTQueue
    main.o(.text.main_task) refers to queue.o(.text.xQueueReceive) for xQueueReceive
    main.o(.text.main_task) refers to lcd_config.o(.text.toString) for toString
    main.o(.text.main_task) refers to main.o(.bss.xLCDQueue) for xLCDQueue
    main.o(.text.main_task) refers to queue.o(.text.xQueueGenericSend) for xQueueGenericSend
    main.o(.text.main_task) refers to tasks.o(.text.vTaskDelay) for vTaskDelay
    main.o(.ARM.exidx.text.main_task) refers to main.o(.text.main_task) for [Anonymous Symbol]
    main.o(.text.UART_task) refers to main.o(.bss.xUARTQueue) for xUARTQueue
    main.o(.text.UART_task) refers to lcd_config.o(.text.print) for print
    main.o(.text.UART_task) refers to queue.o(.text.xQueueGenericSend) for xQueueGenericSend
    main.o(.text.UART_task) refers to lcd_config.o(.text.printchar) for printchar
    main.o(.ARM.exidx.text.UART_task) refers to main.o(.text.UART_task) for [Anonymous Symbol]
    main.o(.text.LCD_task) refers to lcd_config.o(.text.LCD_clear) for LCD_clear
    main.o(.text.LCD_task) refers to main.o(.bss.xLCDQueue) for xLCDQueue
    main.o(.text.LCD_task) refers to main.o(.rodata.str1.1) for .L.str.3
    main.o(.text.LCD_task) refers to queue.o(.text.xQueueReceive) for xQueueReceive
    main.o(.text.LCD_task) refers to lcd_config.o(.text.LCD_line) for LCD_line
    main.o(.text.LCD_task) refers to lcd_config.o(.text.LCD_display) for LCD_display
    main.o(.ARM.exidx.text.LCD_task) refers to main.o(.text.LCD_task) for [Anonymous Symbol]
    main.o(.text.ALARM_task) refers to main.o(.bss.xAlarmQueue) for xAlarmQueue
    main.o(.text.ALARM_task) refers to queue.o(.text.xQueueReceive) for xQueueReceive
    main.o(.ARM.exidx.text.ALARM_task) refers to main.o(.text.ALARM_task) for [Anonymous Symbol]
    main.o(.text.main) refers to queue.o(.text.xQueueGenericCreate) for xQueueGenericCreate
    main.o(.text.main) refers to main.o(.bss.xUARTQueue) for xUARTQueue
    main.o(.text.main) refers to main.o(.bss.xLCDQueue) for xLCDQueue
    main.o(.text.main) refers to main.o(.bss.xAlarmQueue) for xAlarmQueue
    main.o(.text.main) refers to dio.o(.text.GPIO_init) for GPIO_init
[...]
    [Anonymous Symbol]                       0x00000ce4   Section        0  eventrecorder.o(.text.LockRecord)
    LockTS_Overflow                          0x00000d09   Thumb Code    10  eventrecorder.o(.text.LockTS_Overflow)
    [Anonymous Symbol]                       0x00000d08   Section        0  eventrecorder.o(.text.LockTS_Overflow)
    [Anonymous Symbol]                       0x00000d20   Section        0  port.o(.text.PendSV_Handler)
    pxCurrentTCBConst                        0x00000d80   Number         0  port.o(.text.PendSV_Handler)
    [Anonymous Symbol]                       0x00000d90   Section        0  port.o(.text.SVC_Handler)
    pxCurrentTCBConst2                       0x00000db0   Number         0  port.o(.text.SVC_Handler)
    [Anonymous Symbol]                       0x00000db4   Section        0  port.o(.text.SysTick_Handler)
    [Anonymous Symbol]                       0x00000de4   Section        0  system_tm4c123.o(.text.SystemInit)
    [Anonymous Symbol]                       0x00000e54   Section        0  main.o(.text.UART_task)
    UnlockRecord                             0x00000ef1   Thumb Code    32  eventrecorder.o(.text.UnlockRecord)
    [Anonymous Symbol]                       0x00000ef0   Section        0  eventrecorder.o(.text.UnlockRecord)
    UnlockTS_Overflow                        0x00000f11   Thumb Code    10  eventrecorder.o(.text.UnlockTS_Overflow)
    [Anonymous Symbol]                       0x00000f10   Section        0  eventrecorder.o(.text.UnlockTS_Overflow)
    UpdateTS                                 0x00000f1d   Thumb Code     8  eventrecorder.o(.text.UpdateTS)
    [Anonymous Symbol]                       0x00000f1c   Section        0  eventrecorder.o(.text.UpdateTS)
    [Anonymous Symbol]                       0x00000f24   Section        0  adc.o(.text.adc_init)
    atomic_inc32                             0x00000f99   Thumb Code    18  eventrecorder.o(.text.atomic_inc32)
    [Anonymous Symbol]                       0x00000f98   Section        0  eventrecorder.o(.text.atomic_inc32)
    atomic_inc8                              0x00000fad   Thumb Code    28  eventrecorder.o(.text.atomic_inc8)
    [Anonymous Symbol]                       0x00000fac   Section        0  eventrecorder.o(.text.atomic_inc8)
    atomic_wr32                              0x00000fc9   Thumb Code    28  eventrecorder.o(.text.atomic_wr32)
    [Anonymous Symbol]                       0x00000fc8   Section        0  eventrecorder.o(.text.atomic_wr32)
    atomic_wr8                               0x00000fe5   Thumb Code    24  eventrecorder.o(.text.atomic_wr8)
    [Anonymous Symbol]                       0x00000fe4   Section        0  eventrecorder.o(.text.atomic_wr8)
    [Anonymous Symbol]                       0x00000ffc   Section        0  lcd_config.o(.text.delayMs)
    [Anonymous Symbol]                       0x00001044   Section        0  lcd_config.o(.text.delayUs)
    [Anonymous Symbol]                       0x00001074   Section        0  tasks.o(.text.eTaskConfirmSleepModeStatus)
    [Anonymous Symbol]                       0x000010bc   Section        0  main.o(.text.main)
    [Anonymous Symbol]                       0x000011b0   Section        0  main.o(.text.main_task)
    [Anonymous Symbol]                       0x0000129c   Section        0  lcd_config.o(.text.print)
    [Anonymous Symbol]                       0x000012b8   Section        0  lcd_config.o(.text.printchar)
    prvAddCurrentTaskToDelayedList           0x000012cd   Thumb Code   198  tasks.o(.text.prvAddCurrentTaskToDelayedList)
    [Anonymous Symbol]                       0x000012cc   Section        0  tasks.o(.text.prvAddCurrentTaskToDelayedList)
    prvAddNewTaskToReadyList                 0x00001395   Thumb Code   224  tasks.o(.text.prvAddNewTaskToReadyList)
    [Anonymous Symbol]                       0x00001394   Section        0  tasks.o(.text.prvAddNewTaskToReadyList)
    prvCheckForValidListAndQueue             0x00001475   Thumb Code    90  timers.o(.text.prvCheckForValidListAndQueue)
    [Anonymous Symbol]                       0x00001474   Section        0  timers.o(.text.prvCheckForValidListAndQueue)
    prvCheckTasksWaitingTermination          0x000014d1   Thumb Code    78  tasks.o(.text.prvCheckTasksWaitingTermination)
    [Anonymous Symbol]                       0x000014d0   Section        0  tasks.o(.text.prvCheckTasksWaitingTermination)
    prvCopyDataFromQueue                     0x00001521   Thumb Code    38  queue.o(.text.prvCopyDataFromQueue)
    [Anonymous Symbol]                       0x00001520   Section        0  queue.o(.text.prvCopyDataFromQueue)
    prvCopyDataToQueue                       0x00001549   Thumb Code   122  queue.o(.text.prvCopyDataToQueue)
    [Anonymous Symbol]                       0x00001548   Section        0  queue.o(.text.prvCopyDataToQueue)
    prvDeleteTCB                             0x000015c5   Thumb Code    18  tasks.o(.text.prvDeleteTCB)
    [Anonymous Symbol]                       0x000015c4   Section        0  tasks.o(.text.prvDeleteTCB)
    prvGetExpectedIdleTime                   0x000015d9   Thumb Code    68  tasks.o(.text.prvGetExpectedIdleTime)
    [Anonymous Symbol]                       0x000015d8   Section        0  tasks.o(.text.prvGetExpectedIdleTime)
    prvGetNextExpireTime                     0x0000161d   Thumb Code    32  timers.o(.text.prvGetNextExpireTime)
    [Anonymous Symbol]                       0x0000161c   Section        0  timers.o(.text.prvGetNextExpireTime)
    prvIdleTask                              0x0000163d   Thumb Code   130  tasks.o(.text.prvIdleTask)
    [Anonymous Symbol]                       0x0000163c   Section        0  tasks.o(.text.prvIdleTask)
    prvInitialiseNewQueue                    0x000016c1   Thumb Code    42  queue.o(.text.prvInitialiseNewQueue)
    [Anonymous Symbol]                       0x000016c0   Section        0  queue.o(.text.prvInitialiseNewQueue)
    prvInitialiseNewTask                     0x000016ed   Thumb Code   170  tasks.o(.text.prvInitialiseNewTask)
    [Anonymous Symbol]                       0x000016ec   Section        0  tasks.o(.text.prvInitialiseNewTask)
    prvInitialiseTaskLists                   0x00001799   Thumb Code   110  tasks.o(.text.prvInitialiseTaskLists)
    [Anonymous Symbol]                       0x00001798   Section        0  tasks.o(.text.prvInitialiseTaskLists)
    prvInsertTimerInActiveList               0x00001809   Thumb Code    64  timers.o(.text.prvInsertTimerInActiveList)
    [Anonymous Symbol]                       0x00001808   Section        0  timers.o(.text.prvInsertTimerInActiveList)
    prvIsQueueEmpty                          0x00001849   Thumb Code    24  queue.o(.text.prvIsQueueEmpty)
    [Anonymous Symbol]                       0x00001848   Section        0  queue.o(.text.prvIsQueueEmpty)
    prvIsQueueFull                           0x00001861   Thumb Code    28  queue.o(.text.prvIsQueueFull)
    [Anonymous Symbol]                       0x00001860   Section        0  queue.o(.text.prvIsQueueFull)
    prvNotifyQueueSetContainer               0x0000187d   Thumb Code   150  queue.o(.text.prvNotifyQueueSetContainer)
    [Anonymous Symbol]                       0x0000187c   Section        0  queue.o(.text.prvNotifyQueueSetContainer)
    prvPortStartFirstTask                    0x00001915   Thumb Code    40  port.o(.text.prvPortStartFirstTask)
    [Anonymous Symbol]                       0x00001914   Section        0  port.o(.text.prvPortStartFirstTask)
    prvProcessExpiredTimer                   0x0000193d   Thumb Code    68  timers.o(.text.prvProcessExpiredTimer)
    [Anonymous Symbol]                       0x0000193c   Section        0  timers.o(.text.prvProcessExpiredTimer)
    prvProcessReceivedCommands               0x00001981   Thumb Code   290  timers.o(.text.prvProcessReceivedCommands)
    [Anonymous Symbol]                       0x00001980   Section        0  timers.o(.text.prvProcessReceivedCommands)
    prvProcessTimerOrBlockTask               0x00001aa5   Thumb Code   128  timers.o(.text.prvProcessTimerOrBlockTask)
    [Anonymous Symbol]                       0x00001aa4   Section        0  timers.o(.text.prvProcessTimerOrBlockTask)
    prvReloadTimer                           0x00001b25   Thumb Code    64  timers.o(.text.prvReloadTimer)
    [Anonymous Symbol]                       0x00001b24   Section        0  timers.o(.text.prvReloadTimer)
    prvResetNextTaskUnblockTime              0x00001b65   Thumb Code    38  tasks.o(.text.prvResetNextTaskUnblockTime)
    [Anonymous Symbol]                       0x00001b64   Section        0  tasks.o(.text.prvResetNextTaskUnblockTime)
    prvSampleTimeNow                         0x00001b8d   Thumb Code    42  timers.o(.text.prvSampleTimeNow)
    [Anonymous Symbol]                       0x00001b8c   Section        0  timers.o(.text.prvSampleTimeNow)
    prvSwitchTimerLists                      0x00001bb9   Thumb Code    52  timers.o(.text.prvSwitchTimerLists)
    [Anonymous Symbol]                       0x00001bb8   Section        0  timers.o(.text.prvSwitchTimerLists)
    prvTaskExitError                         0x00001bed   Thumb Code    50  port.o(.text.prvTaskExitError)
    [Anonymous Symbol]                       0x00001bec   Section        0  port.o(.text.prvTaskExitError)
    prvTimerTask                             0x00001c21   Thumb Code    22  timers.o(.text.prvTimerTask)
    [Anonymous Symbol]                       0x00001c20   Section        0  timers.o(.text.prvTimerTask)
    prvUnlockQueue                           0x00001c39   Thumb Code   134  queue.o(.text.prvUnlockQueue)
    [Anonymous Symbol]                       0x00001c38   Section        0  queue.o(.text.prvUnlockQueue)
    [Anonymous Symbol]                       0x00001cc0   Section        0  heap_1.o(.text.pvPortMalloc)
    [Anonymous Symbol]                       0x00001d34   Section        0  port.o(.text.pxPortInitialiseStack)
    [Anonymous Symbol]                       0x00001d5c   Section        0  lcd_config.o(.text.toString)
    [Anonymous Symbol]                       0x00001dc8   Section        0  list.o(.text.uxListRemove)
    [Anonymous Symbol]                       0x00001dec   Section        0  list.o(.text.vListInitialise)
    [Anonymous Symbol]                       0x00001e04   Section        0  list.o(.text.vListInitialiseItem)
    [Anonymous Symbol]                       0x00001e0c   Section        0  list.o(.text.vListInsert)
    vPortEnableVFP                           0x00001e49   Thumb Code    20  port.o(.text.vPortEnableVFP)
    [Anonymous Symbol]                       0x00001e48   Section        0  port.o(.text.vPortEnableVFP)
    [Anonymous Symbol]                       0x00001e5c   Section        0  port.o(.text.vPortEnterCritical)
    [Anonymous Symbol]                       0x00001ea4   Section        0  port.o(.text.vPortExitCritical)
    [Anonymous Symbol]                       0x00001ed4   Section        0  heap_1.o(.text.vPortFree)
    [Anonymous Symbol]                       0x00001ef0   Section        0  port.o(.text.vPortSetupTimerInterrupt)
    [Anonymous Symbol]                       0x00001f54   Section        0  port.o(.text.vPortSuppressTicksAndSleep)
    [Anonymous Symbol]                       0x00002068   Section        0  queue.o(.text.vQueueWaitForMessageRestricted)
    [Anonymous Symbol]                       0x000020ac   Section        0  tasks.o(.text.vTaskDelay)
    [Anonymous Symbol]                       0x00002108   Section        0  tasks.o(.text.vTaskInternalSetTimeOutState)
    [Anonymous Symbol]                       0x00002124   Section        0  tasks.o(.text.vTaskMissedYield)
    [Anonymous Symbol]                       0x00002134   Section        0  tasks.o(.text.vTaskPlaceOnEventList)
    [Anonymous Symbol]                       0x00002168   Section        0  tasks.o(.text.vTaskPlaceOnEventListRestricted)
    [Anonymous Symbol]                       0x000021d8   Section        0  tasks.o(.text.vTaskStartScheduler)
    [Anonymous Symbol]                       0x0000228c   Section        0  tasks.o(.text.vTaskStepTick)
    [Anonymous Symbol]                       0x000022c8   Section        0  tasks.o(.text.vTaskSuspendAll)
    __tagsym$$used.0                         0x000022d8   Number         0  tasks.o(.text.vTaskSwitchContext)
    [Anonymous Symbol]                       0x000022d8   Section        0  tasks.o(.text.vTaskSwitchContext)
    [Anonymous Symbol]                       0x00002370   Section        0  port.o(.text.xPortStartScheduler)
    [Anonymous Symbol]                       0x00002484   Section        0  queue.o(.text.xQueueGenericCreate)
    [Anonymous Symbol]                       0x000024dc   Section        0  queue.o(.text.xQueueGenericReset)
    [Anonymous Symbol]                       0x00002590   Section        0  queue.o(.text.xQueueGenericSend)
    [Anonymous Symbol]                       0x00002778   Section        0  queue.o(.text.xQueueReceive)
    [Anonymous Symbol]                       0x00002918   Section        0  tasks.o(.text.xTaskCheckForTimeOut)
    [Anonymous Symbol]                       0x000029c0   Section        0  tasks.o(.text.xTaskCreate)
    [Anonymous Symbol]                       0x00002a20   Section        0  tasks.o(.text.xTaskGetSchedulerState)
    [Anonymous Symbol]                       0x00002a48   Section        0  tasks.o(.text.xTaskGetTickCount)
    [Anonymous Symbol]                       0x00002a54   Section        0  tasks.o(.text.xTaskIncrementTick)
    [Anonymous Symbol]                       0x00002c04   Section        0  tasks.o(.text.xTaskPriorityDisinherit)
    [Anonymous Symbol]                       0x00002cdc   Section        0  tasks.o(.text.xTaskRemoveFromEventList)
    [Anonymous Symbol]                       0x00002dd8   Section        0  tasks.o(.text.xTaskResumeAll)
    [Anonymous Symbol]                       0x00002f60   Section        0  timers.o(.text.xTimerCreateTimerTask)
    $v0                                      0x00002fc0   Number         0  fpinit.o(x$fpl$fpinit)
    x$fpl$fpinit                             0x00002fc0   Section       26  fpinit.o(x$fpl$fpinit)
    __tagsym$$used.0                         0x00002fdc   Number         0  eventrecorder.o(.rodata.EventRecorderInfo)
    .L.str.3                                 0x00002ff4   Data           4  main.o(.rodata.str1.1)
    [Anonymous Symbol]                       0x00002ff4   Section        0  main.o(.rodata.str1.1)
    uxCriticalNesting                        0x20000004   Data           4  port.o(.data.uxCriticalNesting)
    [Anonymous Symbol]                       0x20000004   Section        0  port.o(.data.uxCriticalNesting)
    .bss                                     0x20000040   Section       96  libspace.o(.bss)
    TS_OverflowLock                          0x200000a0   Data           1  eventrecorder.o(.bss.TS_OverflowLock)
    [Anonymous Symbol]                       0x200000a0   Section        0  eventrecorder.o(.bss.TS_OverflowLock)
    EventBuffer                              0x200000c0   Data        1024  eventrecorder.o(.bss.noinit)
    [Anonymous Symbol]                       0x200000c0   Section        0  eventrecorder.o(.bss.noinit)
    EventFilter                              0x200004c0   Data         128  eventrecorder.o(.bss.noinit)
    EventStatus                              0x20000540   Data          36  eventrecorder.o(.bss.noinit)
    prvSampleTimeNow.xLastTime               0x20000564   Data           4  timers.o(.bss.prvSampleTimeNow.xLastTime)
    [Anonymous Symbol]                       0x20000564   Section        0  timers.o(.bss.prvSampleTimeNow.xLastTime)
    pvPortMalloc.pucAlignedHeap              0x20000568   Data           4  heap_1.o(.bss.pvPortMalloc.pucAlignedHeap)
    [Anonymous Symbol]                       0x20000568   Section        0  heap_1.o(.bss.pvPortMalloc.pucAlignedHeap)
    pxCurrentTimerList                       0x20000570   Data           4  timers.o(.bss.pxCurrentTimerList)
    [Anonymous Symbol]                       0x20000570   Section        0  timers.o(.bss.pxCurrentTimerList)
    pxDelayedTaskList                        0x20000574   Data           4  tasks.o(.bss.pxDelayedTaskList)
    [Anonymous Symbol]                       0x20000574   Section        0  tasks.o(.bss.pxDelayedTaskList)
    pxOverflowDelayedTaskList                0x20000578   Data           4  tasks.o(.bss.pxOverflowDelayedTaskList)
    [Anonymous Symbol]                       0x20000578   Section        0  tasks.o(.bss.pxOverflowDelayedTaskList)
    pxOverflowTimerList                      0x2000057c   Data           4  timers.o(.bss.pxOverflowTimerList)
    [Anonymous Symbol]                       0x2000057c   Section        0  timers.o(.bss.pxOverflowTimerList)
    pxReadyTasksLists                        0x20000580   Data         100  tasks.o(.bss.pxReadyTasksLists)
    [Anonymous Symbol]                       0x20000580   Section        0  tasks.o(.bss.pxReadyTasksLists)
    ucHeap                                   0x200005e4   Data       10000  heap_1.o(.bss.ucHeap)
    [Anonymous Symbol]                       0x200005e4   Section        0  heap_1.o(.bss.ucHeap)
    ucMaxSysCallPriority                     0x20002cf4   Data           1  port.o(.bss.ucMaxSysCallPriority)
    [Anonymous Symbol]                       0x20002cf4   Section        0  port.o(.bss.ucMaxSysCallPriority)
    ulMaxPRIGROUPValue                       0x20002cf8   Data           4  port.o(.bss.ulMaxPRIGROUPValue)
    [Anonymous Symbol]                       0x20002cf8   Section        0  port.o(.bss.ulMaxPRIGROUPValue)
    ulStoppedTimerCompensation               0x20002cfc   Data           1  port.o(.bss.ulStoppedTimerCompensation)
    [Anonymous Symbol]                       0x20002cfc   Section        0  port.o(.bss.ulStoppedTimerCompensation)
    ulTimerCountsForOneTick                  0x20002d00   Data           4  port.o(.bss.ulTimerCountsForOneTick)
    [Anonymous Symbol]                       0x20002d00   Section        0  port.o(.bss.ulTimerCountsForOneTick)
    uxCurrentNumberOfTasks                   0x20002d04   Data           4  tasks.o(.bss.uxCurrentNumberOfTasks)
    [Anonymous Symbol]                       0x20002d04   Section        0  tasks.o(.bss.uxCurrentNumberOfTasks)
    uxDeletedTasksWaitingCleanUp             0x20002d08   Data           4  tasks.o(.bss.uxDeletedTasksWaitingCleanUp)
    [Anonymous Symbol]                       0x20002d08   Section        0  tasks.o(.bss.uxDeletedTasksWaitingCleanUp)
    uxSchedulerSuspended                     0x20002d0c   Data           4  tasks.o(.bss.uxSchedulerSuspended)
    [Anonymous Symbol]                       0x20002d0c   Section        0  tasks.o(.bss.uxSchedulerSuspended)
    uxTaskNumber                             0x20002d10   Data           4  tasks.o(.bss.uxTaskNumber)
    [Anonymous Symbol]                       0x20002d10   Section        0  tasks.o(.bss.uxTaskNumber)
    uxTopReadyPriority                       0x20002d14   Data           4  tasks.o(.bss.uxTopReadyPriority)
    [Anonymous Symbol]                       0x20002d14   Section        0  tasks.o(.bss.uxTopReadyPriority)
    xActiveTimerList1                        0x20002d18   Data          20  timers.o(.bss.xActiveTimerList1)
    [Anonymous Symbol]                       0x20002d18   Section        0  timers.o(.bss.xActiveTimerList1)
    xActiveTimerList2                        0x20002d2c   Data          20  timers.o(.bss.xActiveTimerList2)
    [Anonymous Symbol]                       0x20002d2c   Section        0  timers.o(.bss.xActiveTimerList2)
    xAlarmQueue                              0x20002d40   Data           4  main.o(.bss.xAlarmQueue)
    [Anonymous Symbol]                       0x20002d40   Section        0  main.o(.bss.xAlarmQueue)
    xDelayedTaskList1                        0x20002d44   Data          20  tasks.o(.bss.xDelayedTaskList1)
    [Anonymous Symbol]                       0x20002d44   Section        0  tasks.o(.bss.xDelayedTaskList1)
    xDelayedTaskList2                        0x20002d58   Data          20  tasks.o(.bss.xDelayedTaskList2)
    [Anonymous Symbol]                       0x20002d58   Section        0  tasks.o(.bss.xDelayedTaskList2)
    xIdleTaskHandle                          0x20002d6c   Data           4  tasks.o(.bss.xIdleTaskHandle)
    [Anonymous Symbol]                       0x20002d6c   Section        0  tasks.o(.bss.xIdleTaskHandle)
    xLCDQueue                                0x20002d70   Data           4  main.o(.bss.xLCDQueue)
    [Anonymous Symbol]                       0x20002d70   Section        0  main.o(.bss.xLCDQueue)
    xMaximumPossibleSuppressedTicks          0x20002d74   Data           4  port.o(.bss.xMaximumPossibleSuppressedTicks)
    [Anonymous Symbol]                       0x20002d74   Section        0  port.o(.bss.xMaximumPossibleSuppressedTicks)
    xNextFreeByte                            0x20002d78   Data           4  heap_1.o(.bss.xNextFreeByte)
    [Anonymous Symbol]                       0x20002d78   Section        0  heap_1.o(.bss.xNextFreeByte)
    xNextTaskUnblockTime                     0x20002d7c   Data           4  tasks.o(.bss.xNextTaskUnblockTime)
    [Anonymous Symbol]                       0x20002d7c   Section        0  tasks.o(.bss.xNextTaskUnblockTime)
    xNumOfOverflows                          0x20002d80   Data           4  tasks.o(.bss.xNumOfOverflows)
    [Anonymous Symbol]                       0x20002d80   Section        0  tasks.o(.bss.xNumOfOverflows)
    xPendedTicks                             0x20002d84   Data           4  tasks.o(.bss.xPendedTicks)
    [Anonymous Symbol]                       0x20002d84   Section        0  tasks.o(.bss.xPendedTicks)
    xPendingReadyList                        0x20002d88   Data          20  tasks.o(.bss.xPendingReadyList)
    [Anonymous Symbol]                       0x20002d88   Section        0  tasks.o(.bss.xPendingReadyList)
    xSchedulerRunning                        0x20002d9c   Data           4  tasks.o(.bss.xSchedulerRunning)
    [Anonymous Symbol]                       0x20002d9c   Section        0  tasks.o(.bss.xSchedulerRunning)
    xSuspendedTaskList                       0x20002da0   Data          20  tasks.o(.bss.xSuspendedTaskList)
    [Anonymous Symbol]                       0x20002da0   Section        0  tasks.o(.bss.xSuspendedTaskList)
    xTasksWaitingTermination                 0x20002db4   Data          20  tasks.o(.bss.xTasksWaitingTermination)
    [Anonymous Symbol]                       0x20002db4   Section        0  tasks.o(.bss.xTasksWaitingTermination)
    xTickCount                               0x20002dc8   Data           4  tasks.o(.bss.xTickCount)
    [Anonymous Symbol]                       0x20002dc8   Section        0  tasks.o(.bss.xTickCount)
    xTimerQueue                              0x20002dcc   Data           4  timers.o(.bss.xTimerQueue)
    [Anonymous Symbol]                       0x20002dcc   Section        0  timers.o(.bss.xTimerQueue)
    xTimerTaskHandle                         0x20002dd0   Data           4  timers.o(.bss.xTimerTaskHandle)
    [Anonymous Symbol]                       0x20002dd0   Section        0  timers.o(.bss.xTimerTaskHandle)
    xUARTQueue                               0x20002dd4   Data           4  main.o(.bss.xUARTQueue)
    [Anonymous Symbol]                       0x20002dd4   Section        0  main.o(.bss.xUARTQueue)
    xYieldPending                            0x20002dd8   Data           4  tasks.o(.bss.xYieldPending)
    [Anonymous Symbol]                       0x20002dd8   Section        0  tasks.o(.bss.xYieldPending)
    Heap_Mem                                 0x20002de0   Data           0  startup_tm4c123.o(HEAP)
    Stack_Mem                                0x20002de0   Data         512  startup_tm4c123.o(STACK)
    HEAP                                     0x20002de0   Section        0  startup_tm4c123.o(HEAP)
    STACK                                    0x20002de0   Section      512  startup_tm4c123.o(STACK)
    __initial_sp                             0x20002fe0   Data           0  startup_tm4c123.o(STACK)

    Global Symbols

    Symbol Name                              Value     Ov Type        Size  Object(Section)

    BuildAttributes$$THM_ISAv4$E$P$D$K$B$S$7EM$VFPi3$EXTD16$VFPS$VFMA$PE$A:L22UL41UL21$X:L11$S22US41US21$IEEE1$IW$~IW$USESV6$~STKCKD$USESV7$~SHL$OTIME$ROPI$EBA8$UX$STANDARDLIB$REQ8$PRES8$EABIv2 0x00000000   Number         0  anon$$obj.o ABSOLUTE
    __Vectors                                0x00000000   Data           4  startup_tm4c123.o(RESET)
    __ARM_exceptions_init                     - Undefined Weak Reference
    __alloca_initialize                       - Undefined Weak Reference
    __arm_preinit_                            - Undefined Weak Reference
    __cpp_initialize__aeabi_                  - Undefined Weak Reference
    __cxa_finalize                            - Undefined Weak Reference
    __rt_locale                               - Undefined Weak Reference
    __sigvec_lookup                           - Undefined Weak Reference
    _atexit_init                              - Undefined Weak Reference
    _call_atexit_fns                          - Undefined Weak Reference
    _clock_init                               - Undefined Weak Reference
    _fp_trap_init                             - Undefined Weak Reference
    _fp_trap_shutdown                         - Undefined Weak Reference
    _get_lc_collate                           - Undefined Weak Reference
    _get_lc_ctype                             - Undefined Weak Reference
    _get_lc_monetary                          - Undefined Weak Reference
    _get_lc_numeric                           - Undefined Weak Reference
    _get_lc_time                              - Undefined Weak Reference
    _getenv_init                              - Undefined Weak Reference
    _handle_redirection                       - Undefined Weak Reference
    _init_alloc                               - Undefined Weak Reference
    _init_user_alloc                          - Undefined Weak Reference
    _initio                                   - Undefined Weak Reference
    _rand_init                                - Undefined Weak Reference
    _signal_finish                            - Undefined Weak Reference
    _signal_init                              - Undefined Weak Reference
    _terminate_alloc                          - Undefined Weak Reference
    _terminate_user_alloc                     - Undefined Weak Reference
    _terminateio                              - Undefined Weak Reference
    __Vectors_End                            0x0000026c   Data           0  startup_tm4c123.o(RESET)
    __Vectors_Size                           0x0000026c   Number         0  startup_tm4c123.o ABSOLUTE
    __main                                   0x0000026d   Thumb Code     8  __main.o(!!!main)
    __scatterload                            0x00000275   Thumb Code     0  __scatter.o(!!!scatter)
    __scatterload_rt2                        0x00000275   Thumb Code    44  __scatter.o(!!!scatter)
    __scatterload_rt2_thumb_only             0x00000275   Thumb Code     0  __scatter.o(!!!scatter)
    __scatterload_null                       0x00000283   Thumb Code     0  __scatter.o(!!!scatter)
    __scatterload_copy                       0x000002a9   Thumb Code    26  __scatter_copy.o(!!handler_copy)
    __scatterload_zeroinit                   0x000002c5   Thumb Code    28  __scatter_zi.o(!!handler_zi)
    __rt_lib_init                            0x000002e1   Thumb Code     0  libinit.o(.ARM.Collect$$libinit$$00000000)
    __rt_lib_init_fp_1                       0x000002e3   Thumb Code     0  libinit2.o(.ARM.Collect$$libinit$$00000001)
    __rt_lib_init_alloca_1                   0x000002e7   Thumb Code     0  libinit2.o(.ARM.Collect$$libinit$$0000002E)
    __rt_lib_init_argv_1                     0x000002e7   Thumb Code     0  libinit2.o(.ARM.Collect$$libinit$$0000002C)
    __rt_lib_init_atexit_1                   0x000002e7   Thumb Code     0  libinit2.o(.ARM.Collect$$libinit$$0000001B)
    __rt_lib_init_clock_1                    0x000002e7   Thumb Code     0  libinit2.o(.ARM.Collect$$libinit$$00000021)
    __rt_lib_init_cpp_1                      0x000002e7   Thumb Code     0  libinit2.o(.ARM.Collect$$libinit$$00000032)
    __rt_lib_init_exceptions_1               0x000002e7   Thumb Code     0  libinit2.o(.ARM.Collect$$libinit$$00000030)
    __rt_lib_init_fp_trap_1                  0x000002e7   Thumb Code     0  libinit2.o(.ARM.Collect$$libinit$$0000001F)
    __rt_lib_init_getenv_1                   0x000002e7   Thumb Code     0  libinit2.o(.ARM.Collect$$libinit$$00000023)
    __rt_lib_init_heap_1                     0x000002e7   Thumb Code     0  libinit2.o(.ARM.Collect$$libinit$$0000000A)
    __rt_lib_init_lc_collate_1               0x000002e7   Thumb Code     0  libinit2.o(.ARM.Collect$$libinit$$00000011)
    __rt_lib_init_lc_ctype_1                 0x000002e7   Thumb Code     0  libinit2.o(.ARM.Collect$$libinit$$00000013)
    __rt_lib_init_lc_monetary_1              0x000002e7   Thumb Code     0  libinit2.o(.ARM.Collect$$libinit$$00000015)
    __rt_lib_init_lc_numeric_1               0x000002e7   Thumb Code     0  libinit2.o(.ARM.Collect$$libinit$$00000017)
    __rt_lib_init_lc_time_1                  0x000002e7   Thumb Code     0  libinit2.o(.ARM.Collect$$libinit$$00000019)
    __rt_lib_init_preinit_1                  0x000002e7   Thumb Code     0  libinit2.o(.ARM.Collect$$libinit$$00000004)
    __rt_lib_init_rand_1                     0x000002e7   Thumb Code     0  libinit2.o(.ARM.Collect$$libinit$$0000000E)
    __rt_lib_init_return                     0x000002e7   Thumb Code     0  libinit2.o(.ARM.Collect$$libinit$$00000033)
    __rt_lib_init_signal_1                   0x000002e7   Thumb Code     0  libinit2.o(.ARM.Collect$$libinit$$0000001D)
    __rt_lib_init_stdio_1                    0x000002e7   Thumb Code     0  libinit2.o(.ARM.Collect$$libinit$$00000025)
    __rt_lib_init_user_alloc_1               0x000002e7   Thumb Code     0  libinit2.o(.ARM.Collect$$libinit$$0000000C)
    __rt_lib_shutdown                        0x000002e9   Thumb Code     0  libshutdown.o(.ARM.Collect$$libshutdown$$00000000)
    __rt_lib_shutdown_cpp_1                  0x000002eb   Thumb Code     0  libshutdown2.o(.ARM.Collect$$libshutdown$$00000002)
    __rt_lib_shutdown_fp_trap_1              0x000002eb   Thumb Code     0  libshutdown2.o(.ARM.Collect$$libshutdown$$00000007)
    __rt_lib_shutdown_heap_1                 0x000002eb   Thumb Code     0  libshutdown2.o(.ARM.Collect$$libshutdown$$0000000F)
    __rt_lib_shutdown_return                 0x000002eb   Thumb Code     0  libshutdown2.o(.ARM.Collect$$libshutdown$$00000010)
    __rt_lib_shutdown_signal_1               0x000002eb   Thumb Code     0  libshutdown2.o(.ARM.Collect$$libshutdown$$0000000A)
    __rt_lib_shutdown_stdio_1                0x000002eb   Thumb Code     0  libshutdown2.o(.ARM.Collect$$libshutdown$$00000004)
    __rt_lib_shutdown_user_alloc_1           0x000002eb   Thumb Code     0  libshutdown2.o(.ARM.Collect$$libshutdown$$0000000C)
    __rt_entry                               0x000002ed   Thumb Code     0  __rtentry.o(.ARM.Collect$$rtentry$$00000000)
    __rt_entry_presh_1                       0x000002ed   Thumb Code     0  __rtentry2.o(.ARM.Collect$$rtentry$$00000002)
    __rt_entry_sh                            0x000002ed   Thumb Code     0  __rtentry4.o(.ARM.Collect$$rtentry$$00000004)
    __rt_entry_li                            0x000002f3   Thumb Code     0  __rtentry2.o(.ARM.Collect$$rtentry$$0000000A)
    __rt_entry_postsh_1                      0x000002f3   Thumb Code     0  __rtentry2.o(.ARM.Collect$$rtentry$$00000009)
    __rt_entry_main                          0x000002f7   Thumb Code     0  __rtentry2.o(.ARM.Collect$$rtentry$$0000000D)
    __rt_entry_postli_1                      0x000002f7   Thumb Code     0  __rtentry2.o(.ARM.Collect$$rtentry$$0000000C)
    __rt_exit                                0x000002ff   Thumb Code     0  rtexit.o(.ARM.Collect$$rtexit$$00000000)
    __rt_exit_ls                             0x00000301   Thumb Code     0  rtexit2.o(.ARM.Collect$$rtexit$$00000003)
    __rt_exit_prels_1                        0x00000301   Thumb Code     0  rtexit2.o(.ARM.Collect$$rtexit$$00000002)
    __rt_exit_exit                           0x00000305   Thumb Code     0  rtexit2.o(.ARM.Collect$$rtexit$$00000004)
    Reset_Handler                            0x0000030d   Thumb Code     8  startup_tm4c123.o(.text)
    NMI_Handler                              0x00000315   Thumb Code     2  startup_tm4c123.o(.text)
    HardFault_Handler                        0x00000317   Thumb Code     2  startup_tm4c123.o(.text)
    MemManage_Handler                        0x00000319   Thumb Code     2  startup_tm4c123.o(.text)
    BusFault_Handler                         0x0000031b   Thumb Code     2  startup_tm4c123.o(.text)
    UsageFault_Handler                       0x0000031d   Thumb Code     2  startup_tm4c123.o(.text)
    DebugMon_Handler                         0x00000321   Thumb Code     2  startup_tm4c123.o(.text)
    GPIOA_Handler                            0x00000327   Thumb Code     2  startup_tm4c123.o(.text)
    GPIOB_Handler                            0x00000329   Thumb Code     2  startup_tm4c123.o(.text)
    GPIOC_Handler                            0x0000032b   Thumb Code     2  startup_tm4c123.o(.text)
    GPIOD_Handler                            0x0000032d   Thumb Code     2  startup_tm4c123.o(.text)
    GPIOE_Handler                            0x0000032f   Thumb Code     2  startup_tm4c123.o(.text)
    UART0_Handler                            0x00000331   Thumb Code     2  startup_tm4c123.o(.text)
    UART1_Handler                            0x00000333   Thumb Code     2  startup_tm4c123.o(.text)
    SSI0_Handler                             0x00000335   Thumb Code     2  startup_tm4c123.o(.text)
    I2C0_Handler                             0x00000337   Thumb Code     2  startup_tm4c123.o(.text)
    PMW0_FAULT_Handler                       0x00000339   Thumb Code     2  startup_tm4c123.o(.text)
    PWM0_0_Handler                           0x0000033b   Thumb Code     2  startup_tm4c123.o(.text)
    PWM0_1_Handler                           0x0000033d   Thumb Code     2  startup_tm4c123.o(.text)
    PWM0_2_Handler                           0x0000033f   Thumb Code     2  startup_tm4c123.o(.text)
    QEI0_Handler                             0x00000341   Thumb Code     2  startup_tm4c123.o(.text)
    ADC0SS0_Handler                          0x00000343   Thumb Code     2  startup_tm4c123.o(.text)
    ADC0SS1_Handler                          0x00000345   Thumb Code     2  startup_tm4c123.o(.text)
    ADC0SS2_Handler                          0x00000347   Thumb Code     2  startup_tm4c123.o(.text)
    ADC0SS3_Handler                          0x00000349   Thumb Code     2  startup_tm4c123.o(.text)
    WDT0_Handler                             0x0000034b   Thumb Code     2  startup_tm4c123.o(.text)
    TIMER0A_Handler                          0x0000034d   Thumb Code     2  startup_tm4c123.o(.text)
    TIMER0B_Handler                          0x0000034f   Thumb Code     2  startup_tm4c123.o(.text)
    TIMER1A_Handler                          0x00000351   Thumb Code     2  startup_tm4c123.o(.text)
    TIMER1B_Handler                          0x00000353   Thumb Code     2  startup_tm4c123.o(.text)
    TIMER2A_Handler                          0x00000355   Thumb Code     2  startup_tm4c123.o(.text)
    TIMER2B_Handler                          0x00000357   Thumb Code     2  startup_tm4c123.o(.text)
    COMP0_Handler                            0x00000359   Thumb Code     2  startup_tm4c123.o(.text)
    COMP1_Handler                            0x0000035b   Thumb Code     2  startup_tm4c123.o(.text)
    COMP2_Handler                            0x0000035d   Thumb Code     2  startup_tm4c123.o(.text)
    SYSCTL_Handler                           0x0000035f   Thumb Code     2  startup_tm4c123.o(.text)
    FLASH_Handler                            0x00000361   Thumb Code     2  startup_tm4c123.o(.text)
    GPIOF_Handler                            0x00000363   Thumb Code     2  startup_tm4c123.o(.text)
    GPIOG_Handler                            0x00000365   Thumb Code     2  startup_tm4c123.o(.text)
    GPIOH_Handler                            0x00000367   Thumb Code     2  startup_tm4c123.o(.text)
    UART2_Handler                            0x00000369   Thumb Code     2  startup_tm4c123.o(.text)
    SSI1_Handler                             0x0000036b   Thumb Code     2  startup_tm4c123.o(.text)
    TIMER3A_Handler                          0x0000036d   Thumb Code     2  startup_tm4c123.o(.text)
    TIMER3B_Handler                          0x0000036f   Thumb Code     2  startup_tm4c123.o(.text)
    I2C1_Handler                             0x00000371   Thumb Code     2  startup_tm4c123.o(.text)
    QEI1_Handler                             0x00000373   Thumb Code     2  startup_tm4c123.o(.text)
    CAN0_Handler                             0x00000375   Thumb Code     2  startup_tm4c123.o(.text)
    CAN1_Handler                             0x00000377   Thumb Code     2  startup_tm4c123.o(.text)
    CAN2_Handler                             0x00000379   Thumb Code     2  startup_tm4c123.o(.text)
    HIB_Handler                              0x0000037b   Thumb Code     2  startup_tm4c123.o(.text)
    USB0_Handler                             0x0000037d   Thumb Code     2  startup_tm4c123.o(.text)
    PWM0_3_Handler                           0x0000037f   Thumb Code     2  startup_tm4c123.o(.text)
    UDMA_Handler                             0x00000381   Thumb Code     2  startup_tm4c123.o(.text)
    UDMAERR_Handler                          0x00000383   Thumb Code     2  startup_tm4c123.o(.text)
    ADC1SS0_Handler                          0x00000385   Thumb Code     2  startup_tm4c123.o(.text)
    ADC1SS1_Handler                          0x00000387   Thumb Code     2  startup_tm4c123.o(.text)
    ADC1SS2_Handler                          0x00000389   Thumb Code     2  startup_tm4c123.o(.text)
    ADC1SS3_Handler                          0x0000038b   Thumb Code     2  startup_tm4c123.o(.text)
    GPIOJ_Handler                            0x0000038d   Thumb Code     2  startup_tm4c123.o(.text)
    GPIOK_Handler                            0x0000038f   Thumb Code     2  startup_tm4c123.o(.text)
    GPIOL_Handler                            0x00000391   Thumb Code     2  startup_tm4c123.o(.text)
    SSI2_Handler                             0x00000393   Thumb Code     2  startup_tm4c123.o(.text)
    SSI3_Handler                             0x00000395   Thumb Code     2  startup_tm4c123.o(.text)
    UART3_Handler                            0x00000397   Thumb Code     2  startup_tm4c123.o(.text)
    UART4_Handler                            0x00000399   Thumb Code     2  startup_tm4c123.o(.text)
    UART5_Handler                            0x0000039b   Thumb Code     2  startup_tm4c123.o(.text)
    UART6_Handler                            0x0000039d   Thumb Code     2  startup_tm4c123.o(.text)
    UART7_Handler                            0x0000039f   Thumb Code     2  startup_tm4c123.o(.text)
    I2C2_Handler                             0x000003a1   Thumb Code     2  startup_tm4c123.o(.text)
    I2C3_Handler                             0x000003a3   Thumb Code     2  startup_tm4c123.o(.text)
    TIMER4A_Handler                          0x000003a5   Thumb Code     2  startup_tm4c123.o(.text)
    TIMER4B_Handler                          0x000003a7   Thumb Code     2  startup_tm4c123.o(.text)
    TIMER5A_Handler                          0x000003a9   Thumb Code     2  startup_tm4c123.o(.text)
    TIMER5B_Handler                          0x000003ab   Thumb Code     2  startup_tm4c123.o(.text)
    WTIMER0A_Handler                         0x000003ad   Thumb Code     2  startup_tm4c123.o(.text)
    WTIMER0B_Handler                         0x000003af   Thumb Code     2  startup_tm4c123.o(.text)
    WTIMER1A_Handler                         0x000003b1   Thumb Code     2  startup_tm4c123.o(.text)
    WTIMER1B_Handler                         0x000003b3   Thumb Code     2  startup_tm4c123.o(.text)
    WTIMER2A_Handler                         0x000003b5   Thumb Code     2  startup_tm4c123.o(.text)
    WTIMER2B_Handler                         0x000003b7   Thumb Code     2  startup_tm4c123.o(.text)
    WTIMER3A_Handler                         0x000003b9   Thumb Code     2  startup_tm4c123.o(.text)
    WTIMER3B_Handler                         0x000003bb   Thumb Code     2  startup_tm4c123.o(.text)
    WTIMER4A_Handler                         0x000003bd   Thumb Code     2  startup_tm4c123.o(.text)
    WTIMER4B_Handler                         0x000003bf   Thumb Code     2  startup_tm4c123.o(.text)
    WTIMER5A_Handler                         0x000003c1   Thumb Code     2  startup_tm4c123.o(.text)
    WTIMER5B_Handler                         0x000003c3   Thumb Code     2  startup_tm4c123.o(.text)
    FPU_Handler                              0x000003c5   Thumb Code     2  startup_tm4c123.o(.text)
    I2C4_Handler                             0x000003c7   Thumb Code     2  startup_tm4c123.o(.text)
    I2C5_Handler                             0x000003c9   Thumb Code     2  startup_tm4c123.o(.text)
    GPIOM_Handler                            0x000003cb   Thumb Code     2  startup_tm4c123.o(.text)
    GPION_Handler                            0x000003cd   Thumb Code     2  startup_tm4c123.o(.text)
    QEI2_Handler                             0x000003cf   Thumb Code     2  startup_tm4c123.o(.text)
    GPIOP0_Handler                           0x000003d1   Thumb Code     2  startup_tm4c123.o(.text)
    GPIOP1_Handler                           0x000003d3   Thumb Code     2  startup_tm4c123.o(.text)
    GPIOP2_Handler                           0x000003d5   Thumb Code     2  startup_tm4c123.o(.text)
    GPIOP3_Handler                           0x000003d7   Thumb Code     2  startup_tm4c123.o(.text)
    GPIOP4_Handler                           0x000003d9   Thumb Code     2  startup_tm4c123.o(.text)
    GPIOP5_Handler                           0x000003db   Thumb Code     2  startup_tm4c123.o(.text)
    GPIOP6_Handler                           0x000003dd   Thumb Code     2  startup_tm4c123.o(.text)
    GPIOP7_Handler                           0x000003df   Thumb Code     2  startup_tm4c123.o(.text)
    GPIOQ0_Handler                           0x000003e1   Thumb Code     2  startup_tm4c123.o(.text)
    GPIOQ1_Handler                           0x000003e3   Thumb Code     2  startup_tm4c123.o(.text)
    GPIOQ2_Handler                           0x000003e5   Thumb Code     2  startup_tm4c123.o(.text)
    GPIOQ3_Handler                           0x000003e7   Thumb Code     2  startup_tm4c123.o(.text)
    GPIOQ4_Handler                           0x000003e9   Thumb Code     2  startup_tm4c123.o(.text)
    GPIOQ5_Handler                           0x000003eb   Thumb Code     2  startup_tm4c123.o(.text)
    GPIOQ6_Handler                           0x000003ed   Thumb Code     2  startup_tm4c123.o(.text)
    GPIOQ7_Handler                           0x000003ef   Thumb Code     2  startup_tm4c123.o(.text)
    GPIOR_Handler                            0x000003f1   Thumb Code     2  startup_tm4c123.o(.text)
    GPIOS_Handler                            0x000003f3   Thumb Code     2  startup_tm4c123.o(.text)
    PMW1_0_Handler                           0x000003f5   Thumb Code     2  startup_tm4c123.o(.text)
    PWM1_1_Handler                           0x000003f7   Thumb Code     2  startup_tm4c123.o(.text)
    PWM1_2_Handler                           0x000003f9   Thumb Code     2  startup_tm4c123.o(.text)
    PWM1_3_Handler                           0x000003fb   Thumb Code     2  startup_tm4c123.o(.text)
    PWM1_FAULT_Handler                       0x000003fd   Thumb Code     2  startup_tm4c123.o(.text)
    __user_initial_stackheap                 0x00000401   Thumb Code     0  startup_tm4c123.o(.text)
    strlen                                   0x00000421   Thumb Code    62  strlen.o(.text)
    __aeabi_memcpy                           0x0000045f   Thumb Code     0  rt_memcpy_v6.o(.text)
    __rt_memcpy                              0x0000045f   Thumb Code   138  rt_memcpy_v6.o(.text)
    _memcpy_lastbytes                        0x000004c5   Thumb Code     0  rt_memcpy_v6.o(.text)
    __aeabi_memset                           0x000004e9   Thumb Code    16  aeabi_memset.o(.text)
    __aeabi_memset4                          0x000004f9   Thumb Code    16  aeabi_memset4.o(.text)
    __aeabi_memset8                          0x000004f9   Thumb Code     0  aeabi_memset4.o(.text)
    __aeabi_memclr                           0x00000509   Thumb Code     0  rt_memclr.o(.text)
    __rt_memclr                              0x00000509   Thumb Code     0  rt_memclr.o(.text)
    _memset                                  0x0000050d   Thumb Code    64  rt_memclr.o(.text)
    __aeabi_memclr4                          0x0000054d   Thumb Code     0  rt_memclr_w.o(.text)
    __aeabi_memclr8                          0x0000054d   Thumb Code     0  rt_memclr_w.o(.text)
    __rt_memclr_w                            0x0000054d   Thumb Code     0  rt_memclr_w.o(.text)
    _memset_w                                0x00000551   Thumb Code    74  rt_memclr_w.o(.text)
    __use_two_region_memory                  0x0000059b   Thumb Code     2  heapauxi.o(.text)
    __rt_heap_escrow$2region                 0x0000059d   Thumb Code     2  heapauxi.o(.text)
    __rt_heap_expand$2region                 0x0000059f   Thumb Code     2  heapauxi.o(.text)
    __aeabi_memcpy4                          0x000005a1   Thumb Code     0  rt_memcpy_w.o(.text)
    __aeabi_memcpy8                          0x000005a1   Thumb Code     0  rt_memcpy_w.o(.text)
    __rt_memcpy_w                            0x000005a1   Thumb Code   100  rt_memcpy_w.o(.text)
    _memcpy_lastbytes_aligned                0x000005e9   Thumb Code     0  rt_memcpy_w.o(.text)
    __user_setup_stackheap                   0x00000605   Thumb Code    74  sys_stackheap_outer.o(.text)
    exit                                     0x0000064f   Thumb Code    18  exit.o(.text)
    __user_libspace                          0x00000661   Thumb Code     8  libspace.o(.text)
    __user_perproc_libspace                  0x00000661   Thumb Code     0  libspace.o(.text)
    __user_perthread_libspace                0x00000661   Thumb Code     0  libspace.o(.text)
    _sys_exit                                0x00000669   Thumb Code     8  sys_exit.o(.text)
    __I$use$semihosting                      0x00000675   Thumb Code     0  use_no_semi.o(.text)
    __use_no_semihosting_swi                 0x00000675   Thumb Code     2  use_no_semi.o(.text)
    __semihosting_library_function           0x00000677   Thumb Code     0  indicate_semi.o(.text)
    ALARM_task                               0x00000679   Thumb Code    54  main.o(.text.ALARM_task)
    EventRecord2                             0x0000071d   Thumb Code    54  eventrecorder.o(.text.EventRecord2)
    EventRecord4                             0x00000755   Thumb Code   104  eventrecorder.o(.text.EventRecord4)
    EventRecorderTimerGetCount               0x00000869   Thumb Code    12  eventrecorder.o(.text.EventRecorderTimerGetCount)
    EvrFreeRTOSHeap_Malloc                   0x00000875   Thumb Code    16  freertos_evr.o(.text.EvrFreeRTOSHeap_Malloc)
    EvrFreeRTOSQueue_BlockingOnQueueReceive  0x00000885   Thumb Code    20  freertos_evr.o(.text.EvrFreeRTOSQueue_BlockingOnQueueReceive)
    EvrFreeRTOSQueue_BlockingOnQueueSend     0x00000899   Thumb Code    20  freertos_evr.o(.text.EvrFreeRTOSQueue_BlockingOnQueueSend)
    EvrFreeRTOSQueue_QueueCreate             0x000008ad   Thumb Code    20  freertos_evr.o(.text.EvrFreeRTOSQueue_QueueCreate)
    EvrFreeRTOSQueue_QueueCreateFailed       0x000008c1   Thumb Code    16  freertos_evr.o(.text.EvrFreeRTOSQueue_QueueCreateFailed)
    EvrFreeRTOSQueue_QueueReceive            0x000008d1   Thumb Code    20  freertos_evr.o(.text.EvrFreeRTOSQueue_QueueReceive)
    EvrFreeRTOSQueue_QueueReceiveFailed      0x000008e5   Thumb Code    16  freertos_evr.o(.text.EvrFreeRTOSQueue_QueueReceiveFailed)
    EvrFreeRTOSQueue_QueueSend               0x000008f5   Thumb Code    20  freertos_evr.o(.text.EvrFreeRTOSQueue_QueueSend)
    EvrFreeRTOSQueue_QueueSendFailed         0x00000909   Thumb Code    16  freertos_evr.o(.text.EvrFreeRTOSQueue_QueueSendFailed)
    EvrFreeRTOSTasks_IncreaseTickCount       0x00000919   Thumb Code    20  freertos_evr.o(.text.EvrFreeRTOSTasks_IncreaseTickCount)
    EvrFreeRTOSTasks_LowPowerIdleBegin       0x0000092d   Thumb Code    20  freertos_evr.o(.text.EvrFreeRTOSTasks_LowPowerIdleBegin)
    EvrFreeRTOSTasks_LowPowerIdleEnd         0x00000941   Thumb Code    20  freertos_evr.o(.text.EvrFreeRTOSTasks_LowPowerIdleEnd)
    EvrFreeRTOSTasks_MovedTaskToReadyState   0x00000955   Thumb Code    20  freertos_evr.o(.text.EvrFreeRTOSTasks_MovedTaskToReadyState)
    EvrFreeRTOSTasks_PostMovedTaskToReadyState 0x00000969   Thumb Code    20  freertos_evr.o(.text.EvrFreeRTOSTasks_PostMovedTaskToReadyState)
    EvrFreeRTOSTasks_TaskCreate              0x0000097d   Thumb Code    16  freertos_evr.o(.text.EvrFreeRTOSTasks_TaskCreate)
    EvrFreeRTOSTasks_TaskDelay               0x0000098d   Thumb Code    20  freertos_evr.o(.text.EvrFreeRTOSTasks_TaskDelay)
    EvrFreeRTOSTasks_TaskDelayUntil          0x000009a1   Thumb Code    20  freertos_evr.o(.text.EvrFreeRTOSTasks_TaskDelayUntil)
    EvrFreeRTOSTasks_TaskIncrementTick       0x000009b5   Thumb Code    20  freertos_evr.o(.text.EvrFreeRTOSTasks_TaskIncrementTick)
    EvrFreeRTOSTasks_TaskPriorityDisinherit  0x000009c9   Thumb Code    20  freertos_evr.o(.text.EvrFreeRTOSTasks_TaskPriorityDisinherit)
    EvrFreeRTOSTasks_TaskSwitchedIn          0x000009dd   Thumb Code    20  freertos_evr.o(.text.EvrFreeRTOSTasks_TaskSwitchedIn)
    EvrFreeRTOSTasks_TaskSwitchedOut         0x000009f1   Thumb Code    20  freertos_evr.o(.text.EvrFreeRTOSTasks_TaskSwitchedOut)
    EvrFreeRTOSTimers_TimerCommandReceived   0x00000a05   Thumb Code    34  freertos_evr.o(.text.EvrFreeRTOSTimers_TimerCommandReceived)
    EvrFreeRTOSTimers_TimerExpired           0x00000a29   Thumb Code    20  freertos_evr.o(.text.EvrFreeRTOSTimers_TimerExpired)
    GPIO_init                                0x00000a3d   Thumb Code   190  dio.o(.text.GPIO_init)
    LCD_clear                                0x00000b41   Thumb Code    10  lcd_config.o(.text.LCD_clear)
    LCD_command                              0x00000b4d   Thumb Code    58  lcd_config.o(.text.LCD_command)
    LCD_data                                 0x00000b89   Thumb Code    46  lcd_config.o(.text.LCD_data)
    LCD_display                              0x00000bb9   Thumb Code    36  lcd_config.o(.text.LCD_display)
    LCD_line                                 0x00000bdd   Thumb Code    28  lcd_config.o(.text.LCD_line)
    LCD_start                                0x00000bf9   Thumb Code   116  lcd_config.o(.text.LCD_start)
    LCD_task                                 0x00000c6d   Thumb Code    96  main.o(.text.LCD_task)
    PendSV_Handler                           0x00000d21   Thumb Code   100  port.o(.text.PendSV_Handler)
    SVC_Handler                              0x00000d91   Thumb Code    36  port.o(.text.SVC_Handler)
    SysTick_Handler                          0x00000db5   Thumb Code    46  port.o(.text.SysTick_Handler)
    SystemInit                               0x00000de5   Thumb Code   112  system_tm4c123.o(.text.SystemInit)
    UART_task                                0x00000e55   Thumb Code   104  main.o(.text.UART_task)
    adc_init                                 0x00000f25   Thumb Code   116  adc.o(.text.adc_init)
    delayMs                                  0x00000ffd   Thumb Code    70  lcd_config.o(.text.delayMs)
    delayUs                                  0x00001045   Thumb Code    46  lcd_config.o(.text.delayUs)
    eTaskConfirmSleepModeStatus              0x00001075   Thumb Code    72  tasks.o(.text.eTaskConfirmSleepModeStatus)
    main                                     0x000010bd   Thumb Code   176  main.o(.text.main)
    main_task                                0x000011b1   Thumb Code   236  main.o(.text.main_task)
    print                                    0x0000129d   Thumb Code    28  lcd_config.o(.text.print)
    printchar                                0x000012b9   Thumb Code    18  lcd_config.o(.text.printchar)
    pvPortMalloc                             0x00001cc1   Thumb Code   114  heap_1.o(.text.pvPortMalloc)
    pxPortInitialiseStack                    0x00001d35   Thumb Code    40  port.o(.text.pxPortInitialiseStack)
    toString                                 0x00001d5d   Thumb Code   106  lcd_config.o(.text.toString)
    uxListRemove                             0x00001dc9   Thumb Code    36  list.o(.text.uxListRemove)
    vListInitialise                          0x00001ded   Thumb Code    22  list.o(.text.vListInitialise)
    vListInitialiseItem                      0x00001e05   Thumb Code     6  list.o(.text.vListInitialiseItem)
    vListInsert                              0x00001e0d   Thumb Code    58  list.o(.text.vListInsert)
    vPortEnterCritical                       0x00001e5d   Thumb Code    70  port.o(.text.vPortEnterCritical)
    vPortExitCritical                        0x00001ea5   Thumb Code    46  port.o(.text.vPortExitCritical)
    vPortFree                                0x00001ed5   Thumb Code    26  heap_1.o(.text.vPortFree)
    vPortSetupTimerInterrupt                 0x00001ef1   Thumb Code   100  port.o(.text.vPortSetupTimerInterrupt)
    vPortSuppressTicksAndSleep               0x00001f55   Thumb Code   276  port.o(.text.vPortSuppressTicksAndSleep)
    vQueueWaitForMessageRestricted           0x00002069   Thumb Code    68  queue.o(.text.vQueueWaitForMessageRestricted)
    vTaskDelay                               0x000020ad   Thumb Code    90  tasks.o(.text.vTaskDelay)
    vTaskInternalSetTimeOutState             0x00002109   Thumb Code    26  tasks.o(.text.vTaskInternalSetTimeOutState)
    vTaskMissedYield                         0x00002125   Thumb Code    14  tasks.o(.text.vTaskMissedYield)
    vTaskPlaceOnEventList                    0x00002135   Thumb Code    50  tasks.o(.text.vTaskPlaceOnEventList)
    vTaskPlaceOnEventListRestricted          0x00002169   Thumb Code   110  tasks.o(.text.vTaskPlaceOnEventListRestricted)
    vTaskStartScheduler                      0x000021d9   Thumb Code   172  tasks.o(.text.vTaskStartScheduler)
    vTaskStepTick                            0x0000228d   Thumb Code    58  tasks.o(.text.vTaskStepTick)
    vTaskSuspendAll                          0x000022c9   Thumb Code    16  tasks.o(.text.vTaskSuspendAll)
    vTaskSwitchContext                       0x000022d9   Thumb Code   150  tasks.o(.text.vTaskSwitchContext)
    xPortStartScheduler                      0x00002371   Thumb Code   274  port.o(.text.xPortStartScheduler)
    xQueueGenericCreate                      0x00002485   Thumb Code    88  queue.o(.text.xQueueGenericCreate)
    xQueueGenericReset                       0x000024dd   Thumb Code   178  queue.o(.text.xQueueGenericReset)
    xQueueGenericSend                        0x00002591   Thumb Code   486  queue.o(.text.xQueueGenericSend)
    xQueueReceive                            0x00002779   Thumb Code   414  queue.o(.text.xQueueReceive)
    xTaskCheckForTimeOut                     0x00002919   Thumb Code   166  tasks.o(.text.xTaskCheckForTimeOut)
    xTaskCreate                              0x000029c1   Thumb Code    96  tasks.o(.text.xTaskCreate)
    xTaskGetSchedulerState                   0x00002a21   Thumb Code    38  tasks.o(.text.xTaskGetSchedulerState)
    xTaskGetTickCount                        0x00002a49   Thumb Code    12  tasks.o(.text.xTaskGetTickCount)
    xTaskIncrementTick                       0x00002a55   Thumb Code   432  tasks.o(.text.xTaskIncrementTick)
    xTaskPriorityDisinherit                  0x00002c05   Thumb Code   214  tasks.o(.text.xTaskPriorityDisinherit)
    xTaskRemoveFromEventList                 0x00002cdd   Thumb Code   252  tasks.o(.text.xTaskRemoveFromEventList)
    xTaskResumeAll                           0x00002dd9   Thumb Code   392  tasks.o(.text.xTaskResumeAll)
    xTimerCreateTimerTask                    0x00002f61   Thumb Code    88  timers.o(.text.xTimerCreateTimerTask)
    _fp_init                                 0x00002fc1   Thumb Code    26  fpinit.o(x$fpl$fpinit)
    __fplib_config_fpu_vfp                   0x00002fd9   Thumb Code     0  fpinit.o(x$fpl$fpinit)
    __fplib_config_pureend_doubles           0x00002fd9   Thumb Code     0  fpinit.o(x$fpl$fpinit)
    EventRecorderInfo                        0x00002fdc   Data          24  eventrecorder.o(.rodata.EventRecorderInfo)
    uxTopUsedPriority                        0x00002ff8   Data           4  tasks.o(.rodata.uxTopUsedPriority)
    Region$$Table$$Base                      0x00002ffc   Number         0  anon$$obj.o(Region$$Table)
    Region$$Table$$Limit                     0x0000301c   Number         0  anon$$obj.o(Region$$Table)
    SystemCoreClock                          0x20000000   Data           4  system_tm4c123.o(.data.SystemCoreClock)
    __libspace_start                         0x20000040   Data          96  libspace.o(.bss)
    __temporary_stack_top$libspace           0x200000a0   Data           0  libspace.o(.bss)
    pxCurrentTCB                             0x2000056c   Data           4  tasks.o(.bss.pxCurrentTCB)



==============================================================================

Memory Map of the image

  Image Entry point : 0x0000030d

  Load Region LR_1 (Base: 0x00000000, Size: 0x00003024, Max: 0xffffffff, ABSOLUTE)

    Execution Region ER_RO (Exec base: 0x00000000, Load base: 0x00000000, Size: 0x0000301c, Max: 0xffffffff, ABSOLUTE)

    Exec Addr    Load Addr    Size         Type   Attr      Idx    E Section Name        Object

    0x00000000   0x00000000   0x0000026c   Data   RO          141    RESET               startup_tm4c123.o
    0x0000026c   0x0000026c   0x00000008   Code   RO          821  * !!!main             c_w.l(__main.o)
    0x00000274   0x00000274   0x00000034   Code   RO          986    !!!scatter          c_w.l(__scatter.o)
    0x000002a8   0x000002a8   0x0000001a   Code   RO          988    !!handler_copy      c_w.l(__scatter_copy.o)
    0x000002c2   0x000002c2   0x00000002   PAD
    0x000002c4   0x000002c4   0x0000001c   Code   RO          990    !!handler_zi        c_w.l(__scatter_zi.o)
    0x000002e0   0x000002e0   0x00000002   Code   RO          850    .ARM.Collect$$libinit$$00000000  c_w.l(libinit.o)
    0x000002e2   0x000002e2   0x00000004   Code   RO          856    .ARM.Collect$$libinit$$00000001  c_w.l(libinit2.o)
    0x000002e6   0x000002e6   0x00000000   Code   RO          859    .ARM.Collect$$libinit$$00000004  c_w.l(libinit2.o)
    0x000002e6   0x000002e6   0x00000000   Code   RO          862    .ARM.Collect$$libinit$$0000000A  c_w.l(libinit2.o)
    0x000002e6   0x000002e6   0x00000000   Code   RO          864    .ARM.Collect$$libinit$$0000000C  c_w.l(libinit2.o)
    0x000002e6   0x000002e6   0x00000000   Code   RO          866    .ARM.Collect$$libinit$$0000000E  c_w.l(libinit2.o)
    0x000002e6   0x000002e6   0x00000000   Code   RO          869    .ARM.Collect$$libinit$$00000011  c_w.l(libinit2.o)
    0x000002e6   0x000002e6   0x00000000   Code   RO          871    .ARM.Collect$$libinit$$00000013  c_w.l(libinit2.o)
    0x000002e6   0x000002e6   0x00000000   Code   RO          873    .ARM.Collect$$libinit$$00000015  c_w.l(libinit2.o)
    0x000002e6   0x000002e6   0x00000000   Code   RO          875    .ARM.Collect$$libinit$$00000017  c_w.l(libinit2.o)
    0x000002e6   0x000002e6   0x00000000   Code   RO          877    .ARM.Collect$$libinit$$00000019  c_w.l(libinit2.o)
    0x000002e6   0x000002e6   0x00000000   Code   RO          879    .ARM.Collect$$libinit$$0000001B  c_w.l(libinit2.o)
    0x000002e6   0x000002e6   0x00000000   Code   RO          881    .ARM.Collect$$libinit$$0000001D  c_w.l(libinit2.o)
    0x000002e6   0x000002e6   0x00000000   Code   RO          883    .ARM.Collect$$libinit$$0000001F  c_w.l(libinit2.o)
    0x000002e6   0x000002e6   0x00000000   Code   RO          885    .ARM.Collect$$libinit$$00000021  c_w.l(libinit2.o)
    0x000002e6   0x000002e6   0x00000000   Code   RO          887    .ARM.Collect$$libinit$$00000023  c_w.l(libinit2.o)
    0x000002e6   0x000002e6   0x00000000   Code   RO          889    .ARM.Collect$$libinit$$00000025  c_w.l(libinit2.o)
    0x000002e6   0x000002e6   0x00000000   Code   RO          893    .ARM.Collect$$libinit$$0000002C  c_w.l(libinit2.o)
    0x000002e6   0x000002e6   0x00000000   Code   RO          895    .ARM.Collect$$libinit$$0000002E  c_w.l(libinit2.o)
    0x000002e6   0x000002e6   0x00000000   Code   RO          897    .ARM.Collect$$libinit$$00000030  c_w.l(libinit2.o)
    0x000002e6   0x000002e6   0x00000000   Code   RO          899    .ARM.Collect$$libinit$$00000032  c_w.l(libinit2.o)
    0x000002e6   0x000002e6   0x00000002   Code   RO          900    .ARM.Collect$$libinit$$00000033  c_w.l(libinit2.o)
    0x000002e8   0x000002e8   0x00000002   Code   RO          922    .ARM.Collect$$libshutdown$$00000000  c_w.l(libshutdown.o)
    0x000002ea   0x000002ea   0x00000000   Code   RO          937    .ARM.Collect$$libshutdown$$00000002  c_w.l(libshutdown2.o)
    0x000002ea   0x000002ea   0x00000000   Code   RO          939    .ARM.Collect$$libshutdown$$00000004  c_w.l(libshutdown2.o)
    0x000002ea   0x000002ea   0x00000000   Code   RO          942    .ARM.Collect$$libshutdown$$00000007  c_w.l(libshutdown2.o)
    0x000002ea   0x000002ea   0x00000000   Code   RO          945    .ARM.Collect$$libshutdown$$0000000A  c_w.l(libshutdown2.o)
    0x000002ea   0x000002ea   0x00000000   Code   RO          947    .ARM.Collect$$libshutdown$$0000000C  c_w.l(libshutdown2.o)
    0x000002ea   0x000002ea   0x00000000   Code   RO          950    .ARM.Collect$$libshutdown$$0000000F  c_w.l(libshutdown2.o)
    0x000002ea   0x000002ea   0x00000002   Code   RO          951    .ARM.Collect$$libshutdown$$00000010  c_w.l(libshutdown2.o)
    0x000002ec   0x000002ec   0x00000000   Code   RO          823    .ARM.Collect$$rtentry$$00000000  c_w.l(__rtentry.o)
    0x000002ec   0x000002ec   0x00000000   Code   RO          827    .ARM.Collect$$rtentry$$00000002  c_w.l(__rtentry2.o)
    0x000002ec   0x000002ec   0x00000006   Code   RO          839    .ARM.Collect$$rtentry$$00000004  c_w.l(__rtentry4.o)
    0x000002f2   0x000002f2   0x00000000   Code   RO          829    .ARM.Collect$$rtentry$$00000009  c_w.l(__rtentry2.o)
    0x000002f2   0x000002f2   0x00000004   Code   RO          830    .ARM.Collect$$rtentry$$0000000A  c_w.l(__rtentry2.o)
    0x000002f6   0x000002f6   0x00000000   Code   RO          832    .ARM.Collect$$rtentry$$0000000C  c_w.l(__rtentry2.o)
    0x000002f6   0x000002f6   0x00000008   Code   RO          833    .ARM.Collect$$rtentry$$0000000D  c_w.l(__rtentry2.o)
    0x000002fe   0x000002fe   0x00000002   Code   RO          854    .ARM.Collect$$rtexit$$00000000  c_w.l(rtexit.o)
    0x00000300   0x00000300   0x00000000   Code   RO          902    .ARM.Collect$$rtexit$$00000002  c_w.l(rtexit2.o)
    0x00000300   0x00000300   0x00000004   Code   RO          903    .ARM.Collect$$rtexit$$00000003  c_w.l(rtexit2.o)
    0x00000304   0x00000304   0x00000006   Code   RO          904    .ARM.Collect$$rtexit$$00000004  c_w.l(rtexit2.o)
    0x0000030a   0x0000030a   0x00000002   PAD
    0x0000030c   0x0000030c   0x00000114   Code   RO          142  * .text               startup_tm4c123.o
    0x00000420   0x00000420   0x0000003e   Code   RO          807    .text               c_w.l(strlen.o)
    0x0000045e   0x0000045e   0x0000008a   Code   RO          809    .text               c_w.l(rt_memcpy_v6.o)
    0x000004e8   0x000004e8   0x00000010   Code   RO          811    .text               c_w.l(aeabi_memset.o)
    0x000004f8   0x000004f8   0x00000010   Code   RO          813    .text               c_w.l(aeabi_memset4.o)
    0x00000508   0x00000508   0x00000044   Code   RO          815    .text               c_w.l(rt_memclr.o)
    0x0000054c   0x0000054c   0x0000004e   Code   RO          817    .text               c_w.l(rt_memclr_w.o)
    0x0000059a   0x0000059a   0x00000006   Code   RO          819    .text               c_w.l(heapauxi.o)
    0x000005a0   0x000005a0   0x00000064   Code   RO          824    .text               c_w.l(rt_memcpy_w.o)
    0x00000604   0x00000604   0x0000004a   Code   RO          841    .text               c_w.l(sys_stackheap_outer.o)
    0x0000064e   0x0000064e   0x00000012   Code   RO          843    .text               c_w.l(exit.o)
    0x00000660   0x00000660   0x00000008   Code   RO          851    .text               c_w.l(libspace.o)
    0x00000668   0x00000668   0x0000000c   Code   RO          912    .text               c_w.l(sys_exit.o)
    0x00000674   0x00000674   0x00000002   Code   RO          927    .text               c_w.l(use_no_semi.o)
    0x00000676   0x00000676   0x00000000   Code   RO          929    .text               c_w.l(indicate_semi.o)
    0x00000676   0x00000676   0x00000002   PAD
    0x00000678   0x00000678   0x00000036   Code   RO           46    .text.ALARM_task    main.o
    0x000006ae   0x000006ae   0x00000002   PAD
    0x000006b0   0x000006b0   0x0000002e   Code   RO           97    .text.EventCheckFilter  eventrecorder.o
    0x000006de   0x000006de   0x00000002   PAD
    0x000006e0   0x000006e0   0x0000003a   Code   RO           83    .text.EventGetTS    eventrecorder.o
    0x0000071a   0x0000071a   0x00000002   PAD
    0x0000071c   0x0000071c   0x00000036   Code   RO          101    .text.EventRecord2  eventrecorder.o
    0x00000752   0x00000752   0x00000002   PAD
    0x00000754   0x00000754   0x00000068   Code   RO          103    .text.EventRecord4  eventrecorder.o
    0x000007bc   0x000007bc   0x000000ac   Code   RO           85    .text.EventRecordItem  eventrecorder.o
    0x00000868   0x00000868   0x0000000c   Code   RO           75    .text.EventRecorderTimerGetCount  eventrecorder.o
    0x00000874   0x00000874   0x00000010   Code   RO          333    .text.EvrFreeRTOSHeap_Malloc  freertos_evr.o
    0x00000884   0x00000884   0x00000014   Code   RO          267    .text.EvrFreeRTOSQueue_BlockingOnQueueReceive  freertos_evr.o
    0x00000898   0x00000898   0x00000014   Code   RO          269    .text.EvrFreeRTOSQueue_BlockingOnQueueSend  freertos_evr.o
    0x000008ac   0x000008ac   0x00000014   Code   RO          219    .text.EvrFreeRTOSQueue_QueueCreate  freertos_evr.o
    0x000008c0   0x000008c0   0x00000010   Code   RO          221    .text.EvrFreeRTOSQueue_QueueCreateFailed  freertos_evr.o
    0x000008d0   0x000008d0   0x00000014   Code   RO          243    .text.EvrFreeRTOSQueue_QueueReceive  freertos_evr.o
    0x000008e4   0x000008e4   0x00000010   Code   RO          251    .text.EvrFreeRTOSQueue_QueueReceiveFailed  freertos_evr.o
    0x000008f4   0x000008f4   0x00000014   Code   RO          239    .text.EvrFreeRTOSQueue_QueueSend  freertos_evr.o
    0x00000908   0x00000908   0x00000010   Code   RO          241    .text.EvrFreeRTOSQueue_QueueSendFailed  freertos_evr.o
    0x00000918   0x00000918   0x00000014   Code   RO          187    .text.EvrFreeRTOSTasks_IncreaseTickCount  freertos_evr.o
    0x0000092c   0x0000092c   0x00000014   Code   RO          201    .text.EvrFreeRTOSTasks_LowPowerIdleBegin  freertos_evr.o
    0x00000940   0x00000940   0x00000014   Code   RO          203    .text.EvrFreeRTOSTasks_LowPowerIdleEnd  freertos_evr.o
    0x00000954   0x00000954   0x00000014   Code   RO          197    .text.EvrFreeRTOSTasks_MovedTaskToReadyState  freertos_evr.o
    0x00000968   0x00000968   0x00000014   Code   RO          199    .text.EvrFreeRTOSTasks_PostMovedTaskToReadyState  freertos_evr.o
    0x0000097c   0x0000097c   0x00000010   Code   RO          167    .text.EvrFreeRTOSTasks_TaskCreate  freertos_evr.o
    0x0000098c   0x0000098c   0x00000014   Code   RO          175    .text.EvrFreeRTOSTasks_TaskDelay  freertos_evr.o
    0x000009a0   0x000009a0   0x00000014   Code   RO          173    .text.EvrFreeRTOSTasks_TaskDelayUntil  freertos_evr.o
    0x000009b4   0x000009b4   0x00000014   Code   RO          185    .text.EvrFreeRTOSTasks_TaskIncrementTick  freertos_evr.o
    0x000009c8   0x000009c8   0x00000014   Code   RO          195    .text.EvrFreeRTOSTasks_TaskPriorityDisinherit  freertos_evr.o
    0x000009dc   0x000009dc   0x00000014   Code   RO          191    .text.EvrFreeRTOSTasks_TaskSwitchedIn  freertos_evr.o
    0x000009f0   0x000009f0   0x00000014   Code   RO          189    .text.EvrFreeRTOSTasks_TaskSwitchedOut  freertos_evr.o
    0x00000a04   0x00000a04   0x00000022   Code   RO          277    .text.EvrFreeRTOSTimers_TimerCommandReceived  freertos_evr.o
    0x00000a26   0x00000a26   0x00000002   PAD
    0x00000a28   0x00000a28   0x00000014   Code   RO          279    .text.EvrFreeRTOSTimers_TimerExpired  freertos_evr.o
    0x00000a3c   0x00000a3c   0x000000be   Code   RO           63    .text.GPIO_init     dio.o
    0x00000afa   0x00000afa   0x00000002   PAD
    0x00000afc   0x00000afc   0x00000008   Code   RO           99    .text.GetContext    eventrecorder.o
    0x00000b04   0x00000b04   0x00000012   Code   RO          115    .text.GetRecordIndex  eventrecorder.o
    0x00000b16   0x00000b16   0x00000002   PAD
    0x00000b18   0x00000b18   0x00000012   Code   RO          123    .text.IncrementRecordsDumped  eventrecorder.o
    0x00000b2a   0x00000b2a   0x00000002   PAD
    0x00000b2c   0x00000b2c   0x00000012   Code   RO          121    .text.IncrementRecordsWritten  eventrecorder.o
    0x00000b3e   0x00000b3e   0x00000002   PAD
    0x00000b40   0x00000b40   0x0000000a   Code   RO           20    .text.LCD_clear     lcd_config.o
    0x00000b4a   0x00000b4a   0x00000002   PAD
    0x00000b4c   0x00000b4c   0x0000003a   Code   RO           10    .text.LCD_command   lcd_config.o
    0x00000b86   0x00000b86   0x00000002   PAD
    0x00000b88   0x00000b88   0x0000002e   Code   RO           18    .text.LCD_data      lcd_config.o
    0x00000bb6   0x00000bb6   0x00000002   PAD
    0x00000bb8   0x00000bb8   0x00000024   Code   RO           24    .text.LCD_display   lcd_config.o
    0x00000bdc   0x00000bdc   0x0000001c   Code   RO           22    .text.LCD_line      lcd_config.o
    0x00000bf8   0x00000bf8   0x00000074   Code   RO           16    .text.LCD_start     lcd_config.o
    0x00000c6c   0x00000c6c   0x00000078   Code   RO           44    .text.LCD_task      main.o
    0x00000ce4   0x00000ce4   0x00000024   Code   RO          117    .text.LockRecord    eventrecorder.o
    0x00000d08   0x00000d08   0x0000000a   Code   RO          105    .text.LockTS_Overflow  eventrecorder.o
    0x00000d12   0x00000d12   0x0000000e   PAD
    0x00000d20   0x00000d20   0x00000064   Code   RO          384    .text.PendSV_Handler  port.o
    0x00000d84   0x00000d84   0x0000000c   PAD
    0x00000d90   0x00000d90   0x00000024   Code   RO          368    .text.SVC_Handler   port.o
    0x00000db4   0x00000db4   0x0000002e   Code   RO          386    .text.SysTick_Handler  port.o
    0x00000de2   0x00000de2   0x00000002   PAD
    0x00000de4   0x00000de4   0x00000070   Code   RO          153    .text.SystemInit    system_tm4c123.o
    0x00000e54   0x00000e54   0x0000009c   Code   RO           42    .text.UART_task     main.o
    0x00000ef0   0x00000ef0   0x00000020   Code   RO          119    .text.UnlockRecord  eventrecorder.o
    0x00000f10   0x00000f10   0x0000000a   Code   RO          107    .text.UnlockTS_Overflow  eventrecorder.o
    0x00000f1a   0x00000f1a   0x00000002   PAD
    0x00000f1c   0x00000f1c   0x00000008   Code   RO          109    .text.UpdateTS      eventrecorder.o
    0x00000f24   0x00000f24   0x00000074   Code   RO            2    .text.adc_init      adc.o
    0x00000f98   0x00000f98   0x00000012   Code   RO          125    .text.atomic_inc32  eventrecorder.o
    0x00000faa   0x00000faa   0x00000002   PAD
    0x00000fac   0x00000fac   0x0000001c   Code   RO          127    .text.atomic_inc8   eventrecorder.o
    0x00000fc8   0x00000fc8   0x0000001c   Code   RO          113    .text.atomic_wr32   eventrecorder.o
    0x00000fe4   0x00000fe4   0x00000018   Code   RO          111    .text.atomic_wr8    eventrecorder.o
    0x00000ffc   0x00000ffc   0x00000046   Code   RO           14    .text.delayMs       lcd_config.o
    0x00001042   0x00001042   0x00000002   PAD
    0x00001044   0x00001044   0x0000002e   Code   RO           12    .text.delayUs       lcd_config.o
    0x00001072   0x00001072   0x00000002   PAD
    0x00001074   0x00001074   0x00000048   Code   RO          663    .text.eTaskConfirmSleepModeStatus  tasks.o
    0x000010bc   0x000010bc   0x000000f4   Code   RO           48    .text.main          main.o
    0x000011b0   0x000011b0   0x000000ec   Code   RO           40    .text.main_task     main.o
    0x0000129c   0x0000129c   0x0000001c   Code   RO           30    .text.print         lcd_config.o
    0x000012b8   0x000012b8   0x00000012   Code   RO           28    .text.printchar     lcd_config.o
    0x000012ca   0x000012ca   0x00000002   PAD
    0x000012cc   0x000012cc   0x000000c6   Code   RO          585    .text.prvAddCurrentTaskToDelayedList  tasks.o
    0x00001392   0x00001392   0x00000002   PAD
    0x00001394   0x00001394   0x000000e0   Code   RO          573    .text.prvAddNewTaskToReadyList  tasks.o
    0x00001474   0x00001474   0x0000005a   Code   RO          739    .text.prvCheckForValidListAndQueue  timers.o
    0x000014ce   0x000014ce   0x00000002   PAD
    0x000014d0   0x000014d0   0x0000004e   Code   RO          703    .text.prvCheckTasksWaitingTermination  tasks.o
    0x0000151e   0x0000151e   0x00000002   PAD
    0x00001520   0x00001520   0x00000026   Code   RO          463    .text.prvCopyDataFromQueue  queue.o
    0x00001546   0x00001546   0x00000002   PAD
    0x00001548   0x00001548   0x0000007a   Code   RO          449    .text.prvCopyDataToQueue  queue.o
    0x000015c2   0x000015c2   0x00000002   PAD
    0x000015c4   0x000015c4   0x00000012   Code   RO          579    .text.prvDeleteTCB  tasks.o
    0x000015d6   0x000015d6   0x00000002   PAD
    0x000015d8   0x000015d8   0x00000044   Code   RO          705    .text.prvGetExpectedIdleTime  tasks.o
    0x0000161c   0x0000161c   0x00000020   Code   RO          775    .text.prvGetNextExpireTime  timers.o
    0x0000163c   0x0000163c   0x00000082   Code   RO          611    .text.prvIdleTask   tasks.o
    0x000016be   0x000016be   0x00000002   PAD
    0x000016c0   0x000016c0   0x0000002a   Code   RO          429    .text.prvInitialiseNewQueue  queue.o
    0x000016ea   0x000016ea   0x00000002   PAD
    0x000016ec   0x000016ec   0x000000aa   Code   RO          571    .text.prvInitialiseNewTask  tasks.o
    0x00001796   0x00001796   0x00000002   PAD
    0x00001798   0x00001798   0x0000006e   Code   RO          701    .text.prvInitialiseTaskLists  tasks.o
    0x00001806   0x00001806   0x00000002   PAD
    0x00001808   0x00001808   0x00000040   Code   RO          789    .text.prvInsertTimerInActiveList  timers.o
    0x00001848   0x00001848   0x00000018   Code   RO          465    .text.prvIsQueueEmpty  queue.o
    0x00001860   0x00001860   0x0000001c   Code   RO          453    .text.prvIsQueueFull  queue.o
    0x0000187c   0x0000187c   0x00000096   Code   RO          451    .text.prvNotifyQueueSetContainer  queue.o
    0x00001912   0x00001912   0x00000002   PAD
    0x00001914   0x00001914   0x00000028   Code   RO          376    .text.prvPortStartFirstTask  port.o
    0x0000193c   0x0000193c   0x00000044   Code   RO          783    .text.prvProcessExpiredTimer  timers.o
    0x00001980   0x00001980   0x00000122   Code   RO          779    .text.prvProcessReceivedCommands  timers.o
    0x00001aa2   0x00001aa2   0x00000002   PAD
    0x00001aa4   0x00001aa4   0x00000080   Code   RO          777    .text.prvProcessTimerOrBlockTask  timers.o
    0x00001b24   0x00001b24   0x00000040   Code   RO          787    .text.prvReloadTimer  timers.o
    0x00001b64   0x00001b64   0x00000026   Code   RO          577    .text.prvResetNextTaskUnblockTime  tasks.o
    0x00001b8a   0x00001b8a   0x00000002   PAD
    0x00001b8c   0x00001b8c   0x0000002a   Code   RO          781    .text.prvSampleTimeNow  timers.o
    0x00001bb6   0x00001bb6   0x00000002   PAD
    0x00001bb8   0x00001bb8   0x00000034   Code   RO          785    .text.prvSwitchTimerLists  timers.o
    0x00001bec   0x00001bec   0x00000032   Code   RO          366    .text.prvTaskExitError  port.o
    0x00001c1e   0x00001c1e   0x00000002   PAD
    0x00001c20   0x00001c20   0x00000016   Code   RO          741    .text.prvTimerTask  timers.o
    0x00001c36   0x00001c36   0x00000002   PAD
    0x00001c38   0x00001c38   0x00000086   Code   RO          455    .text.prvUnlockQueue  queue.o
    0x00001cbe   0x00001cbe   0x00000002   PAD
    0x00001cc0   0x00001cc0   0x00000072   Code   RO          406    .text.pvPortMalloc  heap_1.o
    0x00001d32   0x00001d32   0x00000002   PAD
    0x00001d34   0x00001d34   0x00000028   Code   RO          364    .text.pxPortInitialiseStack  port.o
    0x00001d5c   0x00001d5c   0x0000006a   Code   RO           26    .text.toString      lcd_config.o
    0x00001dc6   0x00001dc6   0x00000002   PAD
    0x00001dc8   0x00001dc8   0x00000024   Code   RO          354    .text.uxListRemove  list.o
    0x00001dec   0x00001dec   0x00000016   Code   RO          346    .text.vListInitialise  list.o
    0x00001e02   0x00001e02   0x00000002   PAD
    0x00001e04   0x00001e04   0x00000006   Code   RO          348    .text.vListInitialiseItem  list.o
    0x00001e0a   0x00001e0a   0x00000002   PAD
    0x00001e0c   0x00001e0c   0x0000003a   Code   RO          352    .text.vListInsert   list.o
    0x00001e46   0x00001e46   0x00000002   PAD
    0x00001e48   0x00001e48   0x00000014   Code   RO          374    .text.vPortEnableVFP  port.o
    0x00001e5c   0x00001e5c   0x00000046   Code   RO          380    .text.vPortEnterCritical  port.o
    0x00001ea2   0x00001ea2   0x00000002   PAD
    0x00001ea4   0x00001ea4   0x0000002e   Code   RO          382    .text.vPortExitCritical  port.o
    0x00001ed2   0x00001ed2   0x00000002   PAD
    0x00001ed4   0x00001ed4   0x0000001a   Code   RO          408    .text.vPortFree     heap_1.o
    0x00001eee   0x00001eee   0x00000002   PAD
    0x00001ef0   0x00001ef0   0x00000064   Code   RO          372    .text.vPortSetupTimerInterrupt  port.o
    0x00001f54   0x00001f54   0x00000114   Code   RO          388    .text.vPortSuppressTicksAndSleep  port.o
    0x00002068   0x00002068   0x00000044   Code   RO          493    .text.vQueueWaitForMessageRestricted  queue.o
    0x000020ac   0x000020ac   0x0000005a   Code   RO          589    .text.vTaskDelay    tasks.o
    0x00002106   0x00002106   0x00000002   PAD
    0x00002108   0x00002108   0x0000001a   Code   RO          653    .text.vTaskInternalSetTimeOutState  tasks.o
    0x00002122   0x00002122   0x00000002   PAD
    0x00002124   0x00002124   0x0000000e   Code   RO          657    .text.vTaskMissedYield  tasks.o
    0x00002132   0x00002132   0x00000002   PAD
    0x00002134   0x00002134   0x00000032   Code   RO          641    .text.vTaskPlaceOnEventList  tasks.o
    0x00002166   0x00002166   0x00000002   PAD
    0x00002168   0x00002168   0x0000006e   Code   RO          645    .text.vTaskPlaceOnEventListRestricted  tasks.o
    0x000021d6   0x000021d6   0x00000002   PAD
    0x000021d8   0x000021d8   0x000000b4   Code   RO          609    .text.vTaskStartScheduler  tasks.o
    0x0000228c   0x0000228c   0x0000003a   Code   RO          635    .text.vTaskStepTick  tasks.o
    0x000022c6   0x000022c6   0x00000002   PAD
    0x000022c8   0x000022c8   0x00000010   Code   RO          583    .text.vTaskSuspendAll  tasks.o
    0x000022d8   0x000022d8   0x00000096   Code   RO          601    .text.vTaskSwitchContext  tasks.o
    0x0000236e   0x0000236e   0x00000002   PAD
    0x00002370   0x00002370   0x00000112   Code   RO          370    .text.xPortStartScheduler  port.o
    0x00002482   0x00002482   0x00000002   PAD
    0x00002484   0x00002484   0x00000058   Code   RO          427    .text.xQueueGenericCreate  queue.o
    0x000024dc   0x000024dc   0x000000b2   Code   RO          425    .text.xQueueGenericReset  queue.o
    0x0000258e   0x0000258e   0x00000002   PAD
    0x00002590   0x00002590   0x000001e6   Code   RO          441    .text.xQueueGenericSend  queue.o
    0x00002776   0x00002776   0x00000002   PAD
    0x00002778   0x00002778   0x0000019e   Code   RO          461    .text.xQueueReceive  queue.o
    0x00002916   0x00002916   0x00000002   PAD
    0x00002918   0x00002918   0x000000a6   Code   RO          655    .text.xTaskCheckForTimeOut  tasks.o
    0x000029be   0x000029be   0x00000002   PAD
    0x000029c0   0x000029c0   0x00000060   Code   RO          569    .text.xTaskCreate   tasks.o
    0x00002a20   0x00002a20   0x00000026   Code   RO          675    .text.xTaskGetSchedulerState  tasks.o
    0x00002a46   0x00002a46   0x00000002   PAD
    0x00002a48   0x00002a48   0x0000000c   Code   RO          617    .text.xTaskGetTickCount  tasks.o
    0x00002a54   0x00002a54   0x000001b0   Code   RO          615    .text.xTaskIncrementTick  tasks.o
    0x00002c04   0x00002c04   0x000000d6   Code   RO          679    .text.xTaskPriorityDisinherit  tasks.o
    0x00002cda   0x00002cda   0x00000002   PAD
    0x00002cdc   0x00002cdc   0x000000fc   Code   RO          647    .text.xTaskRemoveFromEventList  tasks.o
    0x00002dd8   0x00002dd8   0x00000188   Code   RO          587    .text.xTaskResumeAll  tasks.o
    0x00002f60   0x00002f60   0x00000060   Code   RO          737    .text.xTimerCreateTimerTask  timers.o
    0x00002fc0   0x00002fc0   0x0000001a   Code   RO          910    x$fpl$fpinit        fz_wm.l(fpinit.o)
    0x00002fda   0x00002fda   0x00000002   PAD
    0x00002fdc   0x00002fdc   0x00000018   Data   RO          130    .rodata.EventRecorderInfo  eventrecorder.o
    0x00002ff4   0x00002ff4   0x00000004   Data   RO           53    .rodata.str1.1      main.o
    0x00002ff8   0x00002ff8   0x00000004   Data   RO          708    .rodata.uxTopUsedPriority  tasks.o
    0x00002ffc   0x00002ffc   0x00000020   Data   RO          985    Region$$Table       anon$$obj.o


    Execution Region ER_RW (Exec base: 0x20000000, Load base: 0x0000301c, Size: 0x00000008, Max: 0xffffffff, ABSOLUTE)

    Exec Addr    Load Addr    Size         Type   Attr      Idx    E Section Name        Object

    0x20000000   0x0000301c   0x00000004   Data   RW          155    .data.SystemCoreClock  system_tm4c123.o
    0x20000004   0x00003020   0x00000004   Data   RW          394    .data.uxCriticalNesting  port.o


    Execution Region ER_ZI (Exec base: 0x20000040, Load base: 0x00003024, Size: 0x00002fa0, Max: 0xffffffff, ABSOLUTE)

    Exec Addr    Load Addr    Size         Type   Attr      Idx    E Section Name        Object

    0x20000040        -       0x00000060   Zero   RW          852    .bss                c_w.l(libspace.o)
    0x200000a0        -       0x00000001   Zero   RW          131    .bss.TS_OverflowLock  eventrecorder.o
    0x200000a1   0x00003024   0x0000001f   PAD
    0x200000c0        -       0x000004a4   Zero   RW          129    .bss.noinit         eventrecorder.o
    0x20000564        -       0x00000004   Zero   RW          795    .bss.prvSampleTimeNow.xLastTime  timers.o
    0x20000568        -       0x00000004   Zero   RW          414    .bss.pvPortMalloc.pucAlignedHeap  heap_1.o
    0x2000056c        -       0x00000004   Zero   RW          707    .bss.pxCurrentTCB   tasks.o
    0x20000570        -       0x00000004   Zero   RW          793    .bss.pxCurrentTimerList  timers.o
    0x20000574        -       0x00000004   Zero   RW          718    .bss.pxDelayedTaskList  tasks.o
    0x20000578        -       0x00000004   Zero   RW          719    .bss.pxOverflowDelayedTaskList  tasks.o
    0x2000057c        -       0x00000004   Zero   RW          794    .bss.pxOverflowTimerList  timers.o
    0x20000580        -       0x00000064   Zero   RW          709    .bss.pxReadyTasksLists  tasks.o
    0x200005e4        -       0x00002710   Zero   RW          415    .bss.ucHeap         heap_1.o
    0x20002cf4        -       0x00000001   Zero   RW          392    .bss.ucMaxSysCallPriority  port.o
    0x20002cf5   0x00003024   0x00000003   PAD
    0x20002cf8        -       0x00000004   Zero   RW          393    .bss.ulMaxPRIGROUPValue  port.o
    0x20002cfc        -       0x00000001   Zero   RW          397    .bss.ulStoppedTimerCompensation  port.o
    0x20002cfd   0x00003024   0x00000003   PAD
    0x20002d00        -       0x00000004   Zero   RW          396    .bss.ulTimerCountsForOneTick  port.o
    0x20002d04        -       0x00000004   Zero   RW          714    .bss.uxCurrentNumberOfTasks  tasks.o
    0x20002d08        -       0x00000004   Zero   RW          713    .bss.uxDeletedTasksWaitingCleanUp  tasks.o
    0x20002d0c        -       0x00000004   Zero   RW          716    .bss.uxSchedulerSuspended  tasks.o
    0x20002d10        -       0x00000004   Zero   RW          711    .bss.uxTaskNumber   tasks.o
    0x20002d14        -       0x00000004   Zero   RW          710    .bss.uxTopReadyPriority  tasks.o
    0x20002d18        -       0x00000014   Zero   RW          796    .bss.xActiveTimerList1  timers.o
    0x20002d2c        -       0x00000014   Zero   RW          797    .bss.xActiveTimerList2  timers.o
    0x20002d40        -       0x00000004   Zero   RW           52    .bss.xAlarmQueue    main.o
    0x20002d44        -       0x00000014   Zero   RW          727    .bss.xDelayedTaskList1  tasks.o
    0x20002d58        -       0x00000014   Zero   RW          728    .bss.xDelayedTaskList2  tasks.o
    0x20002d6c        -       0x00000004   Zero   RW          723    .bss.xIdleTaskHandle  tasks.o
    0x20002d70        -       0x00000004   Zero   RW           51    .bss.xLCDQueue      main.o
    0x20002d74        -       0x00000004   Zero   RW          395    .bss.xMaximumPossibleSuppressedTicks  port.o
    0x20002d78        -       0x00000004   Zero   RW          416    .bss.xNextFreeByte  heap_1.o
    0x20002d7c        -       0x00000004   Zero   RW          724    .bss.xNextTaskUnblockTime  tasks.o
    0x20002d80        -       0x00000004   Zero   RW          726    .bss.xNumOfOverflows  tasks.o
    0x20002d84        -       0x00000004   Zero   RW          725    .bss.xPendedTicks   tasks.o
    0x20002d88        -       0x00000014   Zero   RW          722    .bss.xPendingReadyList  tasks.o
    0x20002d9c        -       0x00000004   Zero   RW          715    .bss.xSchedulerRunning  tasks.o
    0x20002da0        -       0x00000014   Zero   RW          720    .bss.xSuspendedTaskList  tasks.o
    0x20002db4        -       0x00000014   Zero   RW          712    .bss.xTasksWaitingTermination  tasks.o
    0x20002dc8        -       0x00000004   Zero   RW          717    .bss.xTickCount     tasks.o
    0x20002dcc        -       0x00000004   Zero   RW          791    .bss.xTimerQueue    timers.o
    0x20002dd0        -       0x00000004   Zero   RW          792    .bss.xTimerTaskHandle  timers.o
    0x20002dd4        -       0x00000004   Zero   RW           50    .bss.xUARTQueue     main.o
    0x20002dd8        -       0x00000004   Zero   RW          721    .bss.xYieldPending  tasks.o
    0x20002ddc   0x00003024   0x00000004   PAD
    0x20002de0        -       0x00000000   Zero   RW          140    HEAP                startup_tm4c123.o
    0x20002de0        -       0x00000200   Zero   RW          139    STACK               startup_tm4c123.o


==============================================================================

Image component sizes


      Code (inc. data)   RO Data    RW Data    ZI Data      Debug   Object Name

       116          0          0          0          0        379   adc.o
       190          0          0          0          0        419   dio.o
       702          0         24          0       1189      10577   eventrecorder.o
       454          0          0          0          0      18216   freertos_evr.o
       140          0          0          0      10008       1691   heap_1.o
       562          0          0          0          0       2713   lcd_config.o
       122          0          0          0          0       2182   list.o
       810        144          4          0         12       2425   main.o
      1098         16          0          4         14       4996   port.o
      1772          0          0          0          0      22916   queue.o
       276         24        620          0        512       5448   startup_tm4c123.o
       112          0          0          4          0       6435   system_tm4c123.o
      3402          8          4          0        260      34410   tasks.o
       948         18          0          0         60      12123   timers.o

    ----------------------------------------------------------------------
     10844        222        684          8      12096     124930   Object Totals
         0          0         32          0          0          0   (incl. Generated)
       140         12          0          0         41          0   (incl. Padding)

    ----------------------------------------------------------------------

      Code (inc. data)   RO Data    RW Data    ZI Data      Debug   Library Member Name

         8          0          0          0          0         68   __main.o
         0          0          0          0          0          0   __rtentry.o
        12          0          0          0          0          0   __rtentry2.o
         6          0          0          0          0          0   __rtentry4.o
        52          8          0          0          0          0   __scatter.o
        26          0          0          0          0          0   __scatter_copy.o
        28          0          0          0          0          0   __scatter_zi.o
        16          0          0          0          0         68   aeabi_memset.o
        16          0          0          0          0         68   aeabi_memset4.o
        18          0          0          0          0         80   exit.o
         6          0          0          0          0        152   heapauxi.o
         0          0          0          0          0          0   indicate_semi.o
         2          0          0          0          0          0   libinit.o
         6          0          0          0          0          0   libinit2.o
         2          0          0          0          0          0   libshutdown.o
         2          0          0          0          0          0   libshutdown2.o
         8          4          0          0         96         68   libspace.o
        68          0          0          0          0         68   rt_memclr.o
        78          0          0          0          0         80   rt_memclr_w.o
       138          0          0          0          0         68   rt_memcpy_v6.o
       100          0          0          0          0         80   rt_memcpy_w.o
         2          0          0          0          0          0   rtexit.o
        10          0          0          0          0          0   rtexit2.o
        62          0          0          0          0         76   strlen.o
        12          4          0          0          0         68   sys_exit.o
        74          0          0          0          0         80   sys_stackheap_outer.o
         2          0          0          0          0         68   use_no_semi.o
        26          0          0          0          0        116   fpinit.o

    ----------------------------------------------------------------------
       788         16          0          0         96       1208   Library Totals
         8          0          0          0          0          0   (incl. Padding)

    ----------------------------------------------------------------------

      Code (inc. data)   RO Data    RW Data    ZI Data      Debug   Library Name

       754         16          0          0         96       1092   c_w.l
        26          0          0          0          0        116   fz_wm.l

    ----------------------------------------------------------------------
       788         16          0          0         96       1208   Library Totals

    ----------------------------------------------------------------------

==============================================================================


      Code (inc. data)   RO Data    RW Data    ZI Data      Debug   

     11632        238        684          8      12192     125378   Grand Totals
     11632        238        684          8      12192     125378   ELF Image Totals
     11632        238        684          8          0          0   ROM Totals

==============================================================================

    Total RO  Size (Code + RO Data)                12316 (  12.03kB)
    Total RW  Size (RW Data + ZI Data)             12200 (  11.91kB)
    Total ROM Size (Code + RO Data + RW Data)      12324 (  12.04kB)

==============================================================================

