<html>
<body>
<pre>
<h1>µVision Build Log</h1>
<h2>Tool Versions:</h2>
IDE-Version: µVision V5.36.0.0
Copyright (C) 2021 ARM Ltd and ARM Germany GmbH. All rights reserved.
License Information: islam sameh, ainshams university, LIC=----
 
Tool Versions:
Toolchain:       MDK-Lite  Version: 5.36.0.0
Toolchain Path:  D:\keil\ARM\ARMCLANG\Bin
C Compiler:      ArmClang.exe V6.16
Assembler:       Armasm.exe V6.16
Linker/Locator:  ArmLink.exe V6.16
Library Manager: ArmAr.exe V6.16
Hex Converter:   FromElf.exe V6.16
CPU DLL:         SARMCM3.DLL V5.36.0.0
Dialog DLL:      DCM.DLL V1.17.3.0
Target DLL:      lmidk-agdi.dll V???
Dialog DLL:      TCM.DLL V1.53.0.0
 
<h2>Project:</h2>
C:\Users\SOLO\Desktop\jnjn\jnjn\jjhuj.uvprojx
Project File Date:  06/03/2022

<h2>Output:</h2>
*** Using Compiler 'V6.16', folder: 'D:\keil\ARM\ARMCLANG\Bin'
Rebuild target 'Target 1'
ADC.c(18): warning: implicit conversion changes signedness: 'int' to 'unsigned long' [-Wsign-conversion]
  ADC0_EMUX_R &= ~0xF000;    
              ~~ ^~~~~~~
1 warning generated.
compiling ADC.c...
LCD_config.c(108): warning: implicit conversion loses integer precision: 'int' to 'char' [-Wimplicit-int-conversion]
                text[i]=rem + '0';
                       ~~~~~^~~~~
1 warning generated.
compiling LCD_config.c...
main.c(47): warning: implicit conversion changes signedness: 'int' to 'unsigned long' [-Wsign-conversion]
                GPIO_PORTE_DATA_R &=~ 0x02;     //Green Led OFF
                                  ~~^~~~~~
main.c(19): warning: unused parameter 'pvParameters' [-Wunused-parameter]
void main_task(void *pvParameters){
                     ^
main.c(19): warning: function 'main_task' could be declared with attribute 'noreturn' [-Wmissing-noreturn]
void main_task(void *pvParameters){
                                  ^
main.c(81): warning: implicit conversion changes signedness: 'volatile unsigned long' to 'int' [-Wsign-conversion]
                                S = UART0_DR_R;
                                  ~ ^~~~~~~~~~
./tm4c123gh6pm.h(353): note: expanded from macro 'UART0_DR_R'
#define UART0_DR_R              (*((volatile unsigned long *)0x4000C000))
                                 ^~~~~~~~~~~~~~~~~~~~~~~~~~~~~~~~~~~~~~~
main.c(82): warning: implicit conversion loses integer precision: 'int' to 'char' [-Wimplicit-int-conversion]
                                printchar(S);
                                ~~~~~~~~~ ^
main.c(70): warning: unused parameter 'pvParameters' [-Wunused-parameter]
void UART_task(void* pvParameters){
                     ^
main.c(70): warning: function 'UART_task' could be declared with attribute 'noreturn' [-Wmissing-noreturn]
void UART_task(void* pvParameters){
                                  ^
main.c(95): warning: unused parameter 'pvParameters' [-Wunused-parameter]
void LCD_task(void *pvParameters){
                    ^
main.c(95): warning: function 'LCD_task' could be declared with attribute 'noreturn' [-Wmissing-noreturn]
void LCD_task(void *pvParameters){
                                 ^
main.c(120): warning: implicit conversion changes signedness: 'int' to 'unsigned long' [-Wsign-conversion]
                                GPIO_PORTE_DATA_R &=~ 0x05;                     // RED LED IS OFF
                                                  ~~^~~~~~
main.c(113): warning: unused parameter 'pvParameters' [-Wunused-parameter]
void ALARM_task(void *pvParameters){
                      ^
main.c(113): warning: function 'ALARM_task' could be declared with attribute 'noreturn' [-Wmissing-noreturn]
void ALARM_task(void *pvParameters){
                                   ^
12 warnings generated.
compiling main.c...
Dio.c(24): warning: implicit conversion changes signedness: 'int' to 'unsigned long' [-Wsign-conversion]
        UART0_CTL_R &=~ 1<<0;     
                    ~~~~~^~~
Dio.c(24): warning: shifting a negative signed value is undefined [-Wshift-negative-value]
        UART0_CTL_R &=~ 1<<0;     
                      ~~~^
2 warnings generated.
compiling Dio.c...
RTE/Device/TM4C123GH6PM/system_TM4C123.c(13): warning: In file included from...
D:/keil/Keil/TM4C_DFP/1.1.0/Device/Include/TM4C123\TM4C123.h(98): warning: In file included from...
D:/keil/Keil/TM4C_DFP/1.1.0/Device/Include/TM4C123/TM4C123GH6PM.h(298): warning: anonymous unions are a C11 extension [-Wc11-extensions]
  union {
  ^
D:/keil/Keil/TM4C_DFP/1.1.0/Device/Include/TM4C123/TM4C123GH6PM.h(338): warning: anonymous unions are a C11 extension [-Wc11-extensions]
  union {
  ^
D:/keil/Keil/TM4C_DFP/1.1.0/Device/Include/TM4C123/TM4C123GH6PM.h(357): warning: anonymous unions are a C11 extension [-Wc11-extensions]
  union {
  ^
D:/keil/Keil/TM4C_DFP/1.1.0/Device/Include/TM4C123/TM4C123GH6PM.h(713): warning: anonymous unions are a C11 extension [-Wc11-extensions]
  union {
  ^
D:/keil/Keil/TM4C_DFP/1.1.0/Device/Include/TM4C123/TM4C123GH6PM.h(729): warning: anonymous unions are a C11 extension [-Wc11-extensions]
  union {
  ^
D:/keil/Keil/TM4C_DFP/1.1.0/Device/Include/TM4C123/TM4C123GH6PM.h(774): warning: anonymous unions are a C11 extension [-Wc11-extensions]
  union {
  ^
D:/keil/Keil/TM4C_DFP/1.1.0/Device/Include/TM4C123/TM4C123GH6PM.h(779): warning: anonymous unions are a C11 extension [-Wc11-extensions]
  union {
  ^
D:/keil/Keil/TM4C_DFP/1.1.0/Device/Include/TM4C123/TM4C123GH6PM.h(872): warning: anonymous unions are a C11 extension [-Wc11-extensions]
  union {
  ^
D:/keil/Keil/TM4C_DFP/1.1.0/Device/Include/TM4C123/TM4C123GH6PM.h(885): warning: anonymous unions are a C11 extension [-Wc11-extensions]
  union {
  ^
D:/keil/Keil/TM4C_DFP/1.1.0/Device/Include/TM4C123/TM4C123GH6PM.h(892): warning: anonymous unions are a C11 extension [-Wc11-extensions]
  union {
  ^
D:/keil/Keil/TM4C_DFP/1.1.0/Device/Include/TM4C123/TM4C123GH6PM.h(897): warning: anonymous unions are a C11 extension [-Wc11-extensions]
  union {
  ^
D:/keil/Keil/TM4C_DFP/1.1.0/Device/Include/TM4C123/TM4C123GH6PM.h(904): warning: anonymous unions are a C11 extension [-Wc11-extensions]
  union {
  ^
D:/keil/Keil/TM4C_DFP/1.1.0/Device/Include/TM4C123/TM4C123GH6PM.h(910): warning: anonymous unions are a C11 extension [-Wc11-extensions]
  union {
  ^
D:/keil/Keil/TM4C_DFP/1.1.0/Device/Include/TM4C123/TM4C123GH6PM.h(917): warning: anonymous unions are a C11 extension [-Wc11-extensions]
  union {
  ^
D:/keil/Keil/TM4C_DFP/1.1.0/Device/Include/TM4C123/TM4C123GH6PM.h(924): warning: anonymous unions are a C11 extension [-Wc11-extensions]
  union {
  ^
D:/keil/Keil/TM4C_DFP/1.1.0/Device/Include/TM4C123/TM4C123GH6PM.h(929): warning: anonymous unions are a C11 extension [-Wc11-extensions]
  union {
  ^
D:/keil/Keil/TM4C_DFP/1.1.0/Device/Include/TM4C123/TM4C123GH6PM.h(936): warning: anonymous unions are a C11 extension [-Wc11-extensions]
  union {
  ^
D:/keil/Keil/TM4C_DFP/1.1.0/Device/Include/TM4C123/TM4C123GH6PM.h(942): warning: anonymous unions are a C11 extension [-Wc11-extensions]
  union {
  ^
D:/keil/Keil/TM4C_DFP/1.1.0/Device/Include/TM4C123/TM4C123GH6PM.h(949): warning: anonymous unions are a C11 extension [-Wc11-extensions]
  union {
  ^
D:/keil/Keil/TM4C_DFP/1.1.0/Device/Include/TM4C123/TM4C123GH6PM.h(956): warning: anonymous unions are a C11 extension [-Wc11-extensions]
  union {
  ^
D:/keil/Keil/TM4C_DFP/1.1.0/Device/Include/TM4C123/TM4C123GH6PM.h(961): warning: anonymous unions are a C11 extension [-Wc11-extensions]
  union {
  ^
D:/keil/Keil/TM4C_DFP/1.1.0/Device/Include/TM4C123/TM4C123GH6PM.h(968): warning: anonymous unions are a C11 extension [-Wc11-extensions]
  union {
  ^
D:/keil/Keil/TM4C_DFP/1.1.0/Device/Include/TM4C123/TM4C123GH6PM.h(974): warning: anonymous unions are a C11 extension [-Wc11-extensions]
  union {
  ^
D:/keil/Keil/TM4C_DFP/1.1.0/Device/Include/TM4C123/TM4C123GH6PM.h(981): warning: anonymous unions are a C11 extension [-Wc11-extensions]
  union {
  ^
D:/keil/Keil/TM4C_DFP/1.1.0/Device/Include/TM4C123/TM4C123GH6PM.h(988): warning: anonymous unions are a C11 extension [-Wc11-extensions]
  union {
  ^
D:/keil/Keil/TM4C_DFP/1.1.0/Device/Include/TM4C123/TM4C123GH6PM.h(993): warning: anonymous unions are a C11 extension [-Wc11-extensions]
  union {
  ^
D:/keil/Keil/TM4C_DFP/1.1.0/Device/Include/TM4C123/TM4C123GH6PM.h(1000): warning: anonymous unions are a C11 extension [-Wc11-extensions]
  union {
  ^
D:/keil/Keil/TM4C_DFP/1.1.0/Device/Include/TM4C123/TM4C123GH6PM.h(1006): warning: anonymous unions are a C11 extension [-Wc11-extensions]
  union {
  ^
D:/keil/Keil/TM4C_DFP/1.1.0/Device/Include/TM4C123/TM4C123GH6PM.h(1013): warning: anonymous unions are a C11 extension [-Wc11-extensions]
  union {
  ^
D:/keil/Keil/TM4C_DFP/1.1.0/Device/Include/TM4C123/TM4C123GH6PM.h(1020): warning: anonymous unions are a C11 extension [-Wc11-extensions]
  union {
  ^
D:/keil/Keil/TM4C_DFP/1.1.0/Device/Include/TM4C123/TM4C123GH6PM.h(1025): warning: anonymous unions are a C11 extension [-Wc11-extensions]
  union {
  ^
D:/keil/Keil/TM4C_DFP/1.1.0/Device/Include/TM4C123/TM4C123GH6PM.h(1032): warning: anonymous unions are a C11 extension [-Wc11-extensions]
  union {
  ^
D:/keil/Keil/TM4C_DFP/1.1.0/Device/Include/TM4C123/TM4C123GH6PM.h(1038): warning: anonymous unions are a C11 extension [-Wc11-extensions]
  union {
  ^
D:/keil/Keil/TM4C_DFP/1.1.0/Device/Include/TM4C123/TM4C123GH6PM.h(1045): warning: anonymous unions are a C11 extension [-Wc11-extensions]
  union {
  ^
D:/keil/Keil/TM4C_DFP/1.1.0/Device/Include/TM4C123/TM4C123GH6PM.h(1052): warning: anonymous unions are a C11 extension [-Wc11-extensions]
  union {
  ^
D:/keil/Keil/TM4C_DFP/1.1.0/Device/Include/TM4C123/TM4C123GH6PM.h(1057): warning: anonymous unions are a C11 extension [-Wc11-extensions]
  union {
  ^
D:/keil/Keil/TM4C_DFP/1.1.0/Device/Include/TM4C123/TM4C123GH6PM.h(1064): warning: anonymous unions are a C11 extension [-Wc11-extensions]
  union {
  ^
D:/keil/Keil/TM4C_DFP/1.1.0/Device/Include/TM4C123/TM4C123GH6PM.h(1070): warning: anonymous unions are a C11 extension [-Wc11-extensions]
  union {
  ^
D:/keil/Keil/TM4C_DFP/1.1.0/Device/Include/TM4C123/TM4C123GH6PM.h(1077): warning: anonymous unions are a C11 extension [-Wc11-extensions]
  union {
  ^
D:/keil/Keil/TM4C_DFP/1.1.0/Device/Include/TM4C123/TM4C123GH6PM.h(1084): warning: anonymous unions are a C11 extension [-Wc11-extensions]
  union {
  ^
D:/keil/Keil/TM4C_DFP/1.1.0/Device/Include/TM4C123/TM4C123GH6PM.h(1089): warning: anonymous unions are a C11 extension [-Wc11-extensions]
  union {
  ^
D:/keil/Keil/TM4C_DFP/1.1.0/Device/Include/TM4C123/TM4C123GH6PM.h(1096): warning: anonymous unions are a C11 extension [-Wc11-extensions]
  union {
  ^
D:/keil/Keil/TM4C_DFP/1.1.0/Device/Include/TM4C123/TM4C123GH6PM.h(1102): warning: anonymous unions are a C11 extension [-Wc11-extensions]
  union {
  ^
D:/keil/Keil/TM4C_DFP/1.1.0/Device/Include/TM4C123/TM4C123GH6PM.h(1251): warning: anonymous unions are a C11 extension [-Wc11-extensions]
  union {
  ^
44 warnings generated.
compiling system_TM4C123.c...
D:/keil/Keil/ARM_Compiler/1.7.0/Source/EventRecorder.c(14): warning: In file included from...
D:/keil/Keil/TM4C_DFP/1.1.0/Device/Include/TM4C123\TM4C123.h(98): warning: In file included from...
D:/keil/Keil/TM4C_DFP/1.1.0/Device/Include/TM4C123/TM4C123GH6PM.h(298): warning: anonymous unions are a C11 extension [-Wc11-extensions]
  union {
  ^
D:/keil/Keil/TM4C_DFP/1.1.0/Device/Include/TM4C123/TM4C123GH6PM.h(338): warning: anonymous unions are a C11 extension [-Wc11-extensions]
  union {
  ^
D:/keil/Keil/TM4C_DFP/1.1.0/Device/Include/TM4C123/TM4C123GH6PM.h(357): warning: anonymous unions are a C11 extension [-Wc11-extensions]
  union {
  ^
D:/keil/Keil/TM4C_DFP/1.1.0/Device/Include/TM4C123/TM4C123GH6PM.h(713): warning: anonymous unions are a C11 extension [-Wc11-extensions]
  union {
  ^
D:/keil/Keil/TM4C_DFP/1.1.0/Device/Include/TM4C123/TM4C123GH6PM.h(729): warning: anonymous unions are a C11 extension [-Wc11-extensions]
  union {
  ^
D:/keil/Keil/TM4C_DFP/1.1.0/Device/Include/TM4C123/TM4C123GH6PM.h(774): warning: anonymous unions are a C11 extension [-Wc11-extensions]
  union {
  ^
D:/keil/Keil/TM4C_DFP/1.1.0/Device/Include/TM4C123/TM4C123GH6PM.h(779): warning: anonymous unions are a C11 extension [-Wc11-extensions]
  union {
  ^
D:/keil/Keil/TM4C_DFP/1.1.0/Device/Include/TM4C123/TM4C123GH6PM.h(872): warning: anonymous unions are a C11 extension [-Wc11-extensions]
  union {
  ^
D:/keil/Keil/TM4C_DFP/1.1.0/Device/Include/TM4C123/TM4C123GH6PM.h(885): warning: anonymous unions are a C11 extension [-Wc11-extensions]
  union {
  ^
D:/keil/Keil/TM4C_DFP/1.1.0/Device/Include/TM4C123/TM4C123GH6PM.h(892): warning: anonymous unions are a C11 extension [-Wc11-extensions]
  union {
  ^
D:/keil/Keil/TM4C_DFP/1.1.0/Device/Include/TM4C123/TM4C123GH6PM.h(897): warning: anonymous unions are a C11 extension [-Wc11-extensions]
  union {
  ^
D:/keil/Keil/TM4C_DFP/1.1.0/Device/Include/TM4C123/TM4C123GH6PM.h(904): warning: anonymous unions are a C11 extension [-Wc11-extensions]
  union {
  ^
D:/keil/Keil/TM4C_DFP/1.1.0/Device/Include/TM4C123/TM4C123GH6PM.h(910): warning: anonymous unions are a C11 extension [-Wc11-extensions]
  union {
  ^
D:/keil/Keil/TM4C_DFP/1.1.0/Device/Include/TM4C123/TM4C123GH6PM.h(917): warning: anonymous unions are a C11 extension [-Wc11-extensions]
  union {
  ^
D:/keil/Keil/TM4C_DFP/1.1.0/Device/Include/TM4C123/TM4C123GH6PM.h(924): warning: anonymous unions are a C11 extension [-Wc11-extensions]
  union {
  ^
D:/keil/Keil/TM4C_DFP/1.1.0/Device/Include/TM4C123/TM4C123GH6PM.h(929): warning: anonymous unions are a C11 extension [-Wc11-extensions]
  union {
  ^
D:/keil/Keil/TM4C_DFP/1.1.0/Device/Include/TM4C123/TM4C123GH6PM.h(936): warning: anonymous unions are a C11 extension [-Wc11-extensions]
  union {
  ^
D:/keil/Keil/TM4C_DFP/1.1.0/Device/Include/TM4C123/TM4C123GH6PM.h(942): warning: anonymous unions are a C11 extension [-Wc11-extensions]
  union {
  ^
D:/keil/Keil/TM4C_DFP/1.1.0/Device/Include/TM4C123/TM4C123GH6PM.h(949): warning: anonymous unions are a C11 extension [-Wc11-extensions]
  union {
  ^
D:/keil/Keil/TM4C_DFP/1.1.0/Device/Include/TM4C123/TM4C123GH6PM.h(956): warning: anonymous unions are a C11 extension [-Wc11-extensions]
  union {
  ^
D:/keil/Keil/TM4C_DFP/1.1.0/Device/Include/TM4C123/TM4C123GH6PM.h(961): warning: anonymous unions are a C11 extension [-Wc11-extensions]
  union {
  ^
D:/keil/Keil/TM4C_DFP/1.1.0/Device/Include/TM4C123/TM4C123GH6PM.h(968): warning: anonymous unions are a C11 extension [-Wc11-extensions]
  union {
  ^
D:/keil/Keil/TM4C_DFP/1.1.0/Device/Include/TM4C123/TM4C123GH6PM.h(974): warning: anonymous unions are a C11 extension [-Wc11-extensions]
  union {
  ^
D:/keil/Keil/TM4C_DFP/1.1.0/Device/Include/TM4C123/TM4C123GH6PM.h(981): warning: anonymous unions are a C11 extension [-Wc11-extensions]
  union {
  ^
D:/keil/Keil/TM4C_DFP/1.1.0/Device/Include/TM4C123/TM4C123GH6PM.h(988): warning: anonymous unions are a C11 extension [-Wc11-extensions]
  union {
  ^
D:/keil/Keil/TM4C_DFP/1.1.0/Device/Include/TM4C123/TM4C123GH6PM.h(993): warning: anonymous unions are a C11 extension [-Wc11-extensions]
  union {
  ^
D:/keil/Keil/TM4C_DFP/1.1.0/Device/Include/TM4C123/TM4C123GH6PM.h(1000): warning: anonymous unions are a C11 extension [-Wc11-extensions]
  union {
  ^
D:/keil/Keil/TM4C_DFP/1.1.0/Device/Include/TM4C123/TM4C123GH6PM.h(1006): warning: anonymous unions are a C11 extension [-Wc11-extensions]
  union {
  ^
D:/keil/Keil/TM4C_DFP/1.1.0/Device/Include/TM4C123/TM4C123GH6PM.h(1013): warning: anonymous unions are a C11 extension [-Wc11-extensions]
  union {
  ^
D:/keil/Keil/TM4C_DFP/1.1.0/Device/Include/TM4C123/TM4C123GH6PM.h(1020): warning: anonymous unions are a C11 extension [-Wc11-extensions]
  union {
  ^
D:/keil/Keil/TM4C_DFP/1.1.0/Device/Include/TM4C123/TM4C123GH6PM.h(1025): warning: anonymous unions are a C11 extension [-Wc11-extensions]
  union {
  ^
D:/keil/Keil/TM4C_DFP/1.1.0/Device/Include/TM4C123/TM4C123GH6PM.h(1032): warning: anonymous unions are a C11 extension [-Wc11-extensions]
  union {
  ^
D:/keil/Keil/TM4C_DFP/1.1.0/Device/Include/TM4C123/TM4C123GH6PM.h(1038): warning: anonymous unions are a C11 extension [-Wc11-extensions]
  union {
  ^
D:/keil/Keil/TM4C_DFP/1.1.0/Device/Include/TM4C123/TM4C123GH6PM.h(1045): warning: anonymous unions are a C11 extension [-Wc11-extensions]
  union {
  ^
D:/keil/Keil/TM4C_DFP/1.1.0/Device/Include/TM4C123/TM4C123GH6PM.h(1052): warning: anonymous unions are a C11 extension [-Wc11-extensions]
  union {
  ^
D:/keil/Keil/TM4C_DFP/1.1.0/Device/Include/TM4C123/TM4C123GH6PM.h(1057): warning: anonymous unions are a C11 extension [-Wc11-extensions]
  union {
  ^
D:/keil/Keil/TM4C_DFP/1.1.0/Device/Include/TM4C123/TM4C123GH6PM.h(1064): warning: anonymous unions are a C11 extension [-Wc11-extensions]
  union {
  ^
D:/keil/Keil/TM4C_DFP/1.1.0/Device/Include/TM4C123/TM4C123GH6PM.h(1070): warning: anonymous unions are a C11 extension [-Wc11-extensions]
  union {
  ^
D:/keil/Keil/TM4C_DFP/1.1.0/Device/Include/TM4C123/TM4C123GH6PM.h(1077): warning: anonymous unions are a C11 extension [-Wc11-extensions]
  union {
  ^
D:/keil/Keil/TM4C_DFP/1.1.0/Device/Include/TM4C123/TM4C123GH6PM.h(1084): warning: anonymous unions are a C11 extension [-Wc11-extensions]
  union {
  ^
D:/keil/Keil/TM4C_DFP/1.1.0/Device/Include/TM4C123/TM4C123GH6PM.h(1089): warning: anonymous unions are a C11 extension [-Wc11-extensions]
  union {
  ^
D:/keil/Keil/TM4C_DFP/1.1.0/Device/Include/TM4C123/TM4C123GH6PM.h(1096): warning: anonymous unions are a C11 extension [-Wc11-extensions]
  union {
  ^
D:/keil/Keil/TM4C_DFP/1.1.0/Device/Include/TM4C123/TM4C123GH6PM.h(1102): warning: anonymous unions are a C11 extension [-Wc11-extensions]
  union {
  ^
D:/keil/Keil/TM4C_DFP/1.1.0/Device/Include/TM4C123/TM4C123GH6PM.h(1251): warning: anonymous unions are a C11 extension [-Wc11-extensions]
  union {
  ^
44 warnings generated.
compiling EventRecorder.c...
assembling startup_TM4C123.s...
compiling freertos_evr.c...
compiling list.c...
D:/keil/ARM/CMSIS-FreeRTOS/10.4.6/Source/portable/GCC/ARM_CM4F/port.c(231): warning: empty expression statement has no effect; remove unnecessary ';' to silence this warning [-Wextra-semi-stmt]
    configASSERT( uxCriticalNesting == ~0UL );
                                             ^
D:/keil/ARM/CMSIS-FreeRTOS/10.4.6/Source/portable/GCC/ARM_CM4F/port.c(297): warning: empty expression statement has no effect; remove unnecessary ';' to silence this warning [-Wextra-semi-stmt]
    configASSERT( configMAX_SYSCALL_INTERRUPT_PRIORITY );
                                                        ^
D:/keil/ARM/CMSIS-FreeRTOS/10.4.6/Source/portable/GCC/ARM_CM4F/port.c(302): warning: empty expression statement has no effect; remove unnecessary ';' to silence this warning [-Wextra-semi-stmt]
    configASSERT( portCPUID != portCORTEX_M7_r0p1_ID );
                                                      ^
D:/keil/ARM/CMSIS-FreeRTOS/10.4.6/Source/portable/GCC/ARM_CM4F/port.c(303): warning: empty expression statement has no effect; remove unnecessary ';' to silence this warning [-Wextra-semi-stmt]
    configASSERT( portCPUID != portCORTEX_M7_r0p0_ID );
                                                      ^
D:/keil/ARM/CMSIS-FreeRTOS/10.4.6/Source/portable/GCC/ARM_CM4F/port.c(353): warning: empty expression statement has no effect; remove unnecessary ';' to silence this warning [-Wextra-semi-stmt]
                    configASSERT( ( portMAX_PRIGROUP_BITS - ulMaxPRIGROUPValue ) == configPRIO_BITS );
                                                                                                     ^
D:/keil/ARM/CMSIS-FreeRTOS/10.4.6/Source/portable/GCC/ARM_CM4F/port.c(364): warning: implicit conversion loses integer precision: 'volatile uint32_t' (aka 'volatile unsigned int') to 'uint8_t' (aka 'unsigned char') [-Wimplicit-int-conversion]
            *pucFirstUserPriorityRegister = ulOriginalPriority;
                                          ~ ^~~~~~~~~~~~~~~~~~
D:/keil/ARM/CMSIS-FreeRTOS/10.4.6/Source/portable/GCC/ARM_CM4F/port.c(406): warning: empty expression statement has no effect; remove unnecessary ';' to silence this warning [-Wextra-semi-stmt]
    configASSERT( uxCriticalNesting == 1000UL );
                                               ^
D:/keil/ARM/CMSIS-FreeRTOS/10.4.6/Source/portable/GCC/ARM_CM4F/port.c(422): warning: empty expression statement has no effect; remove unnecessary ';' to silence this warning [-Wextra-semi-stmt]
        configASSERT( ( portNVIC_INT_CTRL_REG & portVECTACTIVE_MASK ) == 0 );
                                                                            ^
D:/keil/ARM/CMSIS-FreeRTOS/10.4.6/Source/portable/GCC/ARM_CM4F/port.c(429): warning: empty expression statement has no effect; remove unnecessary ';' to silence this warning [-Wextra-semi-stmt]
    configASSERT( uxCriticalNesting );
                                     ^
D:/keil/ARM/CMSIS-FreeRTOS/10.4.6/Source/portable/GCC/ARM_CM4F/port.c(766): warning: empty expression statement has no effect; remove unnecessary ';' to silence this warning [-Wextra-semi-stmt]
            configASSERT( ucCurrentPriority >= ucMaxSysCallPriority );
                                                                     ^
D:/keil/ARM/CMSIS-FreeRTOS/10.4.6/Source/portable/GCC/ARM_CM4F/port.c(782): warning: empty expression statement has no effect; remove unnecessary ';' to silence this warning [-Wextra-semi-stmt]
        configASSERT( ( portAIRCR_REG & portPRIORITY_GROUP_MASK ) <= ulMaxPRIGROUPValue );
                                                                                         ^
11 warnings generated.
compiling port.c...
D:/keil/ARM/CMSIS-FreeRTOS/10.4.6/Source/portable/MemMang/heap_1.c(139): warning: empty expression statement has no effect; remove unnecessary ';' to silence this warning [-Wextra-semi-stmt]
    configASSERT( pv == NULL );
                              ^
1 warning generated.
compiling heap_1.c...
D:/keil/ARM/CMSIS-FreeRTOS/10.4.6/Source/queue.c(272): warning: empty expression statement has no effect; remove unnecessary ';' to silence this warning [-Wextra-semi-stmt]
    configASSERT( pxQueue );
                           ^
D:/keil/ARM/CMSIS-FreeRTOS/10.4.6/Source/queue.c(299): warning: empty expression statement has no effect; remove unnecessary ';' to silence this warning [-Wextra-semi-stmt]
                        queueYIELD_IF_USING_PREEMPTION();
                                                        ^
D:/keil/ARM/CMSIS-FreeRTOS/10.4.6/Source/queue.c(325): warning: empty expression statement has no effect; remove unnecessary ';' to silence this warning [-Wextra-semi-stmt]
    configASSERT( xReturn != pdFAIL );
                                     ^
D:/keil/ARM/CMSIS-FreeRTOS/10.4.6/Source/queue.c(126): warning: padding struct 'struct QueueDefinition' with 2 bytes to align 'pxQueueSetContainer' [-Wpadded]
        struct QueueDefinition * pxQueueSetContainer;
                                 ^
D:/keil/ARM/CMSIS-FreeRTOS/10.4.6/Source/queue.c(100): warning: padding size of 'struct QueueDefinition' with 3 bytes to alignment boundary [-Wpadded]
typedef struct QueueDefinition /* The old naming convention is used to prevent breaking kernel aware debuggers. */
               ^
D:/keil/ARM/CMSIS-FreeRTOS/10.4.6/Source/queue.c(454): warning: empty expression statement has no effect; remove unnecessary ';' to silence this warning [-Wextra-semi-stmt]
            configASSERT( pxNewQueue );
                                      ^
D:/keil/ARM/CMSIS-FreeRTOS/10.4.6/Source/queue.c(584): warning: empty expression statement has no effect; remove unnecessary ';' to silence this warning [-Wextra-semi-stmt]
        configASSERT( xSemaphore );
                                  ^
D:/keil/ARM/CMSIS-FreeRTOS/10.4.6/Source/queue.c(616): warning: empty expression statement has no effect; remove unnecessary ';' to silence this warning [-Wextra-semi-stmt]
        configASSERT( xSemaphore );
                                  ^
D:/keil/ARM/CMSIS-FreeRTOS/10.4.6/Source/queue.c(643): warning: empty expression statement has no effect; remove unnecessary ';' to silence this warning [-Wextra-semi-stmt]
        configASSERT( pxMutex );
                               ^
D:/keil/ARM/CMSIS-FreeRTOS/10.4.6/Source/queue.c(699): warning: empty expression statement has no effect; remove unnecessary ';' to silence this warning [-Wextra-semi-stmt]
        configASSERT( pxMutex );
                               ^
D:/keil/ARM/CMSIS-FreeRTOS/10.4.6/Source/queue.c(795): warning: empty expression statement has no effect; remove unnecessary ';' to silence this warning [-Wextra-semi-stmt]
            configASSERT( xHandle );
                                   ^
D:/keil/ARM/CMSIS-FreeRTOS/10.4.6/Source/queue.c(814): warning: empty expression statement has no effect; remove unnecessary ';' to silence this warning [-Wextra-semi-stmt]
    configASSERT( pxQueue );
                           ^
D:/keil/ARM/CMSIS-FreeRTOS/10.4.6/Source/queue.c(815): warning: empty expression statement has no effect; remove unnecessary ';' to silence this warning [-Wextra-semi-stmt]
    configASSERT( !( ( pvItemToQueue == NULL ) && ( pxQueue->uxItemSize != ( UBaseType_t ) 0U ) ) );
                                                                                                   ^
D:/keil/ARM/CMSIS-FreeRTOS/10.4.6/Source/queue.c(816): warning: empty expression statement has no effect; remove unnecessary ';' to silence this warning [-Wextra-semi-stmt]
    configASSERT( !( ( xCopyPosition == queueOVERWRITE ) && ( pxQueue->uxLength != 1 ) ) );
                                                                                          ^
D:/keil/ARM/CMSIS-FreeRTOS/10.4.6/Source/queue.c(819): warning: empty expression statement has no effect; remove unnecessary ';' to silence this warning [-Wextra-semi-stmt]
            configASSERT( !( ( xTaskGetSchedulerState() == taskSCHEDULER_SUSPENDED ) && ( xTicksToWait != 0 ) ) );
                                                                                                                 ^
D:/keil/ARM/CMSIS-FreeRTOS/10.4.6/Source/queue.c(858): warning: empty expression statement has no effect; remove unnecessary ';' to silence this warning [-Wextra-semi-stmt]
                                queueYIELD_IF_USING_PREEMPTION();
                                                                ^
D:/keil/ARM/CMSIS-FreeRTOS/10.4.6/Source/queue.c(877): warning: empty expression statement has no effect; remove unnecessary ';' to silence this warning [-Wextra-semi-stmt]
                                    queueYIELD_IF_USING_PREEMPTION();
                                                                    ^
D:/keil/ARM/CMSIS-FreeRTOS/10.4.6/Source/queue.c(890): warning: empty expression statement has no effect; remove unnecessary ';' to silence this warning [-Wextra-semi-stmt]
                                queueYIELD_IF_USING_PREEMPTION();
                                                                ^
D:/keil/ARM/CMSIS-FreeRTOS/10.4.6/Source/queue.c(994): warning: empty expression statement has no effect; remove unnecessary ';' to silence this warning [-Wextra-semi-stmt]
                    portYIELD_WITHIN_API();
                                          ^
D:/keil/ARM/CMSIS-FreeRTOS/10.4.6/Source/queue.c(1026): warning: empty expression statement has no effect; remove unnecessary ';' to silence this warning [-Wextra-semi-stmt]
    configASSERT( pxQueue );
                           ^
D:/keil/ARM/CMSIS-FreeRTOS/10.4.6/Source/queue.c(1027): warning: empty expression statement has no effect; remove unnecessary ';' to silence this warning [-Wextra-semi-stmt]
    configASSERT( !( ( pvItemToQueue == NULL ) && ( pxQueue->uxItemSize != ( UBaseType_t ) 0U ) ) );
                                                                                                   ^
D:/keil/ARM/CMSIS-FreeRTOS/10.4.6/Source/queue.c(1028): warning: empty expression statement has no effect; remove unnecessary ';' to silence this warning [-Wextra-semi-stmt]
    configASSERT( !( ( xCopyPosition == queueOVERWRITE ) && ( pxQueue->uxLength != 1 ) ) );
                                                                                          ^
D:/keil/ARM/CMSIS-FreeRTOS/10.4.6/Source/queue.c(1165): warning: empty expression statement has no effect; remove unnecessary ';' to silence this warning [-Wextra-semi-stmt]
                configASSERT( cTxLock != queueINT8_MAX );
                                                        ^
D:/keil/ARM/CMSIS-FreeRTOS/10.4.6/Source/queue.c(1197): warning: empty expression statement has no effect; remove unnecessary ';' to silence this warning [-Wextra-semi-stmt]
    configASSERT( pxQueue );
                           ^
D:/keil/ARM/CMSIS-FreeRTOS/10.4.6/Source/queue.c(1201): warning: empty expression statement has no effect; remove unnecessary ';' to silence this warning [-Wextra-semi-stmt]
    configASSERT( pxQueue->uxItemSize == 0 );
                                            ^
D:/keil/ARM/CMSIS-FreeRTOS/10.4.6/Source/queue.c(1206): warning: empty expression statement has no effect; remove unnecessary ';' to silence this warning [-Wextra-semi-stmt]
    configASSERT( !( ( pxQueue->uxQueueType == queueQUEUE_IS_MUTEX ) && ( pxQueue->u.xSemaphore.xMutexHolder != NULL ) ) );
                                                                                                                          ^
D:/keil/ARM/CMSIS-FreeRTOS/10.4.6/Source/queue.c(1333): warning: empty expression statement has no effect; remove unnecessary ';' to silence this warning [-Wextra-semi-stmt]
                configASSERT( cTxLock != queueINT8_MAX );
                                                        ^
D:/keil/ARM/CMSIS-FreeRTOS/10.4.6/Source/queue.c(1361): warning: empty expression statement has no effect; remove unnecessary ';' to silence this warning [-Wextra-semi-stmt]
    configASSERT( ( pxQueue ) );
                               ^
D:/keil/ARM/CMSIS-FreeRTOS/10.4.6/Source/queue.c(1365): warning: empty expression statement has no effect; remove unnecessary ';' to silence this warning [-Wextra-semi-stmt]
    configASSERT( !( ( ( pvBuffer ) == NULL ) && ( ( pxQueue )->uxItemSize != ( UBaseType_t ) 0U ) ) );
                                                                                                      ^
D:/keil/ARM/CMSIS-FreeRTOS/10.4.6/Source/queue.c(1370): warning: empty expression statement has no effect; remove unnecessary ';' to silence this warning [-Wextra-semi-stmt]
            configASSERT( !( ( xTaskGetSchedulerState() == taskSCHEDULER_SUSPENDED ) && ( xTicksToWait != 0 ) ) );
                                                                                                                 ^
D:/keil/ARM/CMSIS-FreeRTOS/10.4.6/Source/queue.c(1399): warning: empty expression statement has no effect; remove unnecessary ';' to silence this warning [-Wextra-semi-stmt]
                        queueYIELD_IF_USING_PREEMPTION();
                                                        ^
D:/keil/ARM/CMSIS-FreeRTOS/10.4.6/Source/queue.c(1459): warning: empty expression statement has no effect; remove unnecessary ';' to silence this warning [-Wextra-semi-stmt]
                    portYIELD_WITHIN_API();
                                          ^
D:/keil/ARM/CMSIS-FreeRTOS/10.4.6/Source/queue.c(1507): warning: empty expression statement has no effect; remove unnecessary ';' to silence this warning [-Wextra-semi-stmt]
    configASSERT( ( pxQueue ) );
                               ^
D:/keil/ARM/CMSIS-FreeRTOS/10.4.6/Source/queue.c(1511): warning: empty expression statement has no effect; remove unnecessary ';' to silence this warning [-Wextra-semi-stmt]
    configASSERT( pxQueue->uxItemSize == 0 );
                                            ^
D:/keil/ARM/CMSIS-FreeRTOS/10.4.6/Source/queue.c(1516): warning: empty expression statement has no effect; remove unnecessary ';' to silence this warning [-Wextra-semi-stmt]
            configASSERT( !( ( xTaskGetSchedulerState() == taskSCHEDULER_SUSPENDED ) && ( xTicksToWait != 0 ) ) );
                                                                                                                 ^
D:/keil/ARM/CMSIS-FreeRTOS/10.4.6/Source/queue.c(1562): warning: empty expression statement has no effect; remove unnecessary ';' to silence this warning [-Wextra-semi-stmt]
                        queueYIELD_IF_USING_PREEMPTION();
                                                        ^
D:/keil/ARM/CMSIS-FreeRTOS/10.4.6/Source/queue.c(1586): warning: empty expression statement has no effect; remove unnecessary ';' to silence this warning [-Wextra-semi-stmt]
                            configASSERT( xInheritanceOccurred == pdFALSE );
                                                                           ^
D:/keil/ARM/CMSIS-FreeRTOS/10.4.6/Source/queue.c(1651): warning: empty expression statement has no effect; remove unnecessary ';' to silence this warning [-Wextra-semi-stmt]
                    portYIELD_WITHIN_API();
                                          ^
D:/keil/ARM/CMSIS-FreeRTOS/10.4.6/Source/queue.c(1724): warning: empty expression statement has no effect; remove unnecessary ';' to silence this warning [-Wextra-semi-stmt]
    configASSERT( ( pxQueue ) );
                               ^
D:/keil/ARM/CMSIS-FreeRTOS/10.4.6/Source/queue.c(1728): warning: empty expression statement has no effect; remove unnecessary ';' to silence this warning [-Wextra-semi-stmt]
    configASSERT( !( ( ( pvBuffer ) == NULL ) && ( ( pxQueue )->uxItemSize != ( UBaseType_t ) 0U ) ) );
                                                                                                      ^
D:/keil/ARM/CMSIS-FreeRTOS/10.4.6/Source/queue.c(1733): warning: empty expression statement has no effect; remove unnecessary ';' to silence this warning [-Wextra-semi-stmt]
            configASSERT( !( ( xTaskGetSchedulerState() == taskSCHEDULER_SUSPENDED ) && ( xTicksToWait != 0 ) ) );
                                                                                                                 ^
D:/keil/ARM/CMSIS-FreeRTOS/10.4.6/Source/queue.c(1768): warning: empty expression statement has no effect; remove unnecessary ';' to silence this warning [-Wextra-semi-stmt]
                        queueYIELD_IF_USING_PREEMPTION();
                                                        ^
D:/keil/ARM/CMSIS-FreeRTOS/10.4.6/Source/queue.c(1829): warning: empty expression statement has no effect; remove unnecessary ';' to silence this warning [-Wextra-semi-stmt]
                    portYIELD_WITHIN_API();
                                          ^
D:/keil/ARM/CMSIS-FreeRTOS/10.4.6/Source/queue.c(1873): warning: empty expression statement has no effect; remove unnecessary ';' to silence this warning [-Wextra-semi-stmt]
    configASSERT( pxQueue );
                           ^
D:/keil/ARM/CMSIS-FreeRTOS/10.4.6/Source/queue.c(1874): warning: empty expression statement has no effect; remove unnecessary ';' to silence this warning [-Wextra-semi-stmt]
    configASSERT( !( ( pvBuffer == NULL ) && ( pxQueue->uxItemSize != ( UBaseType_t ) 0U ) ) );
                                                                                              ^
D:/keil/ARM/CMSIS-FreeRTOS/10.4.6/Source/queue.c(1941): warning: empty expression statement has no effect; remove unnecessary ';' to silence this warning [-Wextra-semi-stmt]
                configASSERT( cRxLock != queueINT8_MAX );
                                                        ^
D:/keil/ARM/CMSIS-FreeRTOS/10.4.6/Source/queue.c(1968): warning: empty expression statement has no effect; remove unnecessary ';' to silence this warning [-Wextra-semi-stmt]
    configASSERT( pxQueue );
                           ^
D:/keil/ARM/CMSIS-FreeRTOS/10.4.6/Source/queue.c(1969): warning: empty expression statement has no effect; remove unnecessary ';' to silence this warning [-Wextra-semi-stmt]
    configASSERT( !( ( pvBuffer == NULL ) && ( pxQueue->uxItemSize != ( UBaseType_t ) 0U ) ) );
                                                                                              ^
D:/keil/ARM/CMSIS-FreeRTOS/10.4.6/Source/queue.c(1970): warning: empty expression statement has no effect; remove unnecessary ';' to silence this warning [-Wextra-semi-stmt]
    configASSERT( pxQueue->uxItemSize != 0 ); /* Can't peek a semaphore. */
                                            ^
D:/keil/ARM/CMSIS-FreeRTOS/10.4.6/Source/queue.c(2019): warning: empty expression statement has no effect; remove unnecessary ';' to silence this warning [-Wextra-semi-stmt]
    configASSERT( xQueue );
                          ^
D:/keil/ARM/CMSIS-FreeRTOS/10.4.6/Source/queue.c(2036): warning: empty expression statement has no effect; remove unnecessary ';' to silence this warning [-Wextra-semi-stmt]
    configASSERT( pxQueue );
                           ^
D:/keil/ARM/CMSIS-FreeRTOS/10.4.6/Source/queue.c(2053): warning: empty expression statement has no effect; remove unnecessary ';' to silence this warning [-Wextra-semi-stmt]
    configASSERT( pxQueue );
                           ^
D:/keil/ARM/CMSIS-FreeRTOS/10.4.6/Source/queue.c(2064): warning: empty expression statement has no effect; remove unnecessary ';' to silence this warning [-Wextra-semi-stmt]
    configASSERT( pxQueue );
                           ^
D:/keil/ARM/CMSIS-FreeRTOS/10.4.6/Source/queue.c(2410): warning: empty expression statement has no effect; remove unnecessary ';' to silence this warning [-Wextra-semi-stmt]
    configASSERT( pxQueue );
                           ^
D:/keil/ARM/CMSIS-FreeRTOS/10.4.6/Source/queue.c(2451): warning: empty expression statement has no effect; remove unnecessary ';' to silence this warning [-Wextra-semi-stmt]
    configASSERT( pxQueue );
                           ^
D:/keil/ARM/CMSIS-FreeRTOS/10.4.6/Source/queue.c(3029): warning: empty expression statement has no effect; remove unnecessary ';' to silence this warning [-Wextra-semi-stmt]
        configASSERT( pxQueueSetContainer ); /* LCOV_EXCL_BR_LINE */
                                           ^
D:/keil/ARM/CMSIS-FreeRTOS/10.4.6/Source/queue.c(3030): warning: empty expression statement has no effect; remove unnecessary ';' to silence this warning [-Wextra-semi-stmt]
        configASSERT( pxQueueSetContainer->uxMessagesWaiting < pxQueueSetContainer->uxLength );
                                                                                              ^
D:/keil/ARM/CMSIS-FreeRTOS/10.4.6/Source/queue.c(3062): warning: empty expression statement has no effect; remove unnecessary ';' to silence this warning [-Wextra-semi-stmt]
                configASSERT( cTxLock != queueINT8_MAX );
                                                        ^
58 warnings generated.
compiling queue.c...
D:/keil/ARM/CMSIS-FreeRTOS/10.4.6/Source/stream_buffer.c(250): warning: empty expression statement has no effect; remove unnecessary ';' to silence this warning [-Wextra-semi-stmt]
            configASSERT( xBufferSizeBytes > sbBYTES_TO_STORE_MESSAGE_LENGTH );
                                                                              ^
D:/keil/ARM/CMSIS-FreeRTOS/10.4.6/Source/stream_buffer.c(256): warning: empty expression statement has no effect; remove unnecessary ';' to silence this warning [-Wextra-semi-stmt]
            configASSERT( xBufferSizeBytes > 0 );
                                                ^
D:/keil/ARM/CMSIS-FreeRTOS/10.4.6/Source/stream_buffer.c(259): warning: empty expression statement has no effect; remove unnecessary ';' to silence this warning [-Wextra-semi-stmt]
        configASSERT( xTriggerLevelBytes <= xBufferSizeBytes );
                                                              ^
D:/keil/ARM/CMSIS-FreeRTOS/10.4.6/Source/stream_buffer.c(154): warning: padding struct 'struct StreamBufferDef_t' with 3 bytes to align 'uxStreamBufferNumber' [-Wpadded]
        UBaseType_t uxStreamBufferNumber; /* Used for tracing purposes. */
                    ^
D:/keil/ARM/CMSIS-FreeRTOS/10.4.6/Source/stream_buffer.c(288): warning: cast from 'uint8_t *' (aka 'unsigned char *') to 'StreamBuffer_t *' (aka 'struct StreamBufferDef_t *') increases required alignment from 1 to 4 [-Wcast-align]
            prvInitialiseNewStreamBuffer( ( StreamBuffer_t * ) pucAllocatedMemory,       /* Structure at the start of the allocated memory. */ /*lint !e9087 Safe cast as allocated memory is aligned. */ /*lint !e826 Area is not too small and alignment is guaranteed provided malloc() behaves as expected and returns aligned buffer. */
                                          ^~~~~~~~~~~~~~~~~~~~~~~~~~~~~~~~~~~~~~~
D:/keil/ARM/CMSIS-FreeRTOS/10.4.6/Source/stream_buffer.c(294): warning: cast from 'uint8_t *' (aka 'unsigned char *') to 'StreamBuffer_t *' (aka 'struct StreamBufferDef_t *') increases required alignment from 1 to 4 [-Wcast-align]
            traceSTREAM_BUFFER_CREATE( ( ( StreamBuffer_t * ) pucAllocatedMemory ), xIsMessageBuffer );
                                         ^~~~~~~~~~~~~~~~~~~~~~~~~~~~~~~~~~~~~~~
D:/keil/ARM/CMSIS-FreeRTOS/10.4.6/CMSIS/RTOS2/FreeRTOS/Include\freertos_evr.h(908): note: expanded from macro 'traceSTREAM_BUFFER_CREATE'
  #define traceSTREAM_BUFFER_CREATE(px,x)             EvrFreeRTOSStreamBuf_StreamBufferCreate(px,x)
                                                                                              ^~
D:/keil/ARM/CMSIS-FreeRTOS/10.4.6/Source/stream_buffer.c(294): warning: implicit conversion changes signedness: 'BaseType_t' (aka 'long') to 'uint32_t' (aka 'unsigned int') [-Wsign-conversion]
            traceSTREAM_BUFFER_CREATE( ( ( StreamBuffer_t * ) pucAllocatedMemory ), xIsMessageBuffer );
            ~~~~~~~~~~~~~~~~~~~~~~~~~~~~~~~~~~~~~~~~~~~~~~~~~~~~~~~~~~~~~~~~~~~~~~~~^~~~~~~~~~~~~~~~~~
D:/keil/ARM/CMSIS-FreeRTOS/10.4.6/CMSIS/RTOS2/FreeRTOS/Include\freertos_evr.h(908): note: expanded from macro 'traceSTREAM_BUFFER_CREATE'
  #define traceSTREAM_BUFFER_CREATE(px,x)             EvrFreeRTOSStreamBuf_StreamBufferCreate(px,x)
                                                      ~~~~~~~~~~~~~~~~~~~~~~~~~~~~~~~~~~~~~~~    ^
D:/keil/ARM/CMSIS-FreeRTOS/10.4.6/Source/stream_buffer.c(298): warning: implicit conversion changes signedness: 'BaseType_t' (aka 'long') to 'uint32_t' (aka 'unsigned int') [-Wsign-conversion]
            traceSTREAM_BUFFER_CREATE_FAILED( xIsMessageBuffer );
            ~~~~~~~~~~~~~~~~~~~~~~~~~~~~~~~~~~^~~~~~~~~~~~~~~~~~
D:/keil/ARM/CMSIS-FreeRTOS/10.4.6/CMSIS/RTOS2/FreeRTOS/Include\freertos_evr.h(900): note: expanded from macro 'traceSTREAM_BUFFER_CREATE_FAILED'
  #define traceSTREAM_BUFFER_CREATE_FAILED(ux)        EvrFreeRTOSStreamBuf_StreamBufferCreateFailed(ux)
                                                      ~~~~~~~~~~~~~~~~~~~~~~~~~~~~~~~~~~~~~~~~~~~~~ ^~
D:/keil/ARM/CMSIS-FreeRTOS/10.4.6/Source/stream_buffer.c(301): warning: cast from 'uint8_t *' (aka 'unsigned char *') to 'StreamBufferHandle_t' (aka 'struct StreamBufferDef_t *') increases required alignment from 1 to 4 [-Wcast-align]
        return ( StreamBufferHandle_t ) pucAllocatedMemory; /*lint !e9087 !e826 Safe cast as allocated memory is aligned. */
               ^~~~~~~~~~~~~~~~~~~~~~~~~~~~~~~~~~~~~~~~~~~
D:/keil/ARM/CMSIS-FreeRTOS/10.4.6/Source/stream_buffer.c(389): warning: empty expression statement has no effect; remove unnecessary ';' to silence this warning [-Wextra-semi-stmt]
    configASSERT( pxStreamBuffer );
                                  ^
D:/keil/ARM/CMSIS-FreeRTOS/10.4.6/Source/stream_buffer.c(427): warning: empty expression statement has no effect; remove unnecessary ';' to silence this warning [-Wextra-semi-stmt]
    configASSERT( pxStreamBuffer );
                                  ^
D:/keil/ARM/CMSIS-FreeRTOS/10.4.6/Source/stream_buffer.c(473): warning: empty expression statement has no effect; remove unnecessary ';' to silence this warning [-Wextra-semi-stmt]
    configASSERT( pxStreamBuffer );
                                  ^
D:/keil/ARM/CMSIS-FreeRTOS/10.4.6/Source/stream_buffer.c(503): warning: empty expression statement has no effect; remove unnecessary ';' to silence this warning [-Wextra-semi-stmt]
    configASSERT( pxStreamBuffer );
                                  ^
D:/keil/ARM/CMSIS-FreeRTOS/10.4.6/Source/stream_buffer.c(535): warning: empty expression statement has no effect; remove unnecessary ';' to silence this warning [-Wextra-semi-stmt]
    configASSERT( pxStreamBuffer );
                                  ^
D:/keil/ARM/CMSIS-FreeRTOS/10.4.6/Source/stream_buffer.c(553): warning: empty expression statement has no effect; remove unnecessary ';' to silence this warning [-Wextra-semi-stmt]
    configASSERT( pvTxData );
                            ^
D:/keil/ARM/CMSIS-FreeRTOS/10.4.6/Source/stream_buffer.c(554): warning: empty expression statement has no effect; remove unnecessary ';' to silence this warning [-Wextra-semi-stmt]
    configASSERT( pxStreamBuffer );
                                  ^
D:/keil/ARM/CMSIS-FreeRTOS/10.4.6/Source/stream_buffer.c(569): warning: empty expression statement has no effect; remove unnecessary ';' to silence this warning [-Wextra-semi-stmt]
        configASSERT( xRequiredSpace > xDataLengthBytes );
                                                         ^
D:/keil/ARM/CMSIS-FreeRTOS/10.4.6/Source/stream_buffer.c(617): warning: empty expression statement has no effect; remove unnecessary ';' to silence this warning [-Wextra-semi-stmt]
                    configASSERT( pxStreamBuffer->xTaskWaitingToSend == NULL );
                                                                              ^
D:/keil/ARM/CMSIS-FreeRTOS/10.4.6/Source/stream_buffer.c(656): warning: empty expression statement has no effect; remove unnecessary ';' to silence this warning [-Wextra-semi-stmt]
            sbSEND_COMPLETED( pxStreamBuffer );
                                              ^
D:/keil/ARM/CMSIS-FreeRTOS/10.4.6/Source/stream_buffer.c(682): warning: empty expression statement has no effect; remove unnecessary ';' to silence this warning [-Wextra-semi-stmt]
    configASSERT( pvTxData );
                            ^
D:/keil/ARM/CMSIS-FreeRTOS/10.4.6/Source/stream_buffer.c(683): warning: empty expression statement has no effect; remove unnecessary ';' to silence this warning [-Wextra-semi-stmt]
    configASSERT( pxStreamBuffer );
                                  ^
D:/keil/ARM/CMSIS-FreeRTOS/10.4.6/Source/stream_buffer.c(706): warning: empty expression statement has no effect; remove unnecessary ';' to silence this warning [-Wextra-semi-stmt]
            sbSEND_COMPLETE_FROM_ISR( pxStreamBuffer, pxHigherPriorityTaskWoken );
                                                                                 ^
D:/keil/ARM/CMSIS-FreeRTOS/10.4.6/Source/stream_buffer.c(775): warning: empty expression statement has no effect; remove unnecessary ';' to silence this warning [-Wextra-semi-stmt]
    configASSERT( pvRxData );
                            ^
D:/keil/ARM/CMSIS-FreeRTOS/10.4.6/Source/stream_buffer.c(776): warning: empty expression statement has no effect; remove unnecessary ';' to silence this warning [-Wextra-semi-stmt]
    configASSERT( pxStreamBuffer );
                                  ^
D:/keil/ARM/CMSIS-FreeRTOS/10.4.6/Source/stream_buffer.c(811): warning: empty expression statement has no effect; remove unnecessary ';' to silence this warning [-Wextra-semi-stmt]
                configASSERT( pxStreamBuffer->xTaskWaitingToReceive == NULL );
                                                                             ^
D:/keil/ARM/CMSIS-FreeRTOS/10.4.6/Source/stream_buffer.c(854): warning: empty expression statement has no effect; remove unnecessary ';' to silence this warning [-Wextra-semi-stmt]
            sbRECEIVE_COMPLETED( pxStreamBuffer );
                                                 ^
D:/keil/ARM/CMSIS-FreeRTOS/10.4.6/Source/stream_buffer.c(877): warning: empty expression statement has no effect; remove unnecessary ';' to silence this warning [-Wextra-semi-stmt]
    configASSERT( pxStreamBuffer );
                                  ^
D:/keil/ARM/CMSIS-FreeRTOS/10.4.6/Source/stream_buffer.c(898): warning: empty expression statement has no effect; remove unnecessary ';' to silence this warning [-Wextra-semi-stmt]
            configASSERT( xBytesAvailable == 0 );
                                                ^
D:/keil/ARM/CMSIS-FreeRTOS/10.4.6/Source/stream_buffer.c(919): warning: empty expression statement has no effect; remove unnecessary ';' to silence this warning [-Wextra-semi-stmt]
    configASSERT( pvRxData );
                            ^
D:/keil/ARM/CMSIS-FreeRTOS/10.4.6/Source/stream_buffer.c(920): warning: empty expression statement has no effect; remove unnecessary ';' to silence this warning [-Wextra-semi-stmt]
    configASSERT( pxStreamBuffer );
                                  ^
D:/keil/ARM/CMSIS-FreeRTOS/10.4.6/Source/stream_buffer.c(950): warning: empty expression statement has no effect; remove unnecessary ';' to silence this warning [-Wextra-semi-stmt]
            sbRECEIVE_COMPLETED_FROM_ISR( pxStreamBuffer, pxHigherPriorityTaskWoken );
                                                                                     ^
D:/keil/ARM/CMSIS-FreeRTOS/10.4.6/Source/stream_buffer.c(1026): warning: empty expression statement has no effect; remove unnecessary ';' to silence this warning [-Wextra-semi-stmt]
    configASSERT( pxStreamBuffer );
                                  ^
D:/keil/ARM/CMSIS-FreeRTOS/10.4.6/Source/stream_buffer.c(1050): warning: empty expression statement has no effect; remove unnecessary ';' to silence this warning [-Wextra-semi-stmt]
    configASSERT( pxStreamBuffer );
                                  ^
D:/keil/ARM/CMSIS-FreeRTOS/10.4.6/Source/stream_buffer.c(1086): warning: empty expression statement has no effect; remove unnecessary ';' to silence this warning [-Wextra-semi-stmt]
    configASSERT( pxStreamBuffer );
                                  ^
D:/keil/ARM/CMSIS-FreeRTOS/10.4.6/Source/stream_buffer.c(1117): warning: empty expression statement has no effect; remove unnecessary ';' to silence this warning [-Wextra-semi-stmt]
    configASSERT( pxStreamBuffer );
                                  ^
D:/keil/ARM/CMSIS-FreeRTOS/10.4.6/Source/stream_buffer.c(1148): warning: empty expression statement has no effect; remove unnecessary ';' to silence this warning [-Wextra-semi-stmt]
    configASSERT( xCount > ( size_t ) 0 );
                                         ^
D:/keil/ARM/CMSIS-FreeRTOS/10.4.6/Source/stream_buffer.c(1156): warning: empty expression statement has no effect; remove unnecessary ';' to silence this warning [-Wextra-semi-stmt]
    configASSERT( ( xHead + xFirstLength ) <= pxStreamBuffer->xLength );
                                                                       ^
D:/keil/ARM/CMSIS-FreeRTOS/10.4.6/Source/stream_buffer.c(1164): warning: empty expression statement has no effect; remove unnecessary ';' to silence this warning [-Wextra-semi-stmt]
        configASSERT( ( xCount - xFirstLength ) <= pxStreamBuffer->xLength );
                                                                            ^
D:/keil/ARM/CMSIS-FreeRTOS/10.4.6/Source/stream_buffer.c(1194): warning: empty expression statement has no effect; remove unnecessary ';' to silence this warning [-Wextra-semi-stmt]
    configASSERT( xCount != ( size_t ) 0 );
                                          ^
D:/keil/ARM/CMSIS-FreeRTOS/10.4.6/Source/stream_buffer.c(1203): warning: empty expression statement has no effect; remove unnecessary ';' to silence this warning [-Wextra-semi-stmt]
    configASSERT( xFirstLength <= xCount );
                                          ^
D:/keil/ARM/CMSIS-FreeRTOS/10.4.6/Source/stream_buffer.c(1204): warning: empty expression statement has no effect; remove unnecessary ';' to silence this warning [-Wextra-semi-stmt]
    configASSERT( ( xTail + xFirstLength ) <= pxStreamBuffer->xLength );
                                                                       ^
D:/keil/ARM/CMSIS-FreeRTOS/10.4.6/Source/stream_buffer.c(1267): warning: empty expression statement has no effect; remove unnecessary ';' to silence this warning [-Wextra-semi-stmt]
            configASSERT( memset( pucBuffer, ( int ) xWriteValue, xBufferSizeBytes ) == pucBuffer );
                                                                                                   ^
42 warnings generated.
compiling stream_buffer.c...
D:/keil/ARM/CMSIS-FreeRTOS/10.4.6/Source/tasks.c(340): warning: no previous extern declaration for non-static variable 'pxCurrentTCB' [-Wmissing-variable-declarations]
PRIVILEGED_DATA TCB_t * volatile pxCurrentTCB = NULL;
                                 ^
D:/keil/ARM/CMSIS-FreeRTOS/10.4.6/Source/tasks.c(340): note: declare 'static' if the variable is not intended to be used outside of this translation unit
PRIVILEGED_DATA TCB_t * volatile pxCurrentTCB = NULL;
                ^
D:/keil/ARM/CMSIS-FreeRTOS/10.4.6/Source/tasks.c(278): warning: padding struct 'struct tskTaskControlBlock' with 2 bytes to align 'uxTCBNumber' [-Wpadded]
        UBaseType_t uxTCBNumber;  /*< Stores a number that increments each time a TCB is created.  It allows debuggers to determine when a task has been deleted and then recreated. */
                    ^
D:/keil/ARM/CMSIS-FreeRTOS/10.4.6/Source/tasks.c(255): warning: padding size of 'struct tskTaskControlBlock' with 2 bytes to alignment boundary [-Wpadded]
typedef struct tskTaskControlBlock       /* The old naming convention is used to prevent breaking kernel aware debuggers. */
               ^
D:/keil/ARM/CMSIS-FreeRTOS/10.4.6/Source/tasks.c(387): warning: no previous extern declaration for non-static variable 'uxTopUsedPriority' [-Wmissing-variable-declarations]
const volatile UBaseType_t uxTopUsedPriority = configMAX_PRIORITIES - 1U;
                           ^
D:/keil/ARM/CMSIS-FreeRTOS/10.4.6/Source/tasks.c(387): note: declare 'static' if the variable is not intended to be used outside of this translation unit
const volatile UBaseType_t uxTopUsedPriority = configMAX_PRIORITIES - 1U;
               ^
D:/keil/ARM/CMSIS-FreeRTOS/10.4.6/Source/tasks.c(864): warning: empty expression statement has no effect; remove unnecessary ';' to silence this warning [-Wextra-semi-stmt]
            configASSERT( ( ( ( portPOINTER_SIZE_TYPE ) pxTopOfStack & ( portPOINTER_SIZE_TYPE ) portBYTE_ALIGNMENT_MASK ) == 0UL ) );
                                                                                                                                     ^
D:/keil/ARM/CMSIS-FreeRTOS/10.4.6/Source/tasks.c(919): warning: empty expression statement has no effect; remove unnecessary ';' to silence this warning [-Wextra-semi-stmt]
    configASSERT( uxPriority < configMAX_PRIORITIES );
                                                     ^
D:/keil/ARM/CMSIS-FreeRTOS/10.4.6/Source/tasks.c(986): warning: cast from 'volatile unsigned int *' to 'void *' drops volatile qualifier [-Wcast-qual]
            memset( ( void * ) &( pxNewTCB->ulNotifiedValue[ 0 ] ), 0x00, sizeof( pxNewTCB->ulNotifiedValue ) );
                               ^
D:/keil/ARM/CMSIS-FreeRTOS/10.4.6/Source/tasks.c(987): warning: cast from 'volatile unsigned char *' to 'void *' drops volatile qualifier [-Wcast-qual]
            memset( ( void * ) &( pxNewTCB->ucNotifyState[ 0 ] ), 0x00, sizeof( pxNewTCB->ucNotifyState ) );
                               ^
D:/keil/ARM/CMSIS-FreeRTOS/10.4.6/Source/tasks.c(1141): warning: empty expression statement has no effect; remove unnecessary ';' to silence this warning [-Wextra-semi-stmt]
            taskYIELD_IF_USING_PREEMPTION();
                                           ^
D:/keil/ARM/CMSIS-FreeRTOS/10.4.6/Source/tasks.c(1170): warning: empty expression statement has no effect; remove unnecessary ';' to silence this warning [-Wextra-semi-stmt]
                taskRESET_READY_PRIORITY( pxTCB->uxPriority );
                                                             ^
D:/keil/ARM/CMSIS-FreeRTOS/10.4.6/Source/tasks.c(1244): warning: empty expression statement has no effect; remove unnecessary ';' to silence this warning [-Wextra-semi-stmt]
                configASSERT( uxSchedulerSuspended == 0 );
                                                         ^
D:/keil/ARM/CMSIS-FreeRTOS/10.4.6/Source/tasks.c(1245): warning: empty expression statement has no effect; remove unnecessary ';' to silence this warning [-Wextra-semi-stmt]
                portYIELD_WITHIN_API();
                                      ^
D:/keil/ARM/CMSIS-FreeRTOS/10.4.6/Source/tasks.c(1265): warning: empty expression statement has no effect; remove unnecessary ';' to silence this warning [-Wextra-semi-stmt]
        configASSERT( pxPreviousWakeTime );
                                          ^
D:/keil/ARM/CMSIS-FreeRTOS/10.4.6/Source/tasks.c(1266): warning: empty expression statement has no effect; remove unnecessary ';' to silence this warning [-Wextra-semi-stmt]
        configASSERT( ( xTimeIncrement > 0U ) );
                                               ^
D:/keil/ARM/CMSIS-FreeRTOS/10.4.6/Source/tasks.c(1267): warning: empty expression statement has no effect; remove unnecessary ';' to silence this warning [-Wextra-semi-stmt]
        configASSERT( uxSchedulerSuspended == 0 );
                                                 ^
D:/keil/ARM/CMSIS-FreeRTOS/10.4.6/Source/tasks.c(1331): warning: empty expression statement has no effect; remove unnecessary ';' to silence this warning [-Wextra-semi-stmt]
            portYIELD_WITHIN_API();
                                  ^
D:/keil/ARM/CMSIS-FreeRTOS/10.4.6/Source/tasks.c(1353): warning: empty expression statement has no effect; remove unnecessary ';' to silence this warning [-Wextra-semi-stmt]
            configASSERT( uxSchedulerSuspended == 0 );
                                                     ^
D:/keil/ARM/CMSIS-FreeRTOS/10.4.6/Source/tasks.c(1378): warning: empty expression statement has no effect; remove unnecessary ';' to silence this warning [-Wextra-semi-stmt]
            portYIELD_WITHIN_API();
                                  ^
D:/keil/ARM/CMSIS-FreeRTOS/10.4.6/Source/tasks.c(1397): warning: empty expression statement has no effect; remove unnecessary ';' to silence this warning [-Wextra-semi-stmt]
        configASSERT( pxTCB );
                             ^
D:/keil/ARM/CMSIS-FreeRTOS/10.4.6/Source/tasks.c(1557): warning: empty expression statement has no effect; remove unnecessary ';' to silence this warning [-Wextra-semi-stmt]
        configASSERT( uxNewPriority < configMAX_PRIORITIES );
                                                            ^
D:/keil/ARM/CMSIS-FreeRTOS/10.4.6/Source/tasks.c(1696): warning: empty expression statement has no effect; remove unnecessary ';' to silence this warning [-Wextra-semi-stmt]
                    taskYIELD_IF_USING_PREEMPTION();
                                                   ^
D:/keil/ARM/CMSIS-FreeRTOS/10.4.6/Source/tasks.c(1732): warning: empty expression statement has no effect; remove unnecessary ';' to silence this warning [-Wextra-semi-stmt]
                taskRESET_READY_PRIORITY( pxTCB->uxPriority );
                                                             ^
D:/keil/ARM/CMSIS-FreeRTOS/10.4.6/Source/tasks.c(1789): warning: empty expression statement has no effect; remove unnecessary ';' to silence this warning [-Wextra-semi-stmt]
                configASSERT( uxSchedulerSuspended == 0 );
                                                         ^
D:/keil/ARM/CMSIS-FreeRTOS/10.4.6/Source/tasks.c(1790): warning: empty expression statement has no effect; remove unnecessary ';' to silence this warning [-Wextra-semi-stmt]
                portYIELD_WITHIN_API();
                                      ^
D:/keil/ARM/CMSIS-FreeRTOS/10.4.6/Source/tasks.c(1831): warning: empty expression statement has no effect; remove unnecessary ';' to silence this warning [-Wextra-semi-stmt]
        configASSERT( xTask );
                             ^
D:/keil/ARM/CMSIS-FreeRTOS/10.4.6/Source/tasks.c(1873): warning: empty expression statement has no effect; remove unnecessary ';' to silence this warning [-Wextra-semi-stmt]
        configASSERT( xTaskToResume );
                                     ^
D:/keil/ARM/CMSIS-FreeRTOS/10.4.6/Source/tasks.c(1896): warning: empty expression statement has no effect; remove unnecessary ';' to silence this warning [-Wextra-semi-stmt]
                        taskYIELD_IF_USING_PREEMPTION();
                                                       ^
D:/keil/ARM/CMSIS-FreeRTOS/10.4.6/Source/tasks.c(1928): warning: empty expression statement has no effect; remove unnecessary ';' to silence this warning [-Wextra-semi-stmt]
        configASSERT( xTaskToResume );
                                     ^
D:/keil/ARM/CMSIS-FreeRTOS/10.4.6/Source/tasks.c(2112): warning: empty expression statement has no effect; remove unnecessary ';' to silence this warning [-Wextra-semi-stmt]
        configASSERT( xReturn != errCOULD_NOT_ALLOCATE_REQUIRED_MEMORY );
                                                                        ^
D:/keil/ARM/CMSIS-FreeRTOS/10.4.6/Source/tasks.c(2227): warning: empty expression statement has no effect; remove unnecessary ';' to silence this warning [-Wextra-semi-stmt]
    configASSERT( uxSchedulerSuspended );
                                        ^
D:/keil/ARM/CMSIS-FreeRTOS/10.4.6/Source/tasks.c(2247): warning: empty expression statement has no effect; remove unnecessary ';' to silence this warning [-Wextra-semi-stmt]
                    listREMOVE_ITEM( &( pxTCB->xEventListItem ) );
                                                                 ^
D:/keil/ARM/CMSIS-FreeRTOS/10.4.6/Source/tasks.c(2249): warning: empty expression statement has no effect; remove unnecessary ';' to silence this warning [-Wextra-semi-stmt]
                    listREMOVE_ITEM( &( pxTCB->xStateListItem ) );
                                                                 ^
D:/keil/ARM/CMSIS-FreeRTOS/10.4.6/Source/tasks.c(2313): warning: empty expression statement has no effect; remove unnecessary ';' to silence this warning [-Wextra-semi-stmt]
                    taskYIELD_IF_USING_PREEMPTION();
                                                   ^
D:/keil/ARM/CMSIS-FreeRTOS/10.4.6/Source/tasks.c(2393): warning: empty expression statement has no effect; remove unnecessary ';' to silence this warning [-Wextra-semi-stmt]
    configASSERT( pxTCB );
                         ^
D:/keil/ARM/CMSIS-FreeRTOS/10.4.6/Source/tasks.c(2412): warning: empty expression statement has no effect; remove unnecessary ';' to silence this warning [-Wextra-semi-stmt]
            listGET_OWNER_OF_NEXT_ENTRY( pxFirstTCB, pxList ); /*lint !e9079 void * is used as this macro is used with timers and co-routines too.  Alignment is known to be fine as the type of the pointer stored and retrieved is the same. */
                                                             ^
D:/keil/ARM/CMSIS-FreeRTOS/10.4.6/Source/tasks.c(2416): warning: empty expression statement has no effect; remove unnecessary ';' to silence this warning [-Wextra-semi-stmt]
                listGET_OWNER_OF_NEXT_ENTRY( pxNextTCB, pxList ); /*lint !e9079 void * is used as this macro is used with timers and co-routines too.  Alignment is known to be fine as the type of the pointer stored and retrieved is the same. */
                                                                ^
D:/keil/ARM/CMSIS-FreeRTOS/10.4.6/Source/tasks.c(2475): warning: empty expression statement has no effect; remove unnecessary ';' to silence this warning [-Wextra-semi-stmt]
        configASSERT( strlen( pcNameToQuery ) < configMAX_TASK_NAME_LEN );
                                                                         ^
D:/keil/ARM/CMSIS-FreeRTOS/10.4.6/Source/tasks.c(40): warning: In file included from...
D:/keil/ARM/CMSIS-FreeRTOS/10.4.6/Source/include/task.h(160): warning: padding struct 'struct xTASK_STATUS' with 3 bytes to align 'uxCurrentPriority' [-Wpadded]
    UBaseType_t uxCurrentPriority;                /* The priority at which the task was running (may be inherited) when the structure was populated. */
                ^
D:/keil/ARM/CMSIS-FreeRTOS/10.4.6/Source/include/task.h(154): warning: padding size of 'struct xTASK_STATUS' with 2 bytes to alignment boundary [-Wpadded]
typedef struct xTASK_STATUS
               ^
D:/keil/ARM/CMSIS-FreeRTOS/10.4.6/Source/tasks.c(2612): warning: empty expression statement has no effect; remove unnecessary ';' to silence this warning [-Wextra-semi-stmt]
        configASSERT( ( xIdleTaskHandle != NULL ) );
                                                   ^
D:/keil/ARM/CMSIS-FreeRTOS/10.4.6/Source/tasks.c(2630): warning: empty expression statement has no effect; remove unnecessary ';' to silence this warning [-Wextra-semi-stmt]
        configASSERT( ( xTickCount + xTicksToJump ) <= xNextTaskUnblockTime );
                                                                             ^
D:/keil/ARM/CMSIS-FreeRTOS/10.4.6/Source/tasks.c(2644): warning: empty expression statement has no effect; remove unnecessary ';' to silence this warning [-Wextra-semi-stmt]
    configASSERT( uxSchedulerSuspended == 0 );
                                             ^
D:/keil/ARM/CMSIS-FreeRTOS/10.4.6/Source/tasks.c(2663): warning: empty expression statement has no effect; remove unnecessary ';' to silence this warning [-Wextra-semi-stmt]
        configASSERT( pxTCB );
                             ^
D:/keil/ARM/CMSIS-FreeRTOS/10.4.6/Source/tasks.c(2759): warning: empty expression statement has no effect; remove unnecessary ';' to silence this warning [-Wextra-semi-stmt]
            taskSWITCH_DELAYED_LISTS();
                                      ^
D:/keil/ARM/CMSIS-FreeRTOS/10.4.6/Source/tasks.c(2809): warning: empty expression statement has no effect; remove unnecessary ';' to silence this warning [-Wextra-semi-stmt]
                    listREMOVE_ITEM( &( pxTCB->xStateListItem ) );
                                                                 ^
D:/keil/ARM/CMSIS-FreeRTOS/10.4.6/Source/tasks.c(2815): warning: empty expression statement has no effect; remove unnecessary ';' to silence this warning [-Wextra-semi-stmt]
                        listREMOVE_ITEM( &( pxTCB->xEventListItem ) );
                                                                     ^
D:/keil/ARM/CMSIS-FreeRTOS/10.4.6/Source/tasks.c(3074): warning: empty expression statement has no effect; remove unnecessary ';' to silence this warning [-Wextra-semi-stmt]
        taskSELECT_HIGHEST_PRIORITY_TASK(); /*lint !e9079 void * is used as this macro is used with timers and co-routines too.  Alignment is known to be fine as the type of the pointer stored and retrieved is the same. */
                                          ^
D:/keil/ARM/CMSIS-FreeRTOS/10.4.6/Source/tasks.c(3100): warning: empty expression statement has no effect; remove unnecessary ';' to silence this warning [-Wextra-semi-stmt]
    configASSERT( pxEventList );
                               ^
D:/keil/ARM/CMSIS-FreeRTOS/10.4.6/Source/tasks.c(3126): warning: empty expression statement has no effect; remove unnecessary ';' to silence this warning [-Wextra-semi-stmt]
    configASSERT( pxEventList );
                               ^
D:/keil/ARM/CMSIS-FreeRTOS/10.4.6/Source/tasks.c(3130): warning: empty expression statement has no effect; remove unnecessary ';' to silence this warning [-Wextra-semi-stmt]
    configASSERT( uxSchedulerSuspended != 0 );
                                             ^
D:/keil/ARM/CMSIS-FreeRTOS/10.4.6/Source/tasks.c(3142): warning: empty expression statement has no effect; remove unnecessary ';' to silence this warning [-Wextra-semi-stmt]
    listINSERT_END( pxEventList, &( pxCurrentTCB->xEventListItem ) );
                                                                    ^
D:/keil/ARM/CMSIS-FreeRTOS/10.4.6/Source/tasks.c(3154): warning: empty expression statement has no effect; remove unnecessary ';' to silence this warning [-Wextra-semi-stmt]
        configASSERT( pxEventList );
                                   ^
D:/keil/ARM/CMSIS-FreeRTOS/10.4.6/Source/tasks.c(3166): warning: empty expression statement has no effect; remove unnecessary ';' to silence this warning [-Wextra-semi-stmt]
        listINSERT_END( pxEventList, &( pxCurrentTCB->xEventListItem ) );
                                                                        ^
D:/keil/ARM/CMSIS-FreeRTOS/10.4.6/Source/tasks.c(3202): warning: empty expression statement has no effect; remove unnecessary ';' to silence this warning [-Wextra-semi-stmt]
    configASSERT( pxUnblockedTCB );
                                  ^
D:/keil/ARM/CMSIS-FreeRTOS/10.4.6/Source/tasks.c(3203): warning: empty expression statement has no effect; remove unnecessary ';' to silence this warning [-Wextra-semi-stmt]
    listREMOVE_ITEM( &( pxUnblockedTCB->xEventListItem ) );
                                                          ^
D:/keil/ARM/CMSIS-FreeRTOS/10.4.6/Source/tasks.c(3207): warning: empty expression statement has no effect; remove unnecessary ';' to silence this warning [-Wextra-semi-stmt]
        listREMOVE_ITEM( &( pxUnblockedTCB->xStateListItem ) );
                                                              ^
D:/keil/ARM/CMSIS-FreeRTOS/10.4.6/Source/tasks.c(3228): warning: empty expression statement has no effect; remove unnecessary ';' to silence this warning [-Wextra-semi-stmt]
        listINSERT_END( &( xPendingReadyList ), &( pxUnblockedTCB->xEventListItem ) );
                                                                                     ^
D:/keil/ARM/CMSIS-FreeRTOS/10.4.6/Source/tasks.c(3258): warning: empty expression statement has no effect; remove unnecessary ';' to silence this warning [-Wextra-semi-stmt]
    configASSERT( uxSchedulerSuspended != pdFALSE );
                                                   ^
D:/keil/ARM/CMSIS-FreeRTOS/10.4.6/Source/tasks.c(3266): warning: empty expression statement has no effect; remove unnecessary ';' to silence this warning [-Wextra-semi-stmt]
    configASSERT( pxUnblockedTCB );
                                  ^
D:/keil/ARM/CMSIS-FreeRTOS/10.4.6/Source/tasks.c(3267): warning: empty expression statement has no effect; remove unnecessary ';' to silence this warning [-Wextra-semi-stmt]
    listREMOVE_ITEM( pxEventListItem );
                                      ^
D:/keil/ARM/CMSIS-FreeRTOS/10.4.6/Source/tasks.c(3286): warning: empty expression statement has no effect; remove unnecessary ';' to silence this warning [-Wextra-semi-stmt]
    listREMOVE_ITEM( &( pxUnblockedTCB->xStateListItem ) );
                                                          ^
D:/keil/ARM/CMSIS-FreeRTOS/10.4.6/Source/tasks.c(3302): warning: empty expression statement has no effect; remove unnecessary ';' to silence this warning [-Wextra-semi-stmt]
    configASSERT( pxTimeOut );
                             ^
D:/keil/ARM/CMSIS-FreeRTOS/10.4.6/Source/tasks.c(3325): warning: empty expression statement has no effect; remove unnecessary ';' to silence this warning [-Wextra-semi-stmt]
    configASSERT( pxTimeOut );
                             ^
D:/keil/ARM/CMSIS-FreeRTOS/10.4.6/Source/tasks.c(3326): warning: empty expression statement has no effect; remove unnecessary ';' to silence this warning [-Wextra-semi-stmt]
    configASSERT( pxTicksToWait );
                                 ^
D:/keil/ARM/CMSIS-FreeRTOS/10.4.6/Source/tasks.c(3483): warning: empty expression statement has no effect; remove unnecessary ';' to silence this warning [-Wextra-semi-stmt]
                    taskYIELD();
                               ^
D:/keil/ARM/CMSIS-FreeRTOS/10.4.6/Source/tasks.c(3527): warning: empty expression statement has no effect; remove unnecessary ';' to silence this warning [-Wextra-semi-stmt]
                        configASSERT( xNextTaskUnblockTime >= xTickCount );
                                                                          ^
D:/keil/ARM/CMSIS-FreeRTOS/10.4.6/Source/tasks.c(3442): warning: function 'prvIdleTask' could be declared with attribute 'noreturn' [-Wmissing-noreturn]
{
^
D:/keil/ARM/CMSIS-FreeRTOS/10.4.6/Source/tasks.c(3836): warning: empty expression statement has no effect; remove unnecessary ';' to silence this warning [-Wextra-semi-stmt]
            listGET_OWNER_OF_NEXT_ENTRY( pxFirstTCB, pxList ); /*lint !e9079 void * is used as this macro is used with timers and co-routines too.  Alignment is known to be fine as the type of the pointer stored and retrieved is the same. */
                                                             ^
D:/keil/ARM/CMSIS-FreeRTOS/10.4.6/Source/tasks.c(3844): warning: empty expression statement has no effect; remove unnecessary ';' to silence this warning [-Wextra-semi-stmt]
                listGET_OWNER_OF_NEXT_ENTRY( pxNextTCB, pxList ); /*lint !e9079 void * is used as this macro is used with timers and co-routines too.  Alignment is known to be fine as the type of the pointer stored and retrieved is the same. */
                                                                ^
D:/keil/ARM/CMSIS-FreeRTOS/10.4.6/Source/tasks.c(4175): warning: empty expression statement has no effect; remove unnecessary ';' to silence this warning [-Wextra-semi-stmt]
            configASSERT( pxTCB == pxCurrentTCB );
                                                 ^
D:/keil/ARM/CMSIS-FreeRTOS/10.4.6/Source/tasks.c(4176): warning: empty expression statement has no effect; remove unnecessary ';' to silence this warning [-Wextra-semi-stmt]
            configASSERT( pxTCB->uxMutexesHeld );
                                                ^
D:/keil/ARM/CMSIS-FreeRTOS/10.4.6/Source/tasks.c(4255): warning: empty expression statement has no effect; remove unnecessary ';' to silence this warning [-Wextra-semi-stmt]
            configASSERT( pxTCB->uxMutexesHeld );
                                                ^
D:/keil/ARM/CMSIS-FreeRTOS/10.4.6/Source/tasks.c(4282): warning: empty expression statement has no effect; remove unnecessary ';' to silence this warning [-Wextra-semi-stmt]
                    configASSERT( pxTCB != pxCurrentTCB );
                                                         ^
D:/keil/ARM/CMSIS-FreeRTOS/10.4.6/Source/tasks.c(4710): warning: empty expression statement has no effect; remove unnecessary ';' to silence this warning [-Wextra-semi-stmt]
        configASSERT( uxIndexToWait < configTASK_NOTIFICATION_ARRAY_ENTRIES );
                                                                             ^
D:/keil/ARM/CMSIS-FreeRTOS/10.4.6/Source/tasks.c(4729): warning: empty expression statement has no effect; remove unnecessary ';' to silence this warning [-Wextra-semi-stmt]
                    portYIELD_WITHIN_API();
                                          ^
D:/keil/ARM/CMSIS-FreeRTOS/10.4.6/Source/tasks.c(4784): warning: empty expression statement has no effect; remove unnecessary ';' to silence this warning [-Wextra-semi-stmt]
        configASSERT( uxIndexToWait < configTASK_NOTIFICATION_ARRAY_ENTRIES );
                                                                             ^
D:/keil/ARM/CMSIS-FreeRTOS/10.4.6/Source/tasks.c(4808): warning: empty expression statement has no effect; remove unnecessary ';' to silence this warning [-Wextra-semi-stmt]
                    portYIELD_WITHIN_API();
                                          ^
D:/keil/ARM/CMSIS-FreeRTOS/10.4.6/Source/tasks.c(4872): warning: empty expression statement has no effect; remove unnecessary ';' to silence this warning [-Wextra-semi-stmt]
        configASSERT( uxIndexToNotify < configTASK_NOTIFICATION_ARRAY_ENTRIES );
                                                                               ^
D:/keil/ARM/CMSIS-FreeRTOS/10.4.6/Source/tasks.c(4873): warning: empty expression statement has no effect; remove unnecessary ';' to silence this warning [-Wextra-semi-stmt]
        configASSERT( xTaskToNotify );
                                     ^
D:/keil/ARM/CMSIS-FreeRTOS/10.4.6/Source/tasks.c(4926): warning: empty expression statement has no effect; remove unnecessary ';' to silence this warning [-Wextra-semi-stmt]
                    configASSERT( xTickCount == ( TickType_t ) 0 );
                                                                  ^
D:/keil/ARM/CMSIS-FreeRTOS/10.4.6/Source/tasks.c(4921): warning: default label in switch which covers all enumeration values [-Wcovered-switch-default]
                default:
                ^
D:/keil/ARM/CMSIS-FreeRTOS/10.4.6/Source/tasks.c(4937): warning: empty expression statement has no effect; remove unnecessary ';' to silence this warning [-Wextra-semi-stmt]
                listREMOVE_ITEM( &( pxTCB->xStateListItem ) );
                                                             ^
D:/keil/ARM/CMSIS-FreeRTOS/10.4.6/Source/tasks.c(4941): warning: empty expression statement has no effect; remove unnecessary ';' to silence this warning [-Wextra-semi-stmt]
                configASSERT( listLIST_ITEM_CONTAINER( &( pxTCB->xEventListItem ) ) == NULL );
                                                                                             ^
D:/keil/ARM/CMSIS-FreeRTOS/10.4.6/Source/tasks.c(4963): warning: empty expression statement has no effect; remove unnecessary ';' to silence this warning [-Wextra-semi-stmt]
                    taskYIELD_IF_USING_PREEMPTION();
                                                   ^
D:/keil/ARM/CMSIS-FreeRTOS/10.4.6/Source/tasks.c(4997): warning: empty expression statement has no effect; remove unnecessary ';' to silence this warning [-Wextra-semi-stmt]
        configASSERT( xTaskToNotify );
                                     ^
D:/keil/ARM/CMSIS-FreeRTOS/10.4.6/Source/tasks.c(4998): warning: empty expression statement has no effect; remove unnecessary ';' to silence this warning [-Wextra-semi-stmt]
        configASSERT( uxIndexToNotify < configTASK_NOTIFICATION_ARRAY_ENTRIES );
                                                                               ^
D:/keil/ARM/CMSIS-FreeRTOS/10.4.6/Source/tasks.c(5069): warning: empty expression statement has no effect; remove unnecessary ';' to silence this warning [-Wextra-semi-stmt]
                    configASSERT( xTickCount == ( TickType_t ) 0 );
                                                                  ^
D:/keil/ARM/CMSIS-FreeRTOS/10.4.6/Source/tasks.c(5064): warning: default label in switch which covers all enumeration values [-Wcovered-switch-default]
                default:
                ^
D:/keil/ARM/CMSIS-FreeRTOS/10.4.6/Source/tasks.c(5080): warning: empty expression statement has no effect; remove unnecessary ';' to silence this warning [-Wextra-semi-stmt]
                configASSERT( listLIST_ITEM_CONTAINER( &( pxTCB->xEventListItem ) ) == NULL );
                                                                                             ^
D:/keil/ARM/CMSIS-FreeRTOS/10.4.6/Source/tasks.c(5084): warning: empty expression statement has no effect; remove unnecessary ';' to silence this warning [-Wextra-semi-stmt]
                    listREMOVE_ITEM( &( pxTCB->xStateListItem ) );
                                                                 ^
D:/keil/ARM/CMSIS-FreeRTOS/10.4.6/Source/tasks.c(5091): warning: empty expression statement has no effect; remove unnecessary ';' to silence this warning [-Wextra-semi-stmt]
                    listINSERT_END( &( xPendingReadyList ), &( pxTCB->xEventListItem ) );
                                                                                        ^
D:/keil/ARM/CMSIS-FreeRTOS/10.4.6/Source/tasks.c(5132): warning: empty expression statement has no effect; remove unnecessary ';' to silence this warning [-Wextra-semi-stmt]
        configASSERT( xTaskToNotify );
                                     ^
D:/keil/ARM/CMSIS-FreeRTOS/10.4.6/Source/tasks.c(5133): warning: empty expression statement has no effect; remove unnecessary ';' to silence this warning [-Wextra-semi-stmt]
        configASSERT( uxIndexToNotify < configTASK_NOTIFICATION_ARRAY_ENTRIES );
                                                                               ^
D:/keil/ARM/CMSIS-FreeRTOS/10.4.6/Source/tasks.c(5171): warning: empty expression statement has no effect; remove unnecessary ';' to silence this warning [-Wextra-semi-stmt]
                configASSERT( listLIST_ITEM_CONTAINER( &( pxTCB->xEventListItem ) ) == NULL );
                                                                                             ^
D:/keil/ARM/CMSIS-FreeRTOS/10.4.6/Source/tasks.c(5175): warning: empty expression statement has no effect; remove unnecessary ';' to silence this warning [-Wextra-semi-stmt]
                    listREMOVE_ITEM( &( pxTCB->xStateListItem ) );
                                                                 ^
D:/keil/ARM/CMSIS-FreeRTOS/10.4.6/Source/tasks.c(5182): warning: empty expression statement has no effect; remove unnecessary ';' to silence this warning [-Wextra-semi-stmt]
                    listINSERT_END( &( xPendingReadyList ), &( pxTCB->xEventListItem ) );
                                                                                        ^
D:/keil/ARM/CMSIS-FreeRTOS/10.4.6/Source/tasks.c(5219): warning: empty expression statement has no effect; remove unnecessary ';' to silence this warning [-Wextra-semi-stmt]
        configASSERT( uxIndexToClear < configTASK_NOTIFICATION_ARRAY_ENTRIES );
                                                                              ^
D:/keil/ARM/CMSIS-FreeRTOS/10.4.6/Source/tasks.c(5345): warning: empty expression statement has no effect; remove unnecessary ';' to silence this warning [-Wextra-semi-stmt]
                listINSERT_END( &xSuspendedTaskList, &( pxCurrentTCB->xStateListItem ) );
                                                                                        ^
98 warnings generated.
compiling tasks.c...
D:/keil/ARM/CMSIS-FreeRTOS/10.4.6/Source/timers.c(281): warning: empty expression statement has no effect; remove unnecessary ';' to silence this warning [-Wextra-semi-stmt]
        configASSERT( xReturn );
                               ^
D:/keil/ARM/CMSIS-FreeRTOS/10.4.6/Source/timers.c(75): warning: padding size of 'struct tmrTimerControl' with 3 bytes to alignment boundary [-Wpadded]
    typedef struct tmrTimerControl                  /* The old naming convention is used to prevent breaking kernel aware debuggers. */
                   ^
D:/keil/ARM/CMSIS-FreeRTOS/10.4.6/Source/timers.c(363): warning: empty expression statement has no effect; remove unnecessary ';' to silence this warning [-Wextra-semi-stmt]
        configASSERT( ( xTimerPeriodInTicks > 0 ) );
                                                   ^
D:/keil/ARM/CMSIS-FreeRTOS/10.4.6/Source/timers.c(395): warning: empty expression statement has no effect; remove unnecessary ';' to silence this warning [-Wextra-semi-stmt]
        configASSERT( xTimer );
                              ^
D:/keil/ARM/CMSIS-FreeRTOS/10.4.6/Source/timers.c(422): warning: implicit conversion changes signedness: 'BaseType_t' (aka 'long') to 'uint32_t' (aka 'unsigned int') [-Wsign-conversion]
            traceTIMER_COMMAND_SEND( xTimer, xCommandID, xOptionalValue, xReturn );
            ~~~~~~~~~~~~~~~~~~~~~~~~~~~~~~~~~~~~~~~~~~~~~~~~~~~~~~~~~~~~~^~~~~~~~~
D:/keil/ARM/CMSIS-FreeRTOS/10.4.6/CMSIS/RTOS2/FreeRTOS/Include\freertos_evr.h(830): note: expanded from macro 'traceTIMER_COMMAND_SEND'
  #define traceTIMER_COMMAND_SEND(pxT,xC,xO,xR)       EvrFreeRTOSTimers_TimerCommandSend(pxT,xC,xO,xR)
                                                      ~~~~~~~~~~~~~~~~~~~~~~~~~~~~~~~~~~           ^~
D:/keil/ARM/CMSIS-FreeRTOS/10.4.6/Source/timers.c(422): warning: implicit conversion changes signedness: 'const BaseType_t' (aka 'const long') to 'uint32_t' (aka 'unsigned int') [-Wsign-conversion]
            traceTIMER_COMMAND_SEND( xTimer, xCommandID, xOptionalValue, xReturn );
            ~~~~~~~~~~~~~~~~~~~~~~~~~~~~~~~~~^~~~~~~~~~~~~~~~~~~~~~~~~~~~~~~~~~~~~
D:/keil/ARM/CMSIS-FreeRTOS/10.4.6/CMSIS/RTOS2/FreeRTOS/Include\freertos_evr.h(830): note: expanded from macro 'traceTIMER_COMMAND_SEND'
  #define traceTIMER_COMMAND_SEND(pxT,xC,xO,xR)       EvrFreeRTOSTimers_TimerCommandSend(pxT,xC,xO,xR)
                                                      ~~~~~~~~~~~~~~~~~~~~~~~~~~~~~~~~~~     ^~
D:/keil/ARM/CMSIS-FreeRTOS/10.4.6/Source/timers.c(437): warning: empty expression statement has no effect; remove unnecessary ';' to silence this warning [-Wextra-semi-stmt]
        configASSERT( ( xTimerTaskHandle != NULL ) );
                                                    ^
D:/keil/ARM/CMSIS-FreeRTOS/10.4.6/Source/timers.c(446): warning: empty expression statement has no effect; remove unnecessary ';' to silence this warning [-Wextra-semi-stmt]
        configASSERT( xTimer );
                              ^
D:/keil/ARM/CMSIS-FreeRTOS/10.4.6/Source/timers.c(456): warning: empty expression statement has no effect; remove unnecessary ';' to silence this warning [-Wextra-semi-stmt]
        configASSERT( xTimer );
                              ^
D:/keil/ARM/CMSIS-FreeRTOS/10.4.6/Source/timers.c(477): warning: empty expression statement has no effect; remove unnecessary ';' to silence this warning [-Wextra-semi-stmt]
        configASSERT( xTimer );
                              ^
D:/keil/ARM/CMSIS-FreeRTOS/10.4.6/Source/timers.c(502): warning: empty expression statement has no effect; remove unnecessary ';' to silence this warning [-Wextra-semi-stmt]
        configASSERT( xTimer );
                              ^
D:/keil/ARM/CMSIS-FreeRTOS/10.4.6/Source/timers.c(512): warning: empty expression statement has no effect; remove unnecessary ';' to silence this warning [-Wextra-semi-stmt]
        configASSERT( xTimer );
                              ^
D:/keil/ARM/CMSIS-FreeRTOS/10.4.6/Source/timers.c(564): warning: function 'prvTimerTask' could be declared with attribute 'noreturn' [-Wmissing-noreturn]
    {
    ^
D:/keil/ARM/CMSIS-FreeRTOS/10.4.6/Source/timers.c(645): warning: empty expression statement has no effect; remove unnecessary ';' to silence this warning [-Wextra-semi-stmt]
                        portYIELD_WITHIN_API();
                                              ^
D:/keil/ARM/CMSIS-FreeRTOS/10.4.6/Source/timers.c(774): warning: empty expression statement has no effect; remove unnecessary ';' to silence this warning [-Wextra-semi-stmt]
                        configASSERT( pxCallback );
                                                  ^
D:/keil/ARM/CMSIS-FreeRTOS/10.4.6/Source/timers.c(804): warning: implicit conversion changes signedness: 'BaseType_t' (aka 'long') to 'uint32_t' (aka 'unsigned int') [-Wsign-conversion]
                traceTIMER_COMMAND_RECEIVED( pxTimer, xMessage.xMessageID, xMessage.u.xTimerParameters.xMessageValue );
                ~~~~~~~~~~~~~~~~~~~~~~~~~~~~~~~~~~~~~~~~~~~~~~~^~~~~~~~~~~~~~~~~~~~~~~~~~~~~~~~~~~~~~~~~~~~~~~~~~~~~~~
D:/keil/ARM/CMSIS-FreeRTOS/10.4.6/CMSIS/RTOS2/FreeRTOS/Include\freertos_evr.h(834): note: expanded from macro 'traceTIMER_COMMAND_RECEIVED'
  #define traceTIMER_COMMAND_RECEIVED(px,xC,xO)       EvrFreeRTOSTimers_TimerCommandReceived(px,xC,xO)
                                                      ~~~~~~~~~~~~~~~~~~~~~~~~~~~~~~~~~~~~~~    ^~
D:/keil/ARM/CMSIS-FreeRTOS/10.4.6/Source/timers.c(857): warning: empty expression statement has no effect; remove unnecessary ';' to silence this warning [-Wextra-semi-stmt]
                        configASSERT( ( pxTimer->xTimerPeriodInTicks > 0 ) );
                                                                            ^
D:/keil/ARM/CMSIS-FreeRTOS/10.4.6/Source/timers.c(984): warning: empty expression statement has no effect; remove unnecessary ';' to silence this warning [-Wextra-semi-stmt]
        configASSERT( xTimer );
                              ^
D:/keil/ARM/CMSIS-FreeRTOS/10.4.6/Source/timers.c(1009): warning: empty expression statement has no effect; remove unnecessary ';' to silence this warning [-Wextra-semi-stmt]
        configASSERT( xTimer );
                              ^
D:/keil/ARM/CMSIS-FreeRTOS/10.4.6/Source/timers.c(1026): warning: empty expression statement has no effect; remove unnecessary ';' to silence this warning [-Wextra-semi-stmt]
        configASSERT( xTimer );
                              ^
D:/keil/ARM/CMSIS-FreeRTOS/10.4.6/Source/timers.c(1055): warning: passing 'PendedFunction_t' (aka 'void (*)(void *, unsigned int)') to parameter of type 'void *' converts between void pointer and function pointer [-Wpedantic]
            tracePEND_FUNC_CALL_FROM_ISR( xFunctionToPend, pvParameter1, ulParameter2, xReturn );
                                          ^~~~~~~~~~~~~~~
D:/keil/ARM/CMSIS-FreeRTOS/10.4.6/CMSIS/RTOS2/FreeRTOS/Include\freertos_evr.h(846): note: expanded from macro 'tracePEND_FUNC_CALL_FROM_ISR'
  #define tracePEND_FUNC_CALL_FROM_ISR(px,pv,ul,x)    EvrFreeRTOSTimers_PendFuncCallFromIsr(px,pv,ul,x)
                                                                                            ^~
D:/keil/ARM/CMSIS-FreeRTOS/10.4.6/CMSIS/RTOS2/FreeRTOS/Include\freertos_evr.h(427): note: passing argument to parameter 'pxFunctionToPend' here
extern void EvrFreeRTOSTimers_PendFuncCallFromIsr (PendedFunction_t pxFunctionToPend, void *pvParameter1, uint32_t ulParameter2, uint32_t xReturn);
                                                                    ^
D:/keil/ARM/CMSIS-FreeRTOS/10.4.6/Source/timers.c(1055): warning: implicit conversion changes signedness: 'BaseType_t' (aka 'long') to 'uint32_t' (aka 'unsigned int') [-Wsign-conversion]
            tracePEND_FUNC_CALL_FROM_ISR( xFunctionToPend, pvParameter1, ulParameter2, xReturn );
            ~~~~~~~~~~~~~~~~~~~~~~~~~~~~~~~~~~~~~~~~~~~~~~~~~~~~~~~~~~~~~~~~~~~~~~~~~~~^~~~~~~~~
D:/keil/ARM/CMSIS-FreeRTOS/10.4.6/CMSIS/RTOS2/FreeRTOS/Include\freertos_evr.h(846): note: expanded from macro 'tracePEND_FUNC_CALL_FROM_ISR'
  #define tracePEND_FUNC_CALL_FROM_ISR(px,pv,ul,x)    EvrFreeRTOSTimers_PendFuncCallFromIsr(px,pv,ul,x)
                                                      ~~~~~~~~~~~~~~~~~~~~~~~~~~~~~~~~~~~~~          ^
D:/keil/ARM/CMSIS-FreeRTOS/10.4.6/Source/timers.c(1076): warning: empty expression statement has no effect; remove unnecessary ';' to silence this warning [-Wextra-semi-stmt]
            configASSERT( xTimerQueue );
                                       ^
D:/keil/ARM/CMSIS-FreeRTOS/10.4.6/Source/timers.c(1087): warning: passing 'PendedFunction_t' (aka 'void (*)(void *, unsigned int)') to parameter of type 'void *' converts between void pointer and function pointer [-Wpedantic]
            tracePEND_FUNC_CALL( xFunctionToPend, pvParameter1, ulParameter2, xReturn );
                                 ^~~~~~~~~~~~~~~
D:/keil/ARM/CMSIS-FreeRTOS/10.4.6/CMSIS/RTOS2/FreeRTOS/Include\freertos_evr.h(842): note: expanded from macro 'tracePEND_FUNC_CALL'
  #define tracePEND_FUNC_CALL(px,pv,ul,x)             EvrFreeRTOSTimers_PendFuncCall(px,pv,ul,x)
                                                                                     ^~
D:/keil/ARM/CMSIS-FreeRTOS/10.4.6/CMSIS/RTOS2/FreeRTOS/Include\freertos_evr.h(418): note: passing argument to parameter 'pxFunctionToPend' here
extern void EvrFreeRTOSTimers_PendFuncCall (PendedFunction_t pxFunctionToPend, void *pvParameter1, uint32_t ulParameter2, uint32_t xReturn);
                                                             ^
D:/keil/ARM/CMSIS-FreeRTOS/10.4.6/Source/timers.c(1087): warning: implicit conversion changes signedness: 'BaseType_t' (aka 'long') to 'uint32_t' (aka 'unsigned int') [-Wsign-conversion]
            tracePEND_FUNC_CALL( xFunctionToPend, pvParameter1, ulParameter2, xReturn );
            ~~~~~~~~~~~~~~~~~~~~~~~~~~~~~~~~~~~~~~~~~~~~~~~~~~~~~~~~~~~~~~~~~~^~~~~~~~~
D:/keil/ARM/CMSIS-FreeRTOS/10.4.6/CMSIS/RTOS2/FreeRTOS/Include\freertos_evr.h(842): note: expanded from macro 'tracePEND_FUNC_CALL'
  #define tracePEND_FUNC_CALL(px,pv,ul,x)             EvrFreeRTOSTimers_PendFuncCall(px,pv,ul,x)
                                                      ~~~~~~~~~~~~~~~~~~~~~~~~~~~~~~          ^
25 warnings generated.
compiling timers.c...
linking...
Program Size: Code=11632 RO-data=684 RW-data=8 ZI-data=12192  
".\Objects\jjhuj.axf" - 0 Error(s), 339 Warning(s).

<h2>Software Packages used:</h2>

Package Vendor: ARM
                http://www.keil.com/pack/ARM.CMSIS.5.8.0.pack
                ARM.CMSIS.5.8.0
                CMSIS (Common Microcontroller Software Interface Standard)
   * Component: CORE Version: 5.5.0

Package Vendor: ARM
                http://www.keil.com/pack/ARM.CMSIS-FreeRTOS.10.4.6.pack
                ARM.CMSIS-FreeRTOS.10.4.6
                Bundle of FreeRTOS for Cortex-M and Cortex-A
   * Component: Config Variant: FreeRTOS Version: 10.4.6
   * Component: Core Variant: Cortex-M Version: 10.4.6
   * Component: Heap Variant: Heap_1 Version: 10.4.6
   * Component: Message Buffer Version: 10.4.6
   * Component: Stream Buffer Version: 10.4.6
   * Component: Timers Version: 10.4.6

Package Vendor: Keil
                http://www.keil.com/pack/Keil.ARM_Compiler.1.7.0.pack
                Keil.ARM_Compiler.1.7.0
                Keil ARM Compiler extensions for ARM Compiler 5 and ARM Compiler 6
   * Component: Event Recorder Variant: DAP Version: 1.5.0

Package Vendor: Keil
                http://www.keil.com/pack/Keil.TM4C_DFP.1.1.0.pack
                Keil.TM4C_DFP.1.1.0
                Texas Instruments Tiva C Series Device Support and Examples
   * Component: Startup Version: 1.0.1

<h2>Collection of Component include folders:</h2>
  .\RTE\Compiler
  .\RTE\RTOS
  .\RTE\_Target_1
  D:\keil\ARM\CMSIS-FreeRTOS\10.4.6\CMSIS\RTOS2\FreeRTOS\Include
  D:\keil\ARM\CMSIS-FreeRTOS\10.4.6\Source\include
  D:\keil\ARM\CMSIS-FreeRTOS\10.4.6\Source\portable\GCC\ARM_CM4F
  D:\keil\ARM\CMSIS\5.8.0\CMSIS\Core\Include
  D:\keil\Keil\ARM_Compiler\1.7.0\Include
  D:\keil\Keil\TM4C_DFP\1.1.0\Device\Include\TM4C123

<h2>Collection of Component Files used:</h2>

   * Component: ARM.FreeRTOS::RTOS:Config:FreeRTOS:10.4.6
      Include file:  Config\ARMCM\FreeRTOSConfig.h

   * Component: ARM.FreeRTOS::RTOS:Core:Cortex-M:10.4.6
      Include file:  Source\include\FreeRTOS.h
      Include file:  Source\include\task.h
      Source file:   Source\list.c
      Source file:   Source\tasks.c
      Include file:  Source\include\semphr.h
      Source file:   Source\queue.c
      Include file:  Source\include\queue.h
      Source file:   Source\portable\GCC\ARM_CM4F\port.c
      Source file:   CMSIS\RTOS2\FreeRTOS\Source\freertos_evr.c

   * Component: ARM.FreeRTOS::RTOS:Heap:Heap_1:10.4.6
      Source file:   Source\portable\MemMang\heap_1.c

   * Component: ARM.FreeRTOS::RTOS:Message Buffer:10.4.6
      Source file:   Source\stream_buffer.c
      Include file:  Source\include\message_buffer.h

   * Component: ARM.FreeRTOS::RTOS:Stream Buffer:10.4.6
      Source file:   Source\stream_buffer.c
      Include file:  Source\include\stream_buffer.h

   * Component: ARM.FreeRTOS::RTOS:Timers:10.4.6
      Source file:   Source\timers.c
      Include file:  Source\include\timers.h

   * Component: ARM::CMSIS:CORE:5.5.0

   * Component: Keil.ARM Compiler::Compiler:Event Recorder:DAP:1.5.0
      Include file:  Config\EventRecorderConf.h
      Source file:   Source\EventRecorder.c
      Include file:  Include\EventRecorder.h

   * Component: Keil::Device:Startup:1.0.1
      Source file:   Device\Source\ARM\startup_TM4C123.s
      Source file:   Device\Source\system_TM4C123.c
      Include file:  Device\Include\TM4C123\TM4C123.h
Build Time Elapsed:  00:00:16
</pre>
</body>
</html>
